{"context":"Mongoose","level":"info","message":"MongoDB connected","timestamp":"2026-07-12T16:47:20.061Z"}
{"context":"Bootstrap","level":"info","message":"Server running on http://localhost:3000 in development environment","timestamp":"2026-07-12T16:47:20.209Z"}
{"context":"Bootstrap","level":"info","message":"Swagger docs available at http://localhost:3000/api-docs","timestamp":"2026-07-12T16:47:20.211Z"}
{"context":"Mongoose","level":"info","message":"MongoDB connected","timestamp":"2026-07-12T16:52:18.588Z"}
{"context":"Bootstrap","level":"info","message":"Server running on http://localhost:3000 in development environment","timestamp":"2026-07-12T16:52:18.624Z"}
{"context":"Bootstrap","level":"info","message":"Swagger docs available at http://localhost:3000/api-docs","timestamp":"2026-07-12T16:52:18.625Z"}
{"context":"Mongoose","level":"info","message":"MongoDB connected","timestamp":"2026-07-12T16:54:04.323Z"}
{"context":"Bootstrap","level":"info","message":"Server running on http://localhost:3000 in development environment","timestamp":"2026-07-12T16:54:04.374Z"}
{"context":"Bootstrap","level":"info","message":"Swagger docs available at http://localhost:3000/api-docs","timestamp":"2026-07-12T16:54:04.409Z"}
{"context":"Mongoose","level":"info","message":"MongoDB connected","timestamp":"2026-07-12T16:55:51.245Z"}
{"context":"Bootstrap","level":"info","message":"Server running on http://localhost:3000 in development environment","timestamp":"2026-07-12T16:55:51.269Z"}
{"context":"Bootstrap","level":"info","message":"Swagger docs available at http://localhost:3000/api-docs","timestamp":"2026-07-12T16:55:51.270Z"}
{"context":"Mongoose","level":"info","message":"MongoDB connected","timestamp":"2026-07-12T17:01:49.181Z"}
{"context":"Mongoose","level":"error","message":"Could not connect to any servers in your MongoDB Atlas cluster. One common reason is that you're trying to access the database from an IP that isn't whitelisted. Make sure your current IP address is on your Atlas cluster's IP whitelist: https://www.mongodb.com/docs/atlas/security-whitelist/","timestamp":"2026-07-12T17:04:17.665Z"}
{"context":"Mongoose","level":"info","message":"MongoDB connected","timestamp":"2026-07-12T17:04:41.051Z"}
{"context":"Bootstrap","level":"info","message":"Server running on http://localhost:3000 in development environment","timestamp":"2026-07-12T17:04:41.068Z"}
{"context":"Bootstrap","level":"info","message":"Swagger docs available at http://localhost:3000/api-docs","timestamp":"2026-07-12T17:04:41.069Z"}
{"context":"Mongoose","level":"info","message":"MongoDB connected","timestamp":"2026-07-12T17:20:20.207Z"}
{"context":"Bootstrap","level":"info","message":"Server running on http://localhost:3000 in development environment","timestamp":"2026-07-12T17:20:20.233Z"}
{"context":"Bootstrap","level":"info","message":"Swagger docs available at http://localhost:3000/api-docs","timestamp":"2026-07-12T17:20:20.235Z"}
{"context":"Mongoose","level":"info","message":"MongoDB connected","timestamp":"2026-07-12T17:31:03.185Z"}
{"context":"Bootstrap","level":"info","message":"Server running on http://localhost:3000 in development environment","timestamp":"2026-07-12T17:31:03.226Z"}
{"context":"Bootstrap","level":"info","message":"Swagger docs available at http://localhost:3000/api-docs","timestamp":"2026-07-12T17:31:03.232Z"}
{"context":"Mongoose","level":"info","message":"MongoDB connected","timestamp":"2026-07-12T17:46:29.766Z"}
{"context":"Bootstrap","level":"info","message":"Server running on http://localhost:4000 in development environment","timestamp":"2026-07-12T17:46:29.822Z"}
{"context":"Bootstrap","level":"info","message":"Swagger docs available at http://localhost:4000/api-docs","timestamp":"2026-07-12T17:46:29.826Z"}
{"context":"Mongoose","level":"info","message":"MongoDB connected","timestamp":"2026-07-12T17:47:57.830Z"}
{"context":"Bootstrap","level":"info","message":"Server running on http://localhost:3000 in development environment","timestamp":"2026-07-12T17:47:57.871Z"}
{"context":"Bootstrap","level":"info","message":"Swagger docs available at http://localhost:3000/api-docs","timestamp":"2026-07-12T17:47:57.874Z"}
{"context":"Mongoose","level":"info","message":"MongoDB connected","timestamp":"2026-07-12T17:49:43.629Z"}
{"context":"Bootstrap","level":"info","message":"Server running on http://localhost:4000 in development environment","timestamp":"2026-07-12T17:49:43.696Z"}
{"context":"Bootstrap","level":"info","message":"Swagger docs available at http://localhost:4000/api-docs","timestamp":"2026-07-12T17:49:43.697Z"}
{"context":"CollectorsService","level":"info","message":"logging in collector","timestamp":"2026-07-12T17:49:52.543Z"}
{"context":"CollectorController","level":"error","message":"Invalid password","timestamp":"2026-07-12T17:49:53.296Z"}
{"context":"CollectorsService","level":"info","message":"logging in collector","timestamp":"2026-07-12T17:50:29.764Z"}
{"context":"CollectorController","level":"error","message":"Invalid password","timestamp":"2026-07-12T17:50:30.574Z"}
{"context":"Mongoose","level":"info","message":"MongoDB connected","timestamp":"2026-07-12T17:55:25.458Z"}
{"context":"Bootstrap","level":"info","message":"Server running on http://localhost:4000 in development environment","timestamp":"2026-07-12T17:55:25.557Z"}
{"context":"Bootstrap","level":"info","message":"Swagger docs available at http://localhost:4000/api-docs","timestamp":"2026-07-12T17:55:25.758Z"}
{"context":"Mongoose","level":"info","message":"MongoDB connected","timestamp":"2026-07-12T17:56:10.360Z"}
{"context":"Bootstrap","level":"info","message":"Server running on http://localhost:4000 in development environment","timestamp":"2026-07-12T17:56:10.437Z"}
{"context":"Bootstrap","level":"info","message":"Swagger docs available at http://localhost:4000/api-docs","timestamp":"2026-07-12T17:56:10.442Z"}
{"context":"Mongoose","level":"info","message":"MongoDB connected","timestamp":"2026-07-12T17:58:04.030Z"}
{"context":"Bootstrap","level":"info","message":"Server running on http://localhost:4000 in development environment","timestamp":"2026-07-12T17:58:04.072Z"}
{"context":"Bootstrap","level":"info","message":"Swagger docs available at http://localhost:4000/api-docs","timestamp":"2026-07-12T17:58:04.074Z"}
{"context":"CollectorsService","level":"info","message":"logging in collector","timestamp":"2026-07-12T17:58:16.532Z"}
{"context":"CollectorsService","level":"info","message":"logging in collector","timestamp":"2026-07-12T17:58:49.029Z"}
{"context":"Mongoose","level":"info","message":"MongoDB connected","timestamp":"2026-07-12T18:02:21.888Z"}
{"context":"Bootstrap","level":"info","message":"Server running on http://localhost:4000 in development environment","timestamp":"2026-07-12T18:02:21.930Z"}
{"context":"Bootstrap","level":"info","message":"Swagger docs available at http://localhost:4000/api-docs","timestamp":"2026-07-12T18:02:21.931Z"}
{"context":"CollectorsService","level":"info","message":"logging in collector","timestamp":"2026-07-12T18:02:46.119Z"}
{"context":"CollectorsService","level":"info","message":"Fetching collector profile","timestamp":"2026-07-12T18:02:48.933Z"}
{"context":"CollectorsService","level":"info","message":"Fetching collector profile","timestamp":"2026-07-12T18:02:49.183Z"}
{"context":"NotificationService","level":"info","message":"get list of notifications for user","timestamp":"2026-07-12T18:02:51.125Z"}
{"context":"CenterService","level":"info","message":"Getting all centers","timestamp":"2026-07-12T18:02:51.151Z"}
{"context":"leaderboard service","level":"info","message":"Getting top collectors leaderboard","timestamp":"2026-07-12T18:02:51.205Z"}
{"context":"DropsService","level":"info","message":"get list of drop offs","timestamp":"2026-07-12T18:02:51.435Z"}
{"context":"NotificationService","level":"info","message":"get list of notifications for user","timestamp":"2026-07-12T18:02:51.571Z"}
{"context":"CenterService","level":"info","message":"Getting all centers","timestamp":"2026-07-12T18:02:51.590Z"}
{"context":"leaderboard service","level":"info","message":"Getting top collectors leaderboard","timestamp":"2026-07-12T18:02:51.631Z"}
{"context":"DropControllers","level":"error","message":"No drops found","timestamp":"2026-07-12T18:02:53.920Z"}
{"context":"DropsService","level":"info","message":"get list of drop offs","timestamp":"2026-07-12T18:02:53.933Z"}
{"context":"DropControllers","level":"error","message":"No drops found","timestamp":"2026-07-12T18:02:54.225Z"}
{"context":"CenterService","level":"info","message":"Getting closest centers","timestamp":"2026-07-12T18:02:58.854Z"}
{"context":"CenterService","level":"info","message":"Getting closest centers","timestamp":"2026-07-12T18:02:59.166Z"}
{"context":"CenterService","level":"info","message":"Getting closest centers","timestamp":"2026-07-12T18:02:59.452Z"}
{"context":"CenterService","level":"info","message":"Getting closest centers","timestamp":"2026-07-12T18:02:59.682Z"}
{"context":"AdminService","level":"info","message":"logging in admin","timestamp":"2026-07-12T18:03:56.842Z"}
{"context":"Dashboard service","level":"info","message":"Getting dashboard graph stats","timestamp":"2026-07-12T18:04:01.960Z"}
{"context":"Dashboard service","level":"info","message":"Getting dashboard stats","timestamp":"2026-07-12T18:04:02.168Z"}
{"context":"Dashboard service","level":"info","message":"Getting dashboard graph stats","timestamp":"2026-07-12T18:04:02.386Z"}
{"context":"Dashboard service","level":"info","message":"Getting dashboard stats","timestamp":"2026-07-12T18:04:05.001Z"}
{"context":"AdminService","level":"info","message":"logging in admin","timestamp":"2026-07-12T18:04:28.007Z"}
{"context":"AdminController","level":"error","message":"Admin does not exist","timestamp":"2026-07-12T18:04:28.371Z"}
{"context":"Mongoose","level":"info","message":"MongoDB connected","timestamp":"2026-07-12T18:10:46.645Z"}
{"context":"Bootstrap","level":"info","message":"Server running on http://localhost:4000 in development environment","timestamp":"2026-07-12T18:10:46.686Z"}
{"context":"Bootstrap","level":"info","message":"Swagger docs available at http://localhost:4000/api-docs","timestamp":"2026-07-12T18:10:46.687Z"}
{"context":"AdminService","level":"info","message":"logging in admin","timestamp":"2026-07-12T18:10:59.480Z"}
{"context":"AdminController","level":"error","message":"Admin does not exist","timestamp":"2026-07-12T18:10:59.786Z"}
