{"context":"CollectorsService","level":"info","message":"logging in collector","timestamp":"2026-04-14T08:14:34.450Z"}
{"context":"NotificationService","level":"info","message":"get list of notifications for user","timestamp":"2026-04-14T08:14:38.742Z"}
{"context":"CollectorsService","level":"info","message":"Getting collector stats","timestamp":"2026-04-14T08:14:38.785Z"}
{"context":"AdminService","level":"info","message":"Getting all centers","timestamp":"2026-04-14T08:14:38.822Z"}
{"context":"DropsService","level":"info","message":"get list of drop offs","timestamp":"2026-04-14T08:14:38.827Z"}
{"context":"NotificationService","level":"info","message":"get list of notifications for user","timestamp":"2026-04-14T08:14:39.135Z"}
{"context":"DropsService","level":"info","message":"get list of drop offs","timestamp":"2026-04-14T08:14:41.490Z"}
{"context":"CollectorsService","level":"info","message":"Getting collector stats","timestamp":"2026-04-14T08:14:42.397Z"}
{"context":"AdminService","level":"info","message":"Getting all centers","timestamp":"2026-04-14T08:14:42.781Z"}
{"context":"AdminService","level":"info","message":"Getting closest centers","timestamp":"2026-04-14T08:14:44.049Z"}
{"context":"AdminService","level":"info","message":"Getting closest centers","timestamp":"2026-04-14T08:14:44.312Z"}
{"context":"AdminService","level":"info","message":"Getting closest centers","timestamp":"2026-04-14T08:14:44.554Z"}
{"context":"AdminService","level":"info","message":"Getting closest centers","timestamp":"2026-04-14T08:14:44.788Z"}
{"context":"CollectorsService","level":"info","message":"Fetching collector profile","timestamp":"2026-04-14T08:14:50.343Z"}
{"context":"CollectorsService","level":"info","message":"Fetching collector profile","timestamp":"2026-04-14T08:14:50.586Z"}
{"context":"NotificationService","level":"info","message":"get list of notifications for user","timestamp":"2026-04-14T08:14:50.828Z"}
{"context":"CollectorsService","level":"info","message":"Getting collector stats","timestamp":"2026-04-14T08:14:50.843Z"}
{"context":"AdminService","level":"info","message":"Getting all centers","timestamp":"2026-04-14T08:14:50.871Z"}
{"context":"DropsService","level":"info","message":"get list of drop offs","timestamp":"2026-04-14T08:14:50.876Z"}
{"context":"AdminService","level":"info","message":"Getting closest centers","timestamp":"2026-04-14T08:14:51.006Z"}
{"context":"NotificationService","level":"info","message":"get list of notifications for user","timestamp":"2026-04-14T08:14:51.101Z"}
{"context":"CollectorsService","level":"info","message":"Getting collector stats","timestamp":"2026-04-14T08:14:51.124Z"}
{"context":"AdminService","level":"info","message":"Getting all centers","timestamp":"2026-04-14T08:14:51.157Z"}
{"context":"DropsService","level":"info","message":"get list of drop offs","timestamp":"2026-04-14T08:14:51.332Z"}
{"context":"AdminService","level":"info","message":"Getting closest centers","timestamp":"2026-04-14T08:14:52.528Z"}
{"context":"AdminService","level":"info","message":"Getting closest centers","timestamp":"2026-04-14T08:14:52.742Z"}
{"context":"AdminService","level":"info","message":"Getting closest centers","timestamp":"2026-04-14T08:14:52.961Z"}
{"context":"CollectorsService","level":"info","message":"Fetching collector profile","timestamp":"2026-04-14T08:14:54.825Z"}
{"context":"CollectorsService","level":"info","message":"Fetching collector profile","timestamp":"2026-04-14T08:14:55.048Z"}
{"context":"NotificationService","level":"info","message":"get list of notifications for user","timestamp":"2026-04-14T08:14:55.292Z"}
{"context":"CollectorsService","level":"info","message":"Getting collector stats","timestamp":"2026-04-14T08:14:55.307Z"}
{"context":"AdminService","level":"info","message":"Getting all centers","timestamp":"2026-04-14T08:14:55.315Z"}
{"context":"DropsService","level":"info","message":"get list of drop offs","timestamp":"2026-04-14T08:14:55.322Z"}
{"context":"AdminService","level":"info","message":"Getting closest centers","timestamp":"2026-04-14T08:14:55.444Z"}
{"context":"CollectorsService","level":"info","message":"Getting collector stats","timestamp":"2026-04-14T08:14:55.527Z"}
{"context":"NotificationService","level":"info","message":"get list of notifications for user","timestamp":"2026-04-14T08:14:55.540Z"}
{"context":"AdminService","level":"info","message":"Getting all centers","timestamp":"2026-04-14T08:14:55.576Z"}
{"context":"AdminService","level":"info","message":"Getting closest centers","timestamp":"2026-04-14T08:14:55.678Z"}
{"context":"DropsService","level":"info","message":"get list of drop offs","timestamp":"2026-04-14T08:14:55.807Z"}
{"context":"AdminService","level":"info","message":"Getting closest centers","timestamp":"2026-04-14T08:14:55.913Z"}
{"context":"AdminService","level":"info","message":"Getting closest centers","timestamp":"2026-04-14T08:14:56.200Z"}
{"context":"AdminService","level":"info","message":"Logging in center","timestamp":"2026-04-14T08:20:33.370Z"}
{"context":"NotificationService","level":"info","message":"get list of notifications for user","timestamp":"2026-04-14T08:20:36.086Z"}
{"context":"NotificationService","level":"info","message":"get list of notifications for user","timestamp":"2026-04-14T08:20:36.408Z"}
{"context":"Mongoose","level":"info","message":"MongoDB connected","timestamp":"2026-04-14T08:53:00.568Z"}
{"context":"Bootstrap","level":"info","message":"Server running on http://localhost:3000 in development environment","timestamp":"2026-04-14T08:53:00.858Z"}
{"context":"Bootstrap","level":"info","message":"Swagger docs available at http://localhost:3000/api-docs","timestamp":"2026-04-14T08:53:00.859Z"}
{"context":"Mongoose","level":"info","message":"MongoDB connected","timestamp":"2026-04-14T08:53:54.886Z"}
{"context":"Bootstrap","level":"info","message":"Server running on http://localhost:3000 in development environment","timestamp":"2026-04-14T08:53:54.928Z"}
{"context":"Bootstrap","level":"info","message":"Swagger docs available at http://localhost:3000/api-docs","timestamp":"2026-04-14T08:53:54.930Z"}
{"context":"Mongoose","level":"info","message":"MongoDB connected","timestamp":"2026-04-14T08:54:39.389Z"}
{"context":"Bootstrap","level":"info","message":"Server running on http://localhost:3000 in development environment","timestamp":"2026-04-14T08:54:39.409Z"}
{"context":"Bootstrap","level":"info","message":"Swagger docs available at http://localhost:3000/api-docs","timestamp":"2026-04-14T08:54:39.410Z"}
{"context":"Mongoose","level":"info","message":"MongoDB connected","timestamp":"2026-04-14T08:55:07.627Z"}
{"context":"Bootstrap","level":"info","message":"Server running on http://localhost:3000 in development environment","timestamp":"2026-04-14T08:55:07.645Z"}
{"context":"Bootstrap","level":"info","message":"Swagger docs available at http://localhost:3000/api-docs","timestamp":"2026-04-14T08:55:07.646Z"}
{"context":"Mongoose","level":"info","message":"MongoDB connected","timestamp":"2026-04-14T08:55:53.724Z"}
{"context":"Bootstrap","level":"info","message":"Server running on http://localhost:3000 in development environment","timestamp":"2026-04-14T08:55:53.744Z"}
{"context":"Bootstrap","level":"info","message":"Swagger docs available at http://localhost:3000/api-docs","timestamp":"2026-04-14T08:55:53.746Z"}
{"context":"Mongoose","level":"info","message":"MongoDB connected","timestamp":"2026-04-14T08:56:19.570Z"}
{"context":"Bootstrap","level":"info","message":"Server running on http://localhost:3000 in development environment","timestamp":"2026-04-14T08:56:19.598Z"}
{"context":"Bootstrap","level":"info","message":"Swagger docs available at http://localhost:3000/api-docs","timestamp":"2026-04-14T08:56:19.599Z"}
{"context":"Mongoose","level":"info","message":"MongoDB connected","timestamp":"2026-04-14T08:56:50.816Z"}
{"context":"Bootstrap","level":"info","message":"Server running on http://localhost:3000 in development environment","timestamp":"2026-04-14T08:56:50.843Z"}
{"context":"Bootstrap","level":"info","message":"Swagger docs available at http://localhost:3000/api-docs","timestamp":"2026-04-14T08:56:50.844Z"}
{"context":"Mongoose","level":"info","message":"MongoDB connected","timestamp":"2026-04-14T08:57:28.542Z"}
{"context":"Bootstrap","level":"info","message":"Server running on http://localhost:3000 in development environment","timestamp":"2026-04-14T08:57:28.562Z"}
{"context":"Bootstrap","level":"info","message":"Swagger docs available at http://localhost:3000/api-docs","timestamp":"2026-04-14T08:57:28.563Z"}
{"context":"Mongoose","level":"info","message":"MongoDB connected","timestamp":"2026-04-14T08:58:00.728Z"}
{"context":"Bootstrap","level":"info","message":"Server running on http://localhost:3000 in development environment","timestamp":"2026-04-14T08:58:00.761Z"}
{"context":"Bootstrap","level":"info","message":"Swagger docs available at http://localhost:3000/api-docs","timestamp":"2026-04-14T08:58:00.779Z"}
{"context":"Mongoose","level":"info","message":"MongoDB connected","timestamp":"2026-04-14T08:58:18.627Z"}
{"context":"Bootstrap","level":"info","message":"Server running on http://localhost:3000 in development environment","timestamp":"2026-04-14T08:58:18.651Z"}
{"context":"Bootstrap","level":"info","message":"Swagger docs available at http://localhost:3000/api-docs","timestamp":"2026-04-14T08:58:18.652Z"}
{"context":"Mongoose","level":"info","message":"MongoDB connected","timestamp":"2026-04-14T08:58:57.069Z"}
{"context":"Bootstrap","level":"info","message":"Server running on http://localhost:3000 in development environment","timestamp":"2026-04-14T08:58:57.092Z"}
{"context":"Bootstrap","level":"info","message":"Swagger docs available at http://localhost:3000/api-docs","timestamp":"2026-04-14T08:58:57.093Z"}
{"context":"Mongoose","level":"info","message":"MongoDB connected","timestamp":"2026-04-14T08:59:31.187Z"}
{"context":"Bootstrap","level":"info","message":"Server running on http://localhost:3000 in development environment","timestamp":"2026-04-14T08:59:31.206Z"}
{"context":"Bootstrap","level":"info","message":"Swagger docs available at http://localhost:3000/api-docs","timestamp":"2026-04-14T08:59:31.208Z"}
{"context":"Mongoose","level":"info","message":"MongoDB connected","timestamp":"2026-04-14T08:59:40.971Z"}
{"context":"Bootstrap","level":"info","message":"Server running on http://localhost:3000 in development environment","timestamp":"2026-04-14T08:59:40.988Z"}
{"context":"Bootstrap","level":"info","message":"Swagger docs available at http://localhost:3000/api-docs","timestamp":"2026-04-14T08:59:40.989Z"}
{"context":"Mongoose","level":"info","message":"MongoDB connected","timestamp":"2026-04-14T09:00:26.376Z"}
{"context":"Bootstrap","level":"info","message":"Server running on http://localhost:3000 in development environment","timestamp":"2026-04-14T09:00:26.398Z"}
{"context":"Bootstrap","level":"info","message":"Swagger docs available at http://localhost:3000/api-docs","timestamp":"2026-04-14T09:00:26.399Z"}
{"context":"Mongoose","level":"info","message":"MongoDB connected","timestamp":"2026-04-14T09:01:03.762Z"}
{"context":"Bootstrap","level":"info","message":"Server running on http://localhost:3000 in development environment","timestamp":"2026-04-14T09:01:03.800Z"}
{"context":"Bootstrap","level":"info","message":"Swagger docs available at http://localhost:3000/api-docs","timestamp":"2026-04-14T09:01:03.801Z"}
{"context":"Mongoose","level":"info","message":"MongoDB connected","timestamp":"2026-04-14T09:01:32.617Z"}
{"context":"Bootstrap","level":"info","message":"Server running on http://localhost:3000 in development environment","timestamp":"2026-04-14T09:01:32.647Z"}
{"context":"Bootstrap","level":"info","message":"Swagger docs available at http://localhost:3000/api-docs","timestamp":"2026-04-14T09:01:32.648Z"}
{"context":"Mongoose","level":"info","message":"MongoDB connected","timestamp":"2026-04-14T09:02:56.091Z"}
{"context":"Bootstrap","level":"info","message":"Server running on http://localhost:3000 in development environment","timestamp":"2026-04-14T09:02:56.113Z"}
{"context":"Bootstrap","level":"info","message":"Swagger docs available at http://localhost:3000/api-docs","timestamp":"2026-04-14T09:02:56.114Z"}
{"context":"Mongoose","level":"info","message":"MongoDB connected","timestamp":"2026-04-14T09:03:37.085Z"}
{"context":"Bootstrap","level":"info","message":"Server running on http://localhost:3000 in development environment","timestamp":"2026-04-14T09:03:37.103Z"}
{"context":"Bootstrap","level":"info","message":"Swagger docs available at http://localhost:3000/api-docs","timestamp":"2026-04-14T09:03:37.103Z"}
{"context":"Mongoose","level":"info","message":"MongoDB connected","timestamp":"2026-04-14T09:04:37.025Z"}
{"context":"Bootstrap","level":"info","message":"Server running on http://localhost:3000 in development environment","timestamp":"2026-04-14T09:04:37.076Z"}
{"context":"Bootstrap","level":"info","message":"Swagger docs available at http://localhost:3000/api-docs","timestamp":"2026-04-14T09:04:37.077Z"}
{"context":"Mongoose","level":"info","message":"MongoDB connected","timestamp":"2026-04-14T09:05:59.857Z"}
{"context":"Bootstrap","level":"info","message":"Server running on http://localhost:3000 in development environment","timestamp":"2026-04-14T09:05:59.874Z"}
{"context":"Bootstrap","level":"info","message":"Swagger docs available at http://localhost:3000/api-docs","timestamp":"2026-04-14T09:05:59.877Z"}
{"context":"Mongoose","level":"info","message":"MongoDB connected","timestamp":"2026-04-14T09:06:40.344Z"}
{"context":"Bootstrap","level":"info","message":"Server running on http://localhost:3000 in development environment","timestamp":"2026-04-14T09:06:40.369Z"}
{"context":"Bootstrap","level":"info","message":"Swagger docs available at http://localhost:3000/api-docs","timestamp":"2026-04-14T09:06:40.370Z"}
{"context":"Mongoose","level":"info","message":"MongoDB connected","timestamp":"2026-04-14T09:13:42.172Z"}
{"context":"Bootstrap","level":"info","message":"Server running on http://localhost:3000 in development environment","timestamp":"2026-04-14T09:13:42.199Z"}
{"context":"Bootstrap","level":"info","message":"Swagger docs available at http://localhost:3000/api-docs","timestamp":"2026-04-14T09:13:42.200Z"}
{"context":"Mongoose","level":"info","message":"MongoDB connected","timestamp":"2026-04-14T09:13:52.331Z"}
{"context":"Bootstrap","level":"info","message":"Server running on http://localhost:3000 in development environment","timestamp":"2026-04-14T09:13:52.352Z"}
{"context":"Bootstrap","level":"info","message":"Swagger docs available at http://localhost:3000/api-docs","timestamp":"2026-04-14T09:13:52.354Z"}
{"context":"AdminService","level":"info","message":"Fetching center profile","timestamp":"2026-04-14T10:07:24.823Z"}
{"context":"AdminService","level":"info","message":"Fetching center profile","timestamp":"2026-04-14T10:07:25.133Z"}
{"context":"NotificationService","level":"info","message":"get list of notifications for user","timestamp":"2026-04-14T10:07:25.881Z"}
{"context":"NotificationService","level":"info","message":"get list of notifications for user","timestamp":"2026-04-14T10:07:26.096Z"}
{"context":"AdminService","level":"info","message":"Fetching center profile","timestamp":"2026-04-14T10:07:39.083Z"}
{"context":"AdminService","level":"info","message":"Fetching center profile","timestamp":"2026-04-14T10:07:39.329Z"}
{"context":"NotificationService","level":"info","message":"get list of notifications for user","timestamp":"2026-04-14T10:07:39.936Z"}
{"context":"NotificationService","level":"info","message":"get list of notifications for user","timestamp":"2026-04-14T10:07:40.165Z"}
{"context":"Mongoose","level":"info","message":"MongoDB connected","timestamp":"2026-04-14T10:23:16.544Z"}
{"context":"Bootstrap","level":"info","message":"Server running on http://localhost:3000 in development environment","timestamp":"2026-04-14T10:23:16.587Z"}
{"context":"Bootstrap","level":"info","message":"Swagger docs available at http://localhost:3000/api-docs","timestamp":"2026-04-14T10:23:16.588Z"}
{"context":"Mongoose","level":"info","message":"MongoDB connected","timestamp":"2026-04-14T10:32:05.118Z"}
{"context":"Bootstrap","level":"info","message":"Server running on http://localhost:3000 in development environment","timestamp":"2026-04-14T10:32:05.161Z"}
{"context":"Bootstrap","level":"info","message":"Swagger docs available at http://localhost:3000/api-docs","timestamp":"2026-04-14T10:32:05.162Z"}
{"context":"Mongoose","level":"info","message":"MongoDB connected","timestamp":"2026-04-14T10:32:22.202Z"}
{"context":"Bootstrap","level":"info","message":"Server running on http://localhost:3000 in development environment","timestamp":"2026-04-14T10:32:22.222Z"}
{"context":"Bootstrap","level":"info","message":"Swagger docs available at http://localhost:3000/api-docs","timestamp":"2026-04-14T10:32:22.223Z"}
{"context":"Mongoose","level":"info","message":"MongoDB connected","timestamp":"2026-04-14T10:32:34.201Z"}
{"context":"Bootstrap","level":"info","message":"Server running on http://localhost:3000 in development environment","timestamp":"2026-04-14T10:32:34.229Z"}
{"context":"Bootstrap","level":"info","message":"Swagger docs available at http://localhost:3000/api-docs","timestamp":"2026-04-14T10:32:34.230Z"}
{"context":"Mongoose","level":"info","message":"MongoDB connected","timestamp":"2026-04-14T10:36:41.810Z"}
{"context":"Bootstrap","level":"info","message":"Server running on http://localhost:3000 in development environment","timestamp":"2026-04-14T10:36:41.837Z"}
{"context":"Bootstrap","level":"info","message":"Swagger docs available at http://localhost:3000/api-docs","timestamp":"2026-04-14T10:36:41.838Z"}
{"context":"Mongoose","level":"info","message":"MongoDB connected","timestamp":"2026-04-14T10:36:50.491Z"}
{"context":"Bootstrap","level":"info","message":"Server running on http://localhost:3000 in development environment","timestamp":"2026-04-14T10:36:50.532Z"}
{"context":"Bootstrap","level":"info","message":"Swagger docs available at http://localhost:3000/api-docs","timestamp":"2026-04-14T10:36:50.533Z"}
{"context":"Mongoose","level":"info","message":"MongoDB connected","timestamp":"2026-04-14T10:37:01.889Z"}
{"context":"Bootstrap","level":"info","message":"Server running on http://localhost:3000 in development environment","timestamp":"2026-04-14T10:37:01.908Z"}
{"context":"Bootstrap","level":"info","message":"Swagger docs available at http://localhost:3000/api-docs","timestamp":"2026-04-14T10:37:01.909Z"}
{"context":"Mongoose","level":"info","message":"MongoDB connected","timestamp":"2026-04-14T10:37:33.474Z"}
{"context":"Bootstrap","level":"info","message":"Server running on http://localhost:3000 in development environment","timestamp":"2026-04-14T10:37:33.502Z"}
{"context":"Bootstrap","level":"info","message":"Swagger docs available at http://localhost:3000/api-docs","timestamp":"2026-04-14T10:37:33.503Z"}
