{"context":"Mongoose","level":"error","message":"Could not connect to any servers in your MongoDB Atlas cluster. One common reason is that you're trying to access the database from an IP that isn't whitelisted. Make sure your current IP address is on your Atlas cluster's IP whitelist: https://www.mongodb.com/docs/atlas/security-whitelist/","timestamp":"2026-04-07T16:11:16.413Z"}
{"context":"Mongoose","level":"error","message":"Could not connect to any servers in your MongoDB Atlas cluster. One common reason is that you're trying to access the database from an IP that isn't whitelisted. Make sure your current IP address is on your Atlas cluster's IP whitelist: https://www.mongodb.com/docs/atlas/security-whitelist/","timestamp":"2026-04-07T16:15:47.854Z"}
{"context":"Mongoose","level":"error","message":"Could not connect to any servers in your MongoDB Atlas cluster. One common reason is that you're trying to access the database from an IP that isn't whitelisted. Make sure your current IP address is on your Atlas cluster's IP whitelist: https://www.mongodb.com/docs/atlas/security-whitelist/","timestamp":"2026-04-07T16:24:52.766Z"}
{"context":"Mongoose","level":"error","message":"Could not connect to any servers in your MongoDB Atlas cluster. One common reason is that you're trying to access the database from an IP that isn't whitelisted. Make sure your current IP address is on your Atlas cluster's IP whitelist: https://www.mongodb.com/docs/atlas/security-whitelist/","timestamp":"2026-04-07T16:25:33.597Z"}
{"context":"Mongoose","level":"error","message":"Could not connect to any servers in your MongoDB Atlas cluster. One common reason is that you're trying to access the database from an IP that isn't whitelisted. Make sure your current IP address is on your Atlas cluster's IP whitelist: https://www.mongodb.com/docs/atlas/security-whitelist/","timestamp":"2026-04-07T16:31:10.123Z"}
{"context":"Mongoose","level":"info","message":"MongoDB connected","timestamp":"2026-04-07T16:43:08.780Z"}
{"context":"Bootstrap","level":"info","message":"Server running on http://localhost:3000 in development environment","timestamp":"2026-04-07T16:43:08.808Z"}
{"context":"Bootstrap","level":"info","message":"Swagger docs available at http://localhost:3000/api-docs","timestamp":"2026-04-07T16:43:08.809Z"}
{"context":"Mongoose","level":"info","message":"MongoDB connected","timestamp":"2026-04-07T16:44:04.608Z"}
{"context":"Bootstrap","level":"info","message":"Server running on http://localhost:3000 in development environment","timestamp":"2026-04-07T16:44:04.645Z"}
{"context":"Bootstrap","level":"info","message":"Swagger docs available at http://localhost:3000/api-docs","timestamp":"2026-04-07T16:44:04.651Z"}
{"context":"Mongoose","level":"error","message":"Could not connect to any servers in your MongoDB Atlas cluster. One common reason is that you're trying to access the database from an IP that isn't whitelisted. Make sure your current IP address is on your Atlas cluster's IP whitelist: https://www.mongodb.com/docs/atlas/security-whitelist/","timestamp":"2026-04-07T16:45:22.735Z"}
{"context":"Mongoose","level":"info","message":"MongoDB connected","timestamp":"2026-04-07T16:46:00.918Z"}
{"context":"Bootstrap","level":"info","message":"Server running on http://localhost:3000 in development environment","timestamp":"2026-04-07T16:46:00.953Z"}
{"context":"Bootstrap","level":"info","message":"Swagger docs available at http://localhost:3000/api-docs","timestamp":"2026-04-07T16:46:00.953Z"}
{"context":"AdminService","level":"info","message":"logging in admin","timestamp":"2026-04-07T16:46:15.949Z"}
{"context":"AdminController","level":"error","message":"Invalid password","timestamp":"2026-04-07T16:46:16.612Z"}
{"context":"AdminService","level":"info","message":"logging in admin","timestamp":"2026-04-07T16:46:23.920Z"}
{"context":"AdminController","level":"error","message":"Invalid password","timestamp":"2026-04-07T16:46:24.254Z"}
{"context":"AdminService","level":"info","message":"logging in admin","timestamp":"2026-04-07T16:46:34.676Z"}
{"context":"AdminController","level":"error","message":"Invalid password","timestamp":"2026-04-07T16:46:35.142Z"}
{"context":"AdminService","level":"info","message":"logging in admin","timestamp":"2026-04-07T16:46:40.354Z"}
{"context":"Dashboard service","level":"info","message":"Getting dashboard graph stats","timestamp":"2026-04-07T16:46:47.830Z"}
{"context":"Dashboard service","level":"info","message":"Getting dashboard stats","timestamp":"2026-04-07T16:46:47.844Z"}
{"context":"Dashboard service","level":"info","message":"Getting dashboard graph stats","timestamp":"2026-04-07T16:46:48.269Z"}
{"context":"Dashboard service","level":"info","message":"Getting dashboard stats","timestamp":"2026-04-07T16:46:49.835Z"}
{"context":"Dashboard service","level":"info","message":"Getting dashboard graph stats","timestamp":"2026-04-07T16:46:53.658Z"}
{"context":"Dashboard service","level":"info","message":"Getting dashboard stats","timestamp":"2026-04-07T16:46:53.664Z"}
{"context":"Dashboard service","level":"info","message":"Getting dashboard graph stats","timestamp":"2026-04-07T16:46:54.199Z"}
{"context":"Dashboard service","level":"info","message":"Getting dashboard stats","timestamp":"2026-04-07T16:47:05.733Z"}
{"context":"AdminService","level":"info","message":"Change password","timestamp":"2026-04-07T16:47:31.533Z"}
{"context":"EmailService","level":"error","message":"Unauthorized","timestamp":"2026-04-07T16:47:33.115Z"}
{"context":"AdminController","level":"error","message":"Unauthorized","timestamp":"2026-04-07T16:47:33.116Z"}
{"context":"Mongoose","level":"info","message":"MongoDB connected","timestamp":"2026-04-07T16:50:35.821Z"}
{"context":"Bootstrap","level":"info","message":"Server running on http://localhost:3000 in development environment","timestamp":"2026-04-07T16:50:35.843Z"}
{"context":"Bootstrap","level":"info","message":"Swagger docs available at http://localhost:3000/api-docs","timestamp":"2026-04-07T16:50:35.845Z"}
{"context":"AdminService","level":"info","message":"Change password","timestamp":"2026-04-07T16:50:43.722Z"}
{"context":"EmailService","level":"error","message":"Unauthorized","timestamp":"2026-04-07T16:50:45.222Z"}
{"context":"AdminController","level":"error","message":"Unauthorized","timestamp":"2026-04-07T16:50:45.223Z"}
{"context":"CollectorsService","level":"info","message":"logging in collector","timestamp":"2026-04-07T16:58:04.066Z"}
{"context":"NotificationService","level":"info","message":"get list of notifications for user","timestamp":"2026-04-07T16:58:07.674Z"}
{"context":"AdminService","level":"info","message":"Getting all centers","timestamp":"2026-04-07T16:58:07.686Z"}
{"context":"CollectorsService","level":"info","message":"Getting collector stats","timestamp":"2026-04-07T16:58:07.694Z"}
{"context":"DropsService","level":"info","message":"get list of drop offs","timestamp":"2026-04-07T16:58:07.702Z"}
{"context":"NotificationService","level":"info","message":"get list of notifications for user","timestamp":"2026-04-07T16:58:08.327Z"}
{"context":"CollectorsService","level":"info","message":"Getting collector stats","timestamp":"2026-04-07T16:58:08.332Z"}
{"context":"AdminService","level":"info","message":"Getting all centers","timestamp":"2026-04-07T16:58:08.336Z"}
{"context":"DropsService","level":"info","message":"get list of drop offs","timestamp":"2026-04-07T16:58:11.519Z"}
{"context":"CollectorsService","level":"info","message":"Fetching collector profile","timestamp":"2026-04-07T16:58:15.111Z"}
{"context":"CollectorsService","level":"info","message":"Fetching collector profile","timestamp":"2026-04-07T16:58:15.502Z"}
{"context":"NotificationService","level":"info","message":"get list of notifications for user","timestamp":"2026-04-07T16:58:15.682Z"}
{"context":"CollectorsService","level":"info","message":"Getting collector stats","timestamp":"2026-04-07T16:58:15.711Z"}
{"context":"AdminService","level":"info","message":"Getting all centers","timestamp":"2026-04-07T16:58:15.731Z"}
{"context":"DropsService","level":"info","message":"get list of drop offs","timestamp":"2026-04-07T16:58:15.741Z"}
{"context":"AdminService","level":"info","message":"Getting closest centers","timestamp":"2026-04-07T16:58:15.870Z"}
{"context":"CollectorsService","level":"info","message":"Getting collector stats","timestamp":"2026-04-07T16:58:15.967Z"}
{"context":"AdminService","level":"info","message":"Getting all centers","timestamp":"2026-04-07T16:58:16.050Z"}
{"context":"NotificationService","level":"info","message":"get list of notifications for user","timestamp":"2026-04-07T16:58:16.056Z"}
{"context":"AdminService","level":"info","message":"Getting closest centers","timestamp":"2026-04-07T16:58:16.272Z"}
{"context":"DropsService","level":"info","message":"get list of drop offs","timestamp":"2026-04-07T16:58:16.317Z"}
{"context":"AdminService","level":"info","message":"Getting closest centers","timestamp":"2026-04-07T16:58:16.562Z"}
{"context":"AdminService","level":"info","message":"Getting closest centers","timestamp":"2026-04-07T16:58:16.964Z"}
{"context":"CollectorsService","level":"info","message":"Fetching collector profile","timestamp":"2026-04-07T16:59:47.910Z"}
{"context":"CollectorsService","level":"info","message":"Fetching collector profile","timestamp":"2026-04-07T16:59:48.225Z"}
{"context":"NotificationService","level":"info","message":"get list of notifications for user","timestamp":"2026-04-07T16:59:48.822Z"}
{"context":"CollectorsService","level":"info","message":"Getting collector stats","timestamp":"2026-04-07T16:59:48.829Z"}
{"context":"AdminService","level":"info","message":"Getting all centers","timestamp":"2026-04-07T16:59:48.839Z"}
{"context":"AdminService","level":"info","message":"Getting closest centers","timestamp":"2026-04-07T16:59:48.844Z"}
{"context":"DropsService","level":"info","message":"get list of drop offs","timestamp":"2026-04-07T16:59:48.852Z"}
{"context":"NotificationService","level":"info","message":"get list of notifications for user","timestamp":"2026-04-07T16:59:49.067Z"}
{"context":"CollectorsService","level":"info","message":"Getting collector stats","timestamp":"2026-04-07T16:59:49.073Z"}
{"context":"AdminService","level":"info","message":"Getting all centers","timestamp":"2026-04-07T16:59:49.260Z"}
{"context":"AdminService","level":"info","message":"Getting closest centers","timestamp":"2026-04-07T16:59:49.397Z"}
{"context":"AdminService","level":"info","message":"Getting closest centers","timestamp":"2026-04-07T16:59:50.079Z"}
{"context":"DropsService","level":"info","message":"get list of drop offs","timestamp":"2026-04-07T16:59:50.084Z"}
{"context":"AdminService","level":"info","message":"Getting closest centers","timestamp":"2026-04-07T16:59:50.437Z"}
{"context":"CollectorsService","level":"info","message":"Fetching collector profile","timestamp":"2026-04-07T17:01:12.664Z"}
{"context":"CollectorsService","level":"info","message":"Fetching collector profile","timestamp":"2026-04-07T17:01:12.914Z"}
{"context":"NotificationService","level":"info","message":"get list of notifications for user","timestamp":"2026-04-07T17:01:13.646Z"}
{"context":"CollectorsService","level":"info","message":"Getting collector stats","timestamp":"2026-04-07T17:01:13.686Z"}
{"context":"AdminService","level":"info","message":"Getting all centers","timestamp":"2026-04-07T17:01:13.701Z"}
{"context":"DropsService","level":"info","message":"get list of drop offs","timestamp":"2026-04-07T17:01:13.720Z"}
{"context":"CollectorsService","level":"info","message":"Getting collector stats","timestamp":"2026-04-07T17:01:14.171Z"}
{"context":"NotificationService","level":"info","message":"get list of notifications for user","timestamp":"2026-04-07T17:01:14.184Z"}
{"context":"AdminService","level":"info","message":"Getting all centers","timestamp":"2026-04-07T17:01:14.712Z"}
{"context":"DropsService","level":"info","message":"get list of drop offs","timestamp":"2026-04-07T17:01:14.716Z"}
{"context":"CollectorsService","level":"info","message":"Fetching collector profile","timestamp":"2026-04-07T17:01:43.972Z"}
{"context":"CollectorsService","level":"info","message":"Fetching collector profile","timestamp":"2026-04-07T17:01:45.257Z"}
{"context":"NotificationService","level":"info","message":"get list of notifications for user","timestamp":"2026-04-07T17:01:45.524Z"}
{"context":"CollectorsService","level":"info","message":"Getting collector stats","timestamp":"2026-04-07T17:01:45.531Z"}
{"context":"AdminService","level":"info","message":"Getting all centers","timestamp":"2026-04-07T17:01:45.547Z"}
{"context":"AdminService","level":"info","message":"Getting closest centers","timestamp":"2026-04-07T17:01:45.558Z"}
{"context":"DropsService","level":"info","message":"get list of drop offs","timestamp":"2026-04-07T17:01:45.572Z"}
{"context":"NotificationService","level":"info","message":"get list of notifications for user","timestamp":"2026-04-07T17:01:45.858Z"}
{"context":"CollectorsService","level":"info","message":"Getting collector stats","timestamp":"2026-04-07T17:01:45.873Z"}
{"context":"AdminService","level":"info","message":"Getting all centers","timestamp":"2026-04-07T17:01:46.004Z"}
{"context":"AdminService","level":"info","message":"Getting closest centers","timestamp":"2026-04-07T17:01:46.009Z"}
{"context":"DropsService","level":"info","message":"get list of drop offs","timestamp":"2026-04-07T17:01:46.036Z"}
{"context":"AdminService","level":"info","message":"Getting closest centers","timestamp":"2026-04-07T17:01:46.310Z"}
{"context":"AdminService","level":"info","message":"Getting closest centers","timestamp":"2026-04-07T17:01:46.605Z"}
{"context":"AdminService","level":"info","message":"Getting closest centers","timestamp":"2026-04-07T17:01:46.979Z"}
{"context":"AdminService","level":"info","message":"Getting closest centers","timestamp":"2026-04-07T17:01:47.287Z"}
{"context":"AdminService","level":"info","message":"Getting closest centers","timestamp":"2026-04-07T17:01:47.718Z"}
{"context":"AdminService","level":"info","message":"Getting closest centers","timestamp":"2026-04-07T17:01:47.991Z"}
{"context":"CollectorsService","level":"info","message":"Fetching collector profile","timestamp":"2026-04-07T17:01:52.991Z"}
{"context":"CollectorsService","level":"info","message":"Fetching collector profile","timestamp":"2026-04-07T17:01:53.385Z"}
{"context":"NotificationService","level":"info","message":"get list of notifications for user","timestamp":"2026-04-07T17:01:53.744Z"}
{"context":"CollectorsService","level":"info","message":"Getting collector stats","timestamp":"2026-04-07T17:01:53.756Z"}
{"context":"AdminService","level":"info","message":"Getting all centers","timestamp":"2026-04-07T17:01:53.779Z"}
{"context":"DropsService","level":"info","message":"get list of drop offs","timestamp":"2026-04-07T17:01:53.790Z"}
{"context":"NotificationService","level":"info","message":"get list of notifications for user","timestamp":"2026-04-07T17:01:55.189Z"}
{"context":"AdminService","level":"info","message":"Getting all centers","timestamp":"2026-04-07T17:01:55.193Z"}
{"context":"CollectorsService","level":"info","message":"Getting collector stats","timestamp":"2026-04-07T17:01:55.197Z"}
{"context":"DropsService","level":"info","message":"get list of drop offs","timestamp":"2026-04-07T17:01:55.596Z"}
{"context":"AdminService","level":"info","message":"Getting closest centers","timestamp":"2026-04-07T17:01:59.176Z"}
{"context":"AdminService","level":"info","message":"Getting closest centers","timestamp":"2026-04-07T17:01:59.417Z"}
{"context":"AdminService","level":"info","message":"Getting closest centers","timestamp":"2026-04-07T17:01:59.782Z"}
{"context":"AdminService","level":"info","message":"Getting closest centers","timestamp":"2026-04-07T17:02:00.233Z"}
{"context":"CollectorsService","level":"info","message":"Fetching collector profile","timestamp":"2026-04-07T17:02:31.303Z"}
{"context":"CollectorsService","level":"info","message":"Fetching collector profile","timestamp":"2026-04-07T17:02:31.693Z"}
{"context":"NotificationService","level":"info","message":"get list of notifications for user","timestamp":"2026-04-07T17:02:31.978Z"}
{"context":"CollectorsService","level":"info","message":"Getting collector stats","timestamp":"2026-04-07T17:02:31.992Z"}
{"context":"AdminService","level":"info","message":"Getting all centers","timestamp":"2026-04-07T17:02:32.004Z"}
{"context":"DropsService","level":"info","message":"get list of drop offs","timestamp":"2026-04-07T17:02:32.010Z"}
{"context":"NotificationService","level":"info","message":"get list of notifications for user","timestamp":"2026-04-07T17:02:32.292Z"}
{"context":"CollectorsService","level":"info","message":"Getting collector stats","timestamp":"2026-04-07T17:02:32.305Z"}
{"context":"DropsService","level":"info","message":"get list of drop offs","timestamp":"2026-04-07T17:02:33.740Z"}
{"context":"AdminService","level":"info","message":"Getting closest centers","timestamp":"2026-04-07T17:02:37.697Z"}
{"context":"AdminService","level":"info","message":"Getting all centers","timestamp":"2026-04-07T17:02:38.333Z"}
{"context":"AdminService","level":"info","message":"Getting closest centers","timestamp":"2026-04-07T17:02:38.408Z"}
{"context":"AdminService","level":"info","message":"Getting closest centers","timestamp":"2026-04-07T17:02:38.684Z"}
{"context":"AdminService","level":"info","message":"Getting closest centers","timestamp":"2026-04-07T17:02:38.931Z"}
{"context":"Mongoose","level":"info","message":"MongoDB connected","timestamp":"2026-04-07T17:13:32.783Z"}
{"context":"Bootstrap","level":"info","message":"Server running on http://localhost:3000 in development environment","timestamp":"2026-04-07T17:13:32.808Z"}
{"context":"Bootstrap","level":"info","message":"Swagger docs available at http://localhost:3000/api-docs","timestamp":"2026-04-07T17:13:32.809Z"}
{"context":"Mongoose","level":"info","message":"MongoDB connected","timestamp":"2026-04-07T17:14:33.397Z"}
{"context":"Bootstrap","level":"info","message":"Server running on http://localhost:3000 in development environment","timestamp":"2026-04-07T17:14:33.425Z"}
{"context":"Bootstrap","level":"info","message":"Swagger docs available at http://localhost:3000/api-docs","timestamp":"2026-04-07T17:14:33.427Z"}
{"context":"Mongoose","level":"info","message":"MongoDB connected","timestamp":"2026-04-07T17:14:57.878Z"}
{"context":"Bootstrap","level":"info","message":"Server running on http://localhost:3000 in development environment","timestamp":"2026-04-07T17:14:57.904Z"}
{"context":"Bootstrap","level":"info","message":"Swagger docs available at http://localhost:3000/api-docs","timestamp":"2026-04-07T17:14:57.910Z"}
{"context":"Mongoose","level":"info","message":"MongoDB connected","timestamp":"2026-04-07T17:15:12.497Z"}
{"context":"Bootstrap","level":"info","message":"Server running on http://localhost:3000 in development environment","timestamp":"2026-04-07T17:15:12.518Z"}
{"context":"Bootstrap","level":"info","message":"Swagger docs available at http://localhost:3000/api-docs","timestamp":"2026-04-07T17:15:12.520Z"}
{"context":"Mongoose","level":"info","message":"MongoDB connected","timestamp":"2026-04-07T17:15:47.677Z"}
{"context":"Bootstrap","level":"info","message":"Server running on http://localhost:3000 in development environment","timestamp":"2026-04-07T17:15:47.696Z"}
{"context":"Bootstrap","level":"info","message":"Swagger docs available at http://localhost:3000/api-docs","timestamp":"2026-04-07T17:15:47.696Z"}
{"context":"Mongoose","level":"info","message":"MongoDB connected","timestamp":"2026-04-07T17:17:05.679Z"}
{"context":"Bootstrap","level":"info","message":"Server running on http://localhost:3000 in development environment","timestamp":"2026-04-07T17:17:05.698Z"}
{"context":"Bootstrap","level":"info","message":"Swagger docs available at http://localhost:3000/api-docs","timestamp":"2026-04-07T17:17:05.699Z"}
{"context":"Mongoose","level":"info","message":"MongoDB connected","timestamp":"2026-04-07T17:18:40.968Z"}
{"context":"Bootstrap","level":"info","message":"Server running on http://localhost:3000 in development environment","timestamp":"2026-04-07T17:18:41.046Z"}
{"context":"Bootstrap","level":"info","message":"Swagger docs available at http://localhost:3000/api-docs","timestamp":"2026-04-07T17:18:41.069Z"}
{"context":"Mongoose","level":"info","message":"MongoDB connected","timestamp":"2026-04-07T17:18:54.878Z"}
{"context":"Bootstrap","level":"info","message":"Server running on http://localhost:3000 in development environment","timestamp":"2026-04-07T17:18:54.914Z"}
{"context":"Bootstrap","level":"info","message":"Swagger docs available at http://localhost:3000/api-docs","timestamp":"2026-04-07T17:18:54.954Z"}
{"context":"Mongoose","level":"info","message":"MongoDB connected","timestamp":"2026-04-07T17:19:07.906Z"}
{"context":"Bootstrap","level":"info","message":"Server running on http://localhost:3000 in development environment","timestamp":"2026-04-07T17:19:07.933Z"}
{"context":"Bootstrap","level":"info","message":"Swagger docs available at http://localhost:3000/api-docs","timestamp":"2026-04-07T17:19:07.934Z"}
{"context":"Mongoose","level":"info","message":"MongoDB connected","timestamp":"2026-04-07T17:19:29.721Z"}
{"context":"Bootstrap","level":"info","message":"Server running on http://localhost:3000 in development environment","timestamp":"2026-04-07T17:19:29.746Z"}
{"context":"Bootstrap","level":"info","message":"Swagger docs available at http://localhost:3000/api-docs","timestamp":"2026-04-07T17:19:29.746Z"}
{"context":"Mongoose","level":"info","message":"MongoDB connected","timestamp":"2026-04-07T17:20:08.121Z"}
{"context":"Bootstrap","level":"info","message":"Server running on http://localhost:3000 in development environment","timestamp":"2026-04-07T17:20:08.137Z"}
{"context":"Bootstrap","level":"info","message":"Swagger docs available at http://localhost:3000/api-docs","timestamp":"2026-04-07T17:20:08.139Z"}
{"context":"Mongoose","level":"info","message":"MongoDB connected","timestamp":"2026-04-07T17:32:45.572Z"}
{"context":"Bootstrap","level":"info","message":"Server running on http://localhost:3000 in development environment","timestamp":"2026-04-07T17:32:45.602Z"}
{"context":"Bootstrap","level":"info","message":"Swagger docs available at http://localhost:3000/api-docs","timestamp":"2026-04-07T17:32:45.603Z"}
{"context":"CollectorsService","level":"info","message":"Change password","timestamp":"2026-04-07T17:35:42.362Z"}
{"context":"EmailService","level":"error","message":"Unauthorized","timestamp":"2026-04-07T17:35:45.066Z"}
{"context":"CollectorController","level":"error","message":"Unauthorized","timestamp":"2026-04-07T17:35:45.067Z"}
{"context":"Mongoose","level":"info","message":"MongoDB connected","timestamp":"2026-04-07T17:41:56.349Z"}
{"context":"Bootstrap","level":"info","message":"Server running on http://localhost:3000 in development environment","timestamp":"2026-04-07T17:41:56.369Z"}
{"context":"Bootstrap","level":"info","message":"Swagger docs available at http://localhost:3000/api-docs","timestamp":"2026-04-07T17:41:56.370Z"}
{"context":"AuthController","level":"error","message":"OTP not verified","timestamp":"2026-04-07T17:42:23.845Z"}
{"context":"CollectorsService","level":"info","message":"logging in collector","timestamp":"2026-04-07T18:05:53.506Z"}
{"context":"CollectorsService","level":"info","message":"Getting collector stats","timestamp":"2026-04-07T18:05:56.843Z"}
{"context":"NotificationService","level":"info","message":"get list of notifications for user","timestamp":"2026-04-07T18:05:56.857Z"}
{"context":"AdminService","level":"info","message":"Getting all centers","timestamp":"2026-04-07T18:05:56.868Z"}
{"context":"DropsService","level":"info","message":"get list of drop offs","timestamp":"2026-04-07T18:05:56.880Z"}
{"context":"NotificationService","level":"info","message":"get list of notifications for user","timestamp":"2026-04-07T18:05:57.117Z"}
{"context":"CollectorsService","level":"info","message":"Getting collector stats","timestamp":"2026-04-07T18:05:57.123Z"}
{"context":"AdminService","level":"info","message":"Getting all centers","timestamp":"2026-04-07T18:05:57.304Z"}
{"context":"DropsService","level":"info","message":"get list of drop offs","timestamp":"2026-04-07T18:05:57.705Z"}
{"context":"AdminService","level":"info","message":"Getting closest centers","timestamp":"2026-04-07T18:06:02.510Z"}
{"context":"AdminService","level":"info","message":"Getting closest centers","timestamp":"2026-04-07T18:06:02.812Z"}
{"context":"AdminService","level":"info","message":"Getting closest centers","timestamp":"2026-04-07T18:06:03.050Z"}
{"context":"AdminService","level":"info","message":"Getting closest centers","timestamp":"2026-04-07T18:06:03.284Z"}
