{"context":"AdminService","level":"info","message":"Fetching admin profile","timestamp":"2026-01-08T08:00:36.540Z"}
{"context":"AdminService","level":"info","message":"Fetching admin profile","timestamp":"2026-01-08T08:00:38.471Z"}
{"context":"AdminService","level":"info","message":"Fetching admin profile","timestamp":"2026-01-08T08:08:02.096Z"}
{"context":"AdminService","level":"info","message":"Fetching admin profile","timestamp":"2026-01-08T08:08:06.518Z"}
{"context":"AdminService","level":"info","message":"Fetching admin profile","timestamp":"2026-01-08T12:29:51.288Z"}
{"context":"AdminService","level":"info","message":"Fetching admin profile","timestamp":"2026-01-08T12:29:53.217Z"}
{"context":"AdminService","level":"info","message":"Fetching admin profile","timestamp":"2026-01-08T12:37:52.605Z"}
{"context":"AdminService","level":"info","message":"Fetching admin profile","timestamp":"2026-01-08T12:37:52.889Z"}
{"context":"CollectorManagement","level":"info","message":"Getting all collectors","timestamp":"2026-01-08T12:37:53.923Z"}
{"context":"CollectorManagement","level":"info","message":"Getting all collectors","timestamp":"2026-01-08T12:37:54.333Z"}
{"context":"AdminService","level":"info","message":"Fetching admin profile","timestamp":"2026-01-08T12:38:17.339Z"}
{"context":"AdminService","level":"info","message":"Fetching admin profile","timestamp":"2026-01-08T12:38:18.470Z"}
{"context":"CollectorManagement","level":"info","message":"Getting all collectors","timestamp":"2026-01-08T12:38:19.752Z"}
{"context":"CollectorManagement","level":"info","message":"Getting all collectors","timestamp":"2026-01-08T12:38:20.218Z"}
{"context":"AdminService","level":"info","message":"Fetching admin profile","timestamp":"2026-01-08T12:38:33.852Z"}
{"context":"AdminService","level":"info","message":"Fetching admin profile","timestamp":"2026-01-08T12:38:34.085Z"}
{"context":"CollectorManagement","level":"info","message":"Getting all collectors","timestamp":"2026-01-08T12:38:35.135Z"}
{"context":"CollectorManagement","level":"info","message":"Getting all collectors","timestamp":"2026-01-08T12:38:35.415Z"}
{"context":"CollectorManagement","level":"info","message":"Getting all collectors","timestamp":"2026-01-08T12:42:35.906Z"}
{"context":"AdminService","level":"info","message":"Fetching admin profile","timestamp":"2026-01-08T12:42:35.912Z"}
{"context":"CollectorManagement","level":"info","message":"Getting all collectors","timestamp":"2026-01-08T12:42:36.222Z"}
{"context":"AdminService","level":"info","message":"Fetching admin profile","timestamp":"2026-01-08T12:42:38.775Z"}
{"context":"CollectorManagement","level":"info","message":"Getting all collectors","timestamp":"2026-01-08T12:43:39.562Z"}
{"context":"CollectorManagement","level":"info","message":"Getting all collectors","timestamp":"2026-01-08T12:47:23.998Z"}
{"context":"AdminService","level":"info","message":"Fetching admin profile","timestamp":"2026-01-08T12:47:24.004Z"}
{"context":"CollectorManagement","level":"info","message":"Getting all collectors","timestamp":"2026-01-08T12:47:24.253Z"}
{"context":"AdminService","level":"info","message":"Fetching admin profile","timestamp":"2026-01-08T12:47:24.306Z"}
{"context":"AdminService","level":"info","message":"Fetching admin profile","timestamp":"2026-01-08T12:47:49.500Z"}
{"context":"AdminService","level":"info","message":"Fetching admin profile","timestamp":"2026-01-08T12:47:49.765Z"}
{"context":"CollectorManagement","level":"info","message":"Getting all collectors","timestamp":"2026-01-08T12:47:50.237Z"}
{"context":"CollectorManagement","level":"info","message":"Getting all collectors","timestamp":"2026-01-08T12:47:51.910Z"}
{"context":"CollectorManagement","level":"info","message":"Getting all collectors","timestamp":"2026-01-08T12:47:52.183Z"}
{"context":"CollectorManagement","level":"info","message":"Getting all collectors","timestamp":"2026-01-08T12:47:52.416Z"}
{"context":"CollectorManagement","level":"info","message":"Getting all collectors","timestamp":"2026-01-08T12:47:52.741Z"}
{"context":"CollectorManagement","level":"info","message":"Getting all collectors","timestamp":"2026-01-08T12:47:52.984Z"}
{"context":"CollectorManagement","level":"info","message":"Getting all collectors","timestamp":"2026-01-08T12:47:53.220Z"}
{"context":"CollectorManagement","level":"info","message":"Getting all collectors","timestamp":"2026-01-08T12:47:53.487Z"}
{"context":"CollectorManagement","level":"info","message":"Getting all collectors","timestamp":"2026-01-08T12:47:53.901Z"}
{"context":"CollectorManagement","level":"info","message":"Getting all collectors","timestamp":"2026-01-08T12:47:54.280Z"}
{"context":"CollectorManagement","level":"info","message":"Getting all collectors","timestamp":"2026-01-08T12:47:54.547Z"}
{"context":"CollectorManagement","level":"info","message":"Getting all collectors","timestamp":"2026-01-08T12:47:54.981Z"}
{"context":"CollectorManagement","level":"info","message":"Getting all collectors","timestamp":"2026-01-08T12:47:55.226Z"}
{"context":"CollectorManagement","level":"info","message":"Getting all collectors","timestamp":"2026-01-08T12:47:55.495Z"}
{"context":"CollectorManagement","level":"info","message":"Getting all collectors","timestamp":"2026-01-08T12:47:55.791Z"}
{"context":"CollectorManagement","level":"info","message":"Getting all collectors","timestamp":"2026-01-08T12:47:56.146Z"}
{"context":"CollectorManagement","level":"info","message":"Getting all collectors","timestamp":"2026-01-08T12:47:56.394Z"}
{"context":"CollectorManagement","level":"info","message":"Getting all collectors","timestamp":"2026-01-08T12:47:56.650Z"}
{"context":"CollectorManagement","level":"info","message":"Getting all collectors","timestamp":"2026-01-08T12:47:56.954Z"}
{"context":"CollectorManagement","level":"info","message":"Getting all collectors","timestamp":"2026-01-08T12:47:57.247Z"}
{"context":"CollectorManagement","level":"info","message":"Getting all collectors","timestamp":"2026-01-08T12:47:58.107Z"}
{"context":"CollectorManagement","level":"info","message":"Getting all collectors","timestamp":"2026-01-08T12:47:58.362Z"}
{"context":"CollectorManagement","level":"info","message":"Getting all collectors","timestamp":"2026-01-08T12:47:58.620Z"}
{"context":"CollectorManagement","level":"info","message":"Getting all collectors","timestamp":"2026-01-08T12:47:58.982Z"}
{"context":"CollectorManagement","level":"info","message":"Getting all collectors","timestamp":"2026-01-08T12:47:59.227Z"}
{"context":"CollectorManagement","level":"info","message":"Getting all collectors","timestamp":"2026-01-08T12:47:59.483Z"}
{"context":"CollectorManagement","level":"info","message":"Getting all collectors","timestamp":"2026-01-08T12:47:59.751Z"}
{"context":"CollectorManagement","level":"info","message":"Getting all collectors","timestamp":"2026-01-08T12:48:00.027Z"}
{"context":"CollectorManagement","level":"info","message":"Getting all collectors","timestamp":"2026-01-08T12:48:00.287Z"}
{"context":"CollectorManagement","level":"info","message":"Getting all collectors","timestamp":"2026-01-08T12:48:00.528Z"}
{"context":"CollectorManagement","level":"info","message":"Getting all collectors","timestamp":"2026-01-08T12:48:00.766Z"}
{"context":"CollectorManagement","level":"info","message":"Getting all collectors","timestamp":"2026-01-08T12:48:00.997Z"}
{"context":"CollectorManagement","level":"info","message":"Getting all collectors","timestamp":"2026-01-08T12:48:01.250Z"}
{"context":"CollectorManagement","level":"info","message":"Getting all collectors","timestamp":"2026-01-08T12:48:01.499Z"}
{"context":"CollectorManagement","level":"info","message":"Getting all collectors","timestamp":"2026-01-08T12:48:01.744Z"}
{"context":"CollectorManagement","level":"info","message":"Getting all collectors","timestamp":"2026-01-08T12:48:01.988Z"}
{"context":"CollectorManagement","level":"info","message":"Getting all collectors","timestamp":"2026-01-08T12:48:02.243Z"}
{"context":"CollectorManagement","level":"info","message":"Getting all collectors","timestamp":"2026-01-08T12:48:02.480Z"}
{"context":"CollectorManagement","level":"info","message":"Getting all collectors","timestamp":"2026-01-08T12:48:02.724Z"}
{"context":"CollectorManagement","level":"info","message":"Getting all collectors","timestamp":"2026-01-08T12:48:03.635Z"}
{"context":"CollectorManagement","level":"info","message":"Getting all collectors","timestamp":"2026-01-08T12:48:03.914Z"}
{"context":"CollectorManagement","level":"info","message":"Getting all collectors","timestamp":"2026-01-08T12:48:04.181Z"}
{"context":"CollectorManagement","level":"info","message":"Getting all collectors","timestamp":"2026-01-08T12:48:04.464Z"}
{"context":"CollectorManagement","level":"info","message":"Getting all collectors","timestamp":"2026-01-08T12:48:04.813Z"}
{"context":"CollectorManagement","level":"info","message":"Getting all collectors","timestamp":"2026-01-08T12:48:05.188Z"}
{"context":"CollectorManagement","level":"info","message":"Getting all collectors","timestamp":"2026-01-08T12:48:05.449Z"}
{"context":"CollectorManagement","level":"info","message":"Getting all collectors","timestamp":"2026-01-08T12:48:05.710Z"}
{"context":"CollectorManagement","level":"info","message":"Getting all collectors","timestamp":"2026-01-08T12:48:05.963Z"}
{"context":"CollectorManagement","level":"info","message":"Getting all collectors","timestamp":"2026-01-08T12:48:06.224Z"}
{"context":"CollectorManagement","level":"info","message":"Getting all collectors","timestamp":"2026-01-08T12:48:06.461Z"}
{"context":"CollectorManagement","level":"info","message":"Getting all collectors","timestamp":"2026-01-08T12:48:06.702Z"}
{"context":"CollectorManagement","level":"info","message":"Getting all collectors","timestamp":"2026-01-08T12:48:06.960Z"}
{"context":"CollectorManagement","level":"info","message":"Getting all collectors","timestamp":"2026-01-08T12:48:07.267Z"}
{"context":"CollectorManagement","level":"info","message":"Getting all collectors","timestamp":"2026-01-08T12:48:07.527Z"}
{"context":"CollectorManagement","level":"info","message":"Getting all collectors","timestamp":"2026-01-08T12:48:07.797Z"}
{"context":"CollectorManagement","level":"info","message":"Getting all collectors","timestamp":"2026-01-08T12:48:08.044Z"}
{"context":"CollectorManagement","level":"info","message":"Getting all collectors","timestamp":"2026-01-08T12:48:08.288Z"}
{"context":"CollectorManagement","level":"info","message":"Getting all collectors","timestamp":"2026-01-08T12:48:08.576Z"}
{"context":"CollectorManagement","level":"info","message":"Getting all collectors","timestamp":"2026-01-08T12:48:08.826Z"}
{"context":"CollectorManagement","level":"info","message":"Getting all collectors","timestamp":"2026-01-08T12:48:09.061Z"}
{"context":"CollectorManagement","level":"info","message":"Getting all collectors","timestamp":"2026-01-08T12:48:09.348Z"}
{"context":"CollectorManagement","level":"info","message":"Getting all collectors","timestamp":"2026-01-08T12:48:09.646Z"}
{"context":"CollectorManagement","level":"info","message":"Getting all collectors","timestamp":"2026-01-08T12:48:09.904Z"}
{"context":"CollectorManagement","level":"info","message":"Getting all collectors","timestamp":"2026-01-08T12:48:10.143Z"}
{"context":"CollectorManagement","level":"info","message":"Getting all collectors","timestamp":"2026-01-08T12:48:10.395Z"}
{"context":"CollectorManagement","level":"info","message":"Getting all collectors","timestamp":"2026-01-08T12:48:10.647Z"}
{"context":"CollectorManagement","level":"info","message":"Getting all collectors","timestamp":"2026-01-08T12:48:10.893Z"}
{"context":"CollectorManagement","level":"info","message":"Getting all collectors","timestamp":"2026-01-08T12:48:11.142Z"}
{"context":"CollectorManagement","level":"info","message":"Getting all collectors","timestamp":"2026-01-08T12:48:11.392Z"}
{"context":"CollectorManagement","level":"info","message":"Getting all collectors","timestamp":"2026-01-08T12:48:12.045Z"}
{"context":"CollectorManagement","level":"info","message":"Getting all collectors","timestamp":"2026-01-08T12:48:12.311Z"}
{"context":"CollectorManagement","level":"info","message":"Getting all collectors","timestamp":"2026-01-08T12:48:12.547Z"}
{"context":"CollectorManagement","level":"info","message":"Getting all collectors","timestamp":"2026-01-08T12:48:12.848Z"}
{"context":"CollectorManagement","level":"info","message":"Getting all collectors","timestamp":"2026-01-08T12:48:13.102Z"}
{"context":"CollectorManagement","level":"info","message":"Getting all collectors","timestamp":"2026-01-08T12:48:13.342Z"}
{"context":"CollectorManagement","level":"info","message":"Getting all collectors","timestamp":"2026-01-08T12:48:13.608Z"}
{"context":"CollectorManagement","level":"info","message":"Getting all collectors","timestamp":"2026-01-08T12:48:13.996Z"}
{"context":"CollectorManagement","level":"info","message":"Getting all collectors","timestamp":"2026-01-08T12:48:14.275Z"}
{"context":"CollectorManagement","level":"info","message":"Getting all collectors","timestamp":"2026-01-08T12:48:14.574Z"}
{"context":"CollectorManagement","level":"info","message":"Getting all collectors","timestamp":"2026-01-08T12:48:14.953Z"}
{"context":"CollectorManagement","level":"info","message":"Getting all collectors","timestamp":"2026-01-08T12:48:15.296Z"}
{"context":"CollectorManagement","level":"info","message":"Getting all collectors","timestamp":"2026-01-08T12:48:15.675Z"}
{"context":"CollectorManagement","level":"info","message":"Getting all collectors","timestamp":"2026-01-08T12:48:15.925Z"}
{"context":"CollectorManagement","level":"info","message":"Getting all collectors","timestamp":"2026-01-08T12:48:16.276Z"}
{"context":"CollectorManagement","level":"info","message":"Getting all collectors","timestamp":"2026-01-08T12:48:16.526Z"}
{"context":"CollectorManagement","level":"info","message":"Getting all collectors","timestamp":"2026-01-08T12:48:16.763Z"}
{"context":"CollectorManagement","level":"info","message":"Getting all collectors","timestamp":"2026-01-08T12:48:17.011Z"}
{"context":"CollectorManagement","level":"info","message":"Getting all collectors","timestamp":"2026-01-08T12:48:17.275Z"}
{"context":"CollectorManagement","level":"info","message":"Getting all collectors","timestamp":"2026-01-08T12:48:17.524Z"}
{"context":"CollectorManagement","level":"info","message":"Getting all collectors","timestamp":"2026-01-08T12:48:17.760Z"}
{"context":"CollectorManagement","level":"info","message":"Getting all collectors","timestamp":"2026-01-08T12:48:18.009Z"}
{"context":"CollectorManagement","level":"info","message":"Getting all collectors","timestamp":"2026-01-08T12:48:18.290Z"}
{"context":"CollectorManagement","level":"info","message":"Getting all collectors","timestamp":"2026-01-08T12:48:18.560Z"}
{"context":"CollectorManagement","level":"info","message":"Getting all collectors","timestamp":"2026-01-08T12:48:18.799Z"}
{"context":"CollectorManagement","level":"info","message":"Getting all collectors","timestamp":"2026-01-08T12:48:19.081Z"}
{"context":"CollectorManagement","level":"info","message":"Getting all collectors","timestamp":"2026-01-08T12:48:19.317Z"}
{"context":"CollectorManagement","level":"info","message":"Getting all collectors","timestamp":"2026-01-08T12:48:19.563Z"}
{"context":"CollectorManagement","level":"info","message":"Getting all collectors","timestamp":"2026-01-08T12:48:19.811Z"}
{"context":"CollectorManagement","level":"info","message":"Getting all collectors","timestamp":"2026-01-08T12:48:20.078Z"}
{"context":"CollectorManagement","level":"info","message":"Getting all collectors","timestamp":"2026-01-08T12:48:20.342Z"}
{"context":"CollectorManagement","level":"info","message":"Getting all collectors","timestamp":"2026-01-08T12:48:20.595Z"}
{"context":"CollectorManagement","level":"info","message":"Getting all collectors","timestamp":"2026-01-08T12:48:21.498Z"}
{"context":"CollectorManagement","level":"info","message":"Getting all collectors","timestamp":"2026-01-08T12:48:21.992Z"}
{"context":"CollectorManagement","level":"info","message":"Getting all collectors","timestamp":"2026-01-08T12:48:22.398Z"}
{"context":"CollectorManagement","level":"info","message":"Getting all collectors","timestamp":"2026-01-08T12:48:22.765Z"}
{"context":"CollectorManagement","level":"info","message":"Getting all collectors","timestamp":"2026-01-08T12:48:23.281Z"}
{"context":"CollectorManagement","level":"info","message":"Getting all collectors","timestamp":"2026-01-08T12:48:23.641Z"}
{"context":"CollectorManagement","level":"info","message":"Getting all collectors","timestamp":"2026-01-08T12:48:24.100Z"}
{"context":"CollectorManagement","level":"info","message":"Getting all collectors","timestamp":"2026-01-08T12:48:24.664Z"}
{"context":"CollectorManagement","level":"info","message":"Getting all collectors","timestamp":"2026-01-08T12:48:25.193Z"}
{"context":"CollectorManagement","level":"info","message":"Getting all collectors","timestamp":"2026-01-08T12:48:25.585Z"}
{"context":"CollectorManagement","level":"info","message":"Getting all collectors","timestamp":"2026-01-08T12:48:25.933Z"}
{"context":"CollectorManagement","level":"info","message":"Getting all collectors","timestamp":"2026-01-08T12:48:26.335Z"}
{"context":"CollectorManagement","level":"info","message":"Getting all collectors","timestamp":"2026-01-08T12:48:26.678Z"}
{"context":"CollectorManagement","level":"info","message":"Getting all collectors","timestamp":"2026-01-08T12:48:27.140Z"}
{"context":"CollectorManagement","level":"info","message":"Getting all collectors","timestamp":"2026-01-08T12:48:28.094Z"}
{"context":"CollectorManagement","level":"info","message":"Getting all collectors","timestamp":"2026-01-08T12:48:28.460Z"}
{"context":"CollectorManagement","level":"info","message":"Getting all collectors","timestamp":"2026-01-08T12:48:28.803Z"}
{"context":"CollectorManagement","level":"info","message":"Getting all collectors","timestamp":"2026-01-08T12:48:29.159Z"}
{"context":"CollectorManagement","level":"info","message":"Getting all collectors","timestamp":"2026-01-08T12:48:29.503Z"}
{"context":"CollectorManagement","level":"info","message":"Getting all collectors","timestamp":"2026-01-08T12:48:29.898Z"}
{"context":"CollectorManagement","level":"info","message":"Getting all collectors","timestamp":"2026-01-08T12:48:30.927Z"}
{"context":"CollectorManagement","level":"info","message":"Getting all collectors","timestamp":"2026-01-08T12:48:31.830Z"}
{"context":"AdminService","level":"info","message":"Fetching admin profile","timestamp":"2026-01-08T12:48:35.999Z"}
{"context":"AdminService","level":"info","message":"Fetching admin profile","timestamp":"2026-01-08T12:48:36.251Z"}
{"context":"CollectorManagement","level":"info","message":"Getting all collectors","timestamp":"2026-01-08T12:48:37.160Z"}
{"context":"CollectorManagement","level":"info","message":"Getting all collectors","timestamp":"2026-01-08T12:48:37.477Z"}
{"context":"AdminService","level":"info","message":"Fetching admin profile","timestamp":"2026-01-08T12:50:31.483Z"}
{"context":"AdminService","level":"info","message":"Fetching admin profile","timestamp":"2026-01-08T12:50:31.838Z"}
{"context":"AdminService","level":"info","message":"Fetching admin profile","timestamp":"2026-01-08T12:50:49.431Z"}
{"context":"AdminService","level":"info","message":"Fetching admin profile","timestamp":"2026-01-08T12:50:49.729Z"}
{"context":"AdminService","level":"info","message":"Fetching admin profile","timestamp":"2026-01-08T12:51:00.292Z"}
{"context":"AdminService","level":"info","message":"Fetching admin profile","timestamp":"2026-01-08T12:51:00.777Z"}
{"context":"CollectorManagement","level":"info","message":"Getting all collectors","timestamp":"2026-01-08T12:51:03.284Z"}
{"context":"CollectorManagement","level":"info","message":"Getting all collectors","timestamp":"2026-01-08T12:51:03.522Z"}
{"context":"Mongoose","level":"info","message":"MongoDB connected","timestamp":"2026-01-08T12:52:16.750Z"}
{"context":"Bootstrap","level":"info","message":"Server running on http://localhost:3000 in development environment","timestamp":"2026-01-08T12:52:16.779Z"}
{"context":"Bootstrap","level":"info","message":"Swagger docs available at http://localhost:3000/api-docs","timestamp":"2026-01-08T12:52:16.780Z"}
{"context":"AdminService","level":"info","message":"Fetching admin profile","timestamp":"2026-01-08T12:52:22.474Z"}
{"context":"AdminService","level":"info","message":"Fetching admin profile","timestamp":"2026-01-08T12:52:22.751Z"}
{"context":"CollectorManagement","level":"info","message":"Getting all collectors","timestamp":"2026-01-08T12:52:22.945Z"}
{"context":"CollectorManagement","level":"info","message":"Getting all collectors","timestamp":"2026-01-08T12:52:23.286Z"}
{"context":"CollectorManagement","level":"info","message":"Getting all collectors","timestamp":"2026-01-08T12:57:21.515Z"}
{"context":"CollectorManagement","level":"info","message":"Getting all collectors","timestamp":"2026-01-08T12:57:22.207Z"}
{"context":"Mongoose","level":"info","message":"MongoDB connected","timestamp":"2026-01-08T13:03:09.861Z"}
{"context":"Bootstrap","level":"info","message":"Server running on http://localhost:3000 in development environment","timestamp":"2026-01-08T13:03:09.879Z"}
{"context":"Bootstrap","level":"info","message":"Swagger docs available at http://localhost:3000/api-docs","timestamp":"2026-01-08T13:03:09.879Z"}
{"context":"Mongoose","level":"info","message":"MongoDB connected","timestamp":"2026-01-08T13:03:57.971Z"}
{"context":"Bootstrap","level":"info","message":"Server running on http://localhost:3000 in development environment","timestamp":"2026-01-08T13:03:57.995Z"}
{"context":"Bootstrap","level":"info","message":"Swagger docs available at http://localhost:3000/api-docs","timestamp":"2026-01-08T13:03:57.996Z"}
{"context":"Mongoose","level":"info","message":"MongoDB connected","timestamp":"2026-01-08T13:04:15.172Z"}
{"context":"Bootstrap","level":"info","message":"Server running on http://localhost:3000 in development environment","timestamp":"2026-01-08T13:04:15.194Z"}
{"context":"Bootstrap","level":"info","message":"Swagger docs available at http://localhost:3000/api-docs","timestamp":"2026-01-08T13:04:15.196Z"}
{"context":"AdminService","level":"info","message":"logging in admin","timestamp":"2026-01-08T13:04:44.491Z"}
{"context":"AdminService","level":"info","message":"Getting all centers","timestamp":"2026-01-08T13:05:01.449Z"}
{"context":"AdminService","level":"info","message":"Getting all centers","timestamp":"2026-01-08T13:05:25.117Z"}
{"context":"AdminService","level":"info","message":"Getting all centers","timestamp":"2026-01-08T13:05:25.351Z"}
{"context":"AdminService","level":"info","message":"Getting all centers","timestamp":"2026-01-08T13:13:25.422Z"}
{"context":"AdminService","level":"info","message":"Fetching admin profile","timestamp":"2026-01-08T13:13:25.430Z"}
{"context":"AdminService","level":"info","message":"Getting all centers","timestamp":"2026-01-08T13:13:25.678Z"}
{"context":"AdminService","level":"info","message":"Fetching admin profile","timestamp":"2026-01-08T13:13:25.701Z"}
{"context":"AdminService","level":"info","message":"Fetching admin profile","timestamp":"2026-01-08T13:15:37.642Z"}
{"context":"AdminService","level":"info","message":"Fetching admin profile","timestamp":"2026-01-08T13:15:37.922Z"}
{"context":"AdminService","level":"info","message":"Getting all centers","timestamp":"2026-01-08T13:15:38.462Z"}
{"context":"AdminService","level":"info","message":"Getting all centers","timestamp":"2026-01-08T13:15:38.726Z"}
{"context":"AdminService","level":"info","message":"Fetching admin profile","timestamp":"2026-01-08T13:16:21.590Z"}
{"context":"AdminService","level":"info","message":"Fetching admin profile","timestamp":"2026-01-08T13:16:21.854Z"}
{"context":"AdminService","level":"info","message":"Getting all centers","timestamp":"2026-01-08T13:16:22.152Z"}
{"context":"AdminService","level":"info","message":"Getting all centers","timestamp":"2026-01-08T13:16:22.424Z"}
{"context":"AdminService","level":"info","message":"Fetching admin profile","timestamp":"2026-01-08T13:20:06.278Z"}
{"context":"AdminService","level":"info","message":"Fetching admin profile","timestamp":"2026-01-08T13:20:06.542Z"}
{"context":"AdminService","level":"info","message":"Getting all centers","timestamp":"2026-01-08T13:20:07.697Z"}
{"context":"AdminService","level":"info","message":"Getting all centers","timestamp":"2026-01-08T13:20:08.014Z"}
{"context":"CenterManagementController","level":"error","message":"File is required","timestamp":"2026-01-08T13:35:35.467Z"}
{"context":"AdminService","level":"info","message":"Fetching admin profile","timestamp":"2026-01-08T13:36:44.999Z"}
{"context":"AdminService","level":"info","message":"Fetching admin profile","timestamp":"2026-01-08T13:36:45.249Z"}
{"context":"AdminService","level":"info","message":"Getting all centers","timestamp":"2026-01-08T13:36:45.980Z"}
{"context":"AdminService","level":"info","message":"Getting all centers","timestamp":"2026-01-08T13:36:46.236Z"}
{"context":"Mongoose","level":"info","message":"MongoDB connected","timestamp":"2026-01-08T13:42:43.937Z"}
{"context":"Mongoose","level":"info","message":"MongoDB connected","timestamp":"2026-01-08T13:45:53.314Z"}
{"context":"Bootstrap","level":"info","message":"Server running on http://localhost:3000 in development environment","timestamp":"2026-01-08T13:45:53.331Z"}
{"context":"Bootstrap","level":"info","message":"Swagger docs available at http://localhost:3000/api-docs","timestamp":"2026-01-08T13:45:53.331Z"}
{"context":"AdminService","level":"info","message":"Fetching admin profile","timestamp":"2026-01-08T13:50:12.584Z"}
{"context":"AdminService","level":"info","message":"Fetching admin profile","timestamp":"2026-01-08T13:50:12.888Z"}
{"context":"AdminService","level":"info","message":"Getting all centers","timestamp":"2026-01-08T13:50:13.353Z"}
{"context":"AdminService","level":"info","message":"Getting all centers","timestamp":"2026-01-08T13:50:13.864Z"}
{"context":"AdminService","level":"info","message":"Fetching admin profile","timestamp":"2026-01-08T13:51:48.317Z"}
{"context":"AdminService","level":"info","message":"Fetching admin profile","timestamp":"2026-01-08T13:51:48.578Z"}
{"context":"AdminService","level":"info","message":"Getting all centers","timestamp":"2026-01-08T13:51:49.045Z"}
{"context":"AdminService","level":"info","message":"Getting all centers","timestamp":"2026-01-08T13:51:49.298Z"}
{"context":"AdminService","level":"info","message":"Fetching admin profile","timestamp":"2026-01-08T13:54:09.064Z"}
{"context":"AdminService","level":"info","message":"Fetching admin profile","timestamp":"2026-01-08T13:54:09.329Z"}
{"context":"AdminService","level":"info","message":"Getting all centers","timestamp":"2026-01-08T13:54:09.835Z"}
{"context":"AdminService","level":"info","message":"Getting all centers","timestamp":"2026-01-08T13:54:10.102Z"}
{"context":"AdminService","level":"info","message":"Fetching admin profile","timestamp":"2026-01-08T13:58:06.047Z"}
{"context":"AdminService","level":"info","message":"Fetching admin profile","timestamp":"2026-01-08T13:58:06.306Z"}
{"context":"AdminService","level":"info","message":"Getting all centers","timestamp":"2026-01-08T13:58:06.846Z"}
{"context":"AdminService","level":"info","message":"Getting all centers","timestamp":"2026-01-08T13:58:07.139Z"}
{"context":"CollectorManagement","level":"info","message":"Getting all collectors","timestamp":"2026-01-08T13:59:34.176Z"}
{"context":"CollectorManagement","level":"info","message":"Getting all collectors","timestamp":"2026-01-08T13:59:34.422Z"}
{"context":"AdminService","level":"info","message":"Getting all centers","timestamp":"2026-01-08T14:00:39.516Z"}
{"context":"AdminService","level":"info","message":"Getting all centers","timestamp":"2026-01-08T14:00:39.935Z"}
{"context":"AdminService","level":"info","message":"Fetching admin profile","timestamp":"2026-01-08T14:03:14.776Z"}
{"context":"AdminService","level":"info","message":"Fetching admin profile","timestamp":"2026-01-08T14:03:15.024Z"}
{"context":"AdminService","level":"info","message":"Getting all centers","timestamp":"2026-01-08T14:03:15.494Z"}
{"context":"AdminService","level":"info","message":"Getting all centers","timestamp":"2026-01-08T14:03:15.758Z"}
{"context":"AdminService","level":"info","message":"Getting all centers","timestamp":"2026-01-08T14:32:38.919Z"}
{"context":"AdminService","level":"info","message":"Getting all centers","timestamp":"2026-01-08T14:32:39.174Z"}
{"context":"AdminService","level":"info","message":"Getting all centers","timestamp":"2026-01-08T14:32:53.512Z"}
{"context":"AdminService","level":"info","message":"Fetching admin profile","timestamp":"2026-01-08T17:37:56.747Z"}
{"context":"AdminService","level":"info","message":"Fetching admin profile","timestamp":"2026-01-08T17:38:16.780Z"}
{"context":"AdminController","level":"error","message":"Socket 'secureConnect' timed out after 30992ms (connectTimeoutMS: 30000)","timestamp":"2026-01-08T17:40:48.930Z"}
{"context":"AdminService","level":"info","message":"Getting all centers","timestamp":"2026-01-08T18:26:57.575Z"}
{"context":"AdminService","level":"info","message":"Fetching admin profile","timestamp":"2026-01-08T18:26:57.608Z"}
{"context":"AdminService","level":"info","message":"Fetching admin profile","timestamp":"2026-01-08T18:27:01.761Z"}
{"context":"AdminService","level":"info","message":"Getting all centers","timestamp":"2026-01-08T18:27:06.108Z"}
{"context":"AdminService","level":"info","message":"Fetching admin profile","timestamp":"2026-01-08T18:29:35.490Z"}
{"context":"AdminService","level":"info","message":"Fetching admin profile","timestamp":"2026-01-08T18:29:35.732Z"}
{"context":"adminManagement","level":"info","message":"Getting all admin","timestamp":"2026-01-08T18:29:36.150Z"}
{"context":"adminManagement","level":"info","message":"Getting all admin","timestamp":"2026-01-08T18:29:36.661Z"}
{"context":"adminManagement","level":"info","message":"Getting all admin","timestamp":"2026-01-08T18:31:50.813Z"}
{"context":"AdminService","level":"info","message":"Fetching admin profile","timestamp":"2026-01-08T18:31:50.833Z"}
{"context":"adminManagement","level":"info","message":"Getting all admin","timestamp":"2026-01-08T18:31:51.278Z"}
{"context":"AdminService","level":"info","message":"Fetching admin profile","timestamp":"2026-01-08T18:31:51.284Z"}
{"context":"AdminService","level":"info","message":"Fetching admin profile","timestamp":"2026-01-08T18:34:06.436Z"}
{"context":"AdminService","level":"info","message":"Fetching admin profile","timestamp":"2026-01-08T18:34:09.024Z"}
{"context":"adminManagement","level":"info","message":"Getting all admin","timestamp":"2026-01-08T18:34:09.639Z"}
{"context":"adminManagement","level":"info","message":"Getting all admin","timestamp":"2026-01-08T18:34:09.884Z"}
{"context":"AdminService","level":"info","message":"Fetching admin profile","timestamp":"2026-01-08T18:47:06.898Z"}
{"context":"AdminService","level":"info","message":"Fetching admin profile","timestamp":"2026-01-08T18:47:10.909Z"}
{"context":"adminManagement","level":"info","message":"Getting all admin","timestamp":"2026-01-08T18:47:11.586Z"}
{"context":"adminManagement","level":"info","message":"Getting all admin","timestamp":"2026-01-08T18:47:14.640Z"}
{"context":"adminManagement","level":"info","message":"Adding admin","timestamp":"2026-01-08T18:47:32.587Z"}
{"context":"AdminManagementController","level":"error","message":"Admin already added","timestamp":"2026-01-08T18:47:32.871Z"}
{"context":"adminManagement","level":"info","message":"Getting all admin","timestamp":"2026-01-08T18:48:30.385Z"}
{"context":"AdminService","level":"info","message":"Fetching admin profile","timestamp":"2026-01-08T18:48:30.391Z"}
{"context":"AdminService","level":"info","message":"Fetching admin profile","timestamp":"2026-01-08T18:48:31.124Z"}
{"context":"adminManagement","level":"info","message":"Getting all admin","timestamp":"2026-01-08T18:48:31.760Z"}
{"context":"adminManagement","level":"info","message":"Adding admin","timestamp":"2026-01-08T18:48:51.114Z"}
{"context":"AdminManagementController","level":"error","message":"Failed to hash password.","timestamp":"2026-01-08T18:48:52.519Z"}
{"context":"Mongoose","level":"info","message":"MongoDB connected","timestamp":"2026-01-08T18:51:50.482Z"}
{"context":"Bootstrap","level":"info","message":"Server running on http://localhost:3000 in development environment","timestamp":"2026-01-08T18:51:50.509Z"}
{"context":"Bootstrap","level":"info","message":"Swagger docs available at http://localhost:3000/api-docs","timestamp":"2026-01-08T18:51:50.509Z"}
{"context":"adminManagement","level":"info","message":"Adding admin","timestamp":"2026-01-08T18:52:59.643Z"}
{"context":"AdminManagementController","level":"error","message":"Failed to hash password.","timestamp":"2026-01-08T18:52:59.961Z"}
{"context":"Mongoose","level":"info","message":"MongoDB connected","timestamp":"2026-01-08T18:53:25.270Z"}
{"context":"Bootstrap","level":"info","message":"Server running on http://localhost:3000 in development environment","timestamp":"2026-01-08T18:53:25.295Z"}
{"context":"Bootstrap","level":"info","message":"Swagger docs available at http://localhost:3000/api-docs","timestamp":"2026-01-08T18:53:25.296Z"}
{"context":"Mongoose","level":"info","message":"MongoDB connected","timestamp":"2026-01-08T18:55:47.996Z"}
{"context":"Bootstrap","level":"info","message":"Server running on http://localhost:3000 in development environment","timestamp":"2026-01-08T18:55:48.019Z"}
{"context":"Bootstrap","level":"info","message":"Swagger docs available at http://localhost:3000/api-docs","timestamp":"2026-01-08T18:55:48.020Z"}
{"context":"Mongoose","level":"info","message":"MongoDB connected","timestamp":"2026-01-08T18:56:01.709Z"}
{"context":"Bootstrap","level":"info","message":"Server running on http://localhost:3000 in development environment","timestamp":"2026-01-08T18:56:01.736Z"}
{"context":"Bootstrap","level":"info","message":"Swagger docs available at http://localhost:3000/api-docs","timestamp":"2026-01-08T18:56:01.742Z"}
{"context":"Mongoose","level":"info","message":"MongoDB connected","timestamp":"2026-01-08T18:56:27.867Z"}
{"context":"Bootstrap","level":"info","message":"Server running on http://localhost:3000 in development environment","timestamp":"2026-01-08T18:56:27.896Z"}
{"context":"Bootstrap","level":"info","message":"Swagger docs available at http://localhost:3000/api-docs","timestamp":"2026-01-08T18:56:27.897Z"}
{"context":"Mongoose","level":"info","message":"MongoDB connected","timestamp":"2026-01-08T18:56:46.144Z"}
{"context":"Bootstrap","level":"info","message":"Server running on http://localhost:3000 in development environment","timestamp":"2026-01-08T18:56:46.174Z"}
{"context":"Bootstrap","level":"info","message":"Swagger docs available at http://localhost:3000/api-docs","timestamp":"2026-01-08T18:56:46.175Z"}
{"context":"Mongoose","level":"info","message":"MongoDB connected","timestamp":"2026-01-08T18:57:20.189Z"}
{"context":"Bootstrap","level":"info","message":"Server running on http://localhost:3000 in development environment","timestamp":"2026-01-08T18:57:20.218Z"}
{"context":"Bootstrap","level":"info","message":"Swagger docs available at http://localhost:3000/api-docs","timestamp":"2026-01-08T18:57:20.219Z"}
{"context":"Mongoose","level":"error","message":"Server selection timed out after 30000 ms","timestamp":"2026-01-08T18:57:57.135Z"}
{"context":"Mongoose","level":"info","message":"MongoDB connected","timestamp":"2026-01-08T18:58:21.467Z"}
{"context":"Bootstrap","level":"info","message":"Server running on http://localhost:3000 in development environment","timestamp":"2026-01-08T18:58:21.506Z"}
{"context":"Bootstrap","level":"info","message":"Swagger docs available at http://localhost:3000/api-docs","timestamp":"2026-01-08T18:58:21.507Z"}
{"context":"adminManagement","level":"info","message":"Adding admin","timestamp":"2026-01-08T18:58:32.355Z"}
{"context":"AdminManagementController","level":"error","message":"Failed to hash password.","timestamp":"2026-01-08T18:58:32.640Z"}
{"context":"Mongoose","level":"info","message":"MongoDB connected","timestamp":"2026-01-08T18:58:54.482Z"}
{"context":"Bootstrap","level":"info","message":"Server running on http://localhost:3000 in development environment","timestamp":"2026-01-08T18:58:54.500Z"}
{"context":"Bootstrap","level":"info","message":"Swagger docs available at http://localhost:3000/api-docs","timestamp":"2026-01-08T18:58:54.501Z"}
{"context":"adminManagement","level":"info","message":"Adding admin","timestamp":"2026-01-08T18:59:10.347Z"}
{"context":"AdminManagementController","level":"error","message":"Admins validation failed: role: `Admin` is not a valid enum value for path `role`.","timestamp":"2026-01-08T18:59:10.708Z"}
{"context":"AdminService","level":"info","message":"Fetching admin profile","timestamp":"2026-01-08T19:02:30.911Z"}
{"context":"AdminService","level":"info","message":"Fetching admin profile","timestamp":"2026-01-08T19:02:32.287Z"}
{"context":"adminManagement","level":"info","message":"Getting all admin","timestamp":"2026-01-08T19:02:32.669Z"}
{"context":"adminManagement","level":"info","message":"Getting all admin","timestamp":"2026-01-08T19:02:32.948Z"}
{"context":"adminManagement","level":"info","message":"Adding admin","timestamp":"2026-01-08T19:02:47.271Z"}
{"context":"EmailService","level":"info","message":"Email sent to josiahelias11@gmail.com","timestamp":"2026-01-08T19:02:48.989Z"}
{"context":"adminManagement","level":"info","message":"Adding admin","timestamp":"2026-01-08T19:04:14.444Z"}
{"context":"EmailService","level":"info","message":"Email sent to josiahelias11@gmail.co","timestamp":"2026-01-08T19:04:15.857Z"}
{"context":"adminManagement","level":"info","message":"Adding admin","timestamp":"2026-01-08T19:09:38.638Z"}
{"context":"EmailService","level":"error","message":"Bad Request","timestamp":"2026-01-08T19:09:43.305Z"}
{"context":"AdminManagementController","level":"error","message":"Bad Request","timestamp":"2026-01-08T19:09:43.309Z"}
{"context":"adminManagement","level":"info","message":"Adding admin","timestamp":"2026-01-08T19:12:12.090Z"}
{"context":"EmailService","level":"info","message":"Email sent to josiahelias11@gmail.com","timestamp":"2026-01-08T19:12:14.964Z"}
{"context":"adminManagement","level":"info","message":"Getting all admin","timestamp":"2026-01-08T19:12:14.990Z"}
