{"context":"adminManagement","level":"info","message":"Getting all admin","timestamp":"2026-05-29T11:31:16.168Z"}
{"context":"adminManagement","level":"info","message":"Getting all admin","timestamp":"2026-05-29T11:31:16.625Z"}
{"context":"Mongoose","level":"info","message":"MongoDB connected","timestamp":"2026-05-29T11:32:05.773Z"}
{"context":"Bootstrap","level":"info","message":"Server running on http://localhost:3000 in development environment","timestamp":"2026-05-29T11:32:05.794Z"}
{"context":"Bootstrap","level":"info","message":"Swagger docs available at http://localhost:3000/api-docs","timestamp":"2026-05-29T11:32:05.795Z"}
{"context":"adminManagement","level":"info","message":"Adding admin","timestamp":"2026-05-29T11:33:30.414Z"}
{"context":"AdminManagementController","level":"error","message":"Failed to hash password.","timestamp":"2026-05-29T11:33:30.753Z"}
{"context":"adminManagement","level":"info","message":"Adding admin","timestamp":"2026-05-29T11:33:34.020Z"}
{"context":"AdminManagementController","level":"error","message":"Failed to hash password.","timestamp":"2026-05-29T11:33:34.221Z"}
{"context":"adminManagement","level":"info","message":"Adding admin","timestamp":"2026-05-29T11:33:36.845Z"}
{"context":"AdminManagementController","level":"error","message":"Failed to hash password.","timestamp":"2026-05-29T11:33:37.107Z"}
{"context":"CenterService","level":"info","message":"Getting all centers","timestamp":"2026-05-29T11:35:24.804Z"}
{"context":"CenterService","level":"info","message":"Getting all centers","timestamp":"2026-05-29T11:35:25.045Z"}
{"context":"AuthController","level":"error","message":"Invalid or expired OTP","timestamp":"2026-05-29T11:46:31.058Z"}
{"context":"adminManagement","level":"info","message":"Getting all admin","timestamp":"2026-05-29T11:46:51.151Z"}
{"context":"adminManagement","level":"info","message":"Getting all admin","timestamp":"2026-05-29T11:46:51.373Z"}
{"context":"adminManagement","level":"info","message":"Getting all admin","timestamp":"2026-05-29T11:46:54.061Z"}
{"context":"adminManagement","level":"info","message":"Getting all admin","timestamp":"2026-05-29T11:46:54.430Z"}
{"context":"CollectorManagement","level":"info","message":"Getting all collectors","timestamp":"2026-05-29T11:46:58.374Z"}
{"context":"CollectorManagement","level":"info","message":"Getting all collectors","timestamp":"2026-05-29T11:46:58.618Z"}
{"context":"CollectorManagement","level":"info","message":"Updating collector status","timestamp":"2026-05-29T11:47:02.354Z"}
{"context":"Logs service","level":"info","message":"Adding a new log","timestamp":"2026-05-29T11:47:02.607Z"}
{"context":"CollectorManagement","level":"info","message":"Getting all collectors","timestamp":"2026-05-29T11:47:05.116Z"}
{"context":"CollectorManagement","level":"info","message":"Updating collector status","timestamp":"2026-05-29T11:47:08.823Z"}
{"context":"Logs service","level":"info","message":"Adding a new log","timestamp":"2026-05-29T11:47:09.039Z"}
{"context":"CollectorManagement","level":"info","message":"Getting all collectors","timestamp":"2026-05-29T11:47:11.517Z"}
{"context":"CenterService","level":"info","message":"Getting all centers","timestamp":"2026-05-29T11:47:42.436Z"}
{"context":"CenterService","level":"info","message":"Getting all centers","timestamp":"2026-05-29T11:47:42.644Z"}
{"context":"CenterManagement","level":"info","message":"Updating center status","timestamp":"2026-05-29T11:47:47.954Z"}
{"context":"Logs service","level":"info","message":"Adding a new log","timestamp":"2026-05-29T11:47:48.169Z"}
{"context":"CenterService","level":"info","message":"Getting all centers","timestamp":"2026-05-29T11:47:50.639Z"}
{"context":"CenterService","level":"info","message":"Getting all centers","timestamp":"2026-05-29T11:47:58.442Z"}
{"context":"CenterService","level":"info","message":"Getting all centers","timestamp":"2026-05-29T11:47:58.690Z"}
{"context":"Dashboard service","level":"info","message":"Getting dashboard graph stats","timestamp":"2026-05-29T11:48:06.403Z"}
{"context":"Dashboard service","level":"info","message":"Getting dashboard graph stats","timestamp":"2026-05-29T11:48:06.622Z"}
{"context":"Logs service","level":"info","message":"Getting list of logs","timestamp":"2026-05-29T11:48:09.036Z"}
{"context":"Logs service","level":"info","message":"Getting list of logs","timestamp":"2026-05-29T11:48:09.502Z"}
{"context":"adminManagement","level":"info","message":"Getting all admin","timestamp":"2026-05-29T11:48:15.077Z"}
{"context":"adminManagement","level":"info","message":"Getting all admin","timestamp":"2026-05-29T11:48:15.291Z"}
{"context":"AdminService","level":"info","message":"Updating admin profile","timestamp":"2026-05-29T11:48:25.307Z"}
{"context":"AdminService","level":"info","message":"logging in admin","timestamp":"2026-05-29T11:48:36.543Z"}
{"context":"Dashboard service","level":"info","message":"Getting dashboard graph stats","timestamp":"2026-05-29T11:48:39.159Z"}
{"context":"Dashboard service","level":"info","message":"Getting dashboard stats","timestamp":"2026-05-29T11:48:39.171Z"}
{"context":"Dashboard service","level":"info","message":"Getting dashboard graph stats","timestamp":"2026-05-29T11:48:39.384Z"}
{"context":"Dashboard service","level":"info","message":"Getting dashboard stats","timestamp":"2026-05-29T11:48:41.187Z"}
{"context":"AdminService","level":"info","message":"Updating admin profile","timestamp":"2026-05-29T11:51:23.248Z"}
{"context":"AdminService","level":"info","message":"logging in admin","timestamp":"2026-05-29T11:51:36.104Z"}
{"context":"Dashboard service","level":"info","message":"Getting dashboard graph stats","timestamp":"2026-05-29T11:51:38.598Z"}
{"context":"Dashboard service","level":"info","message":"Getting dashboard stats","timestamp":"2026-05-29T11:51:38.615Z"}
{"context":"Dashboard service","level":"info","message":"Getting dashboard graph stats","timestamp":"2026-05-29T11:51:38.907Z"}
{"context":"Dashboard service","level":"info","message":"Getting dashboard stats","timestamp":"2026-05-29T11:51:40.278Z"}
{"context":"AdminService","level":"info","message":"Updating admin profile","timestamp":"2026-05-29T11:52:11.523Z"}
{"context":"Dashboard service","level":"info","message":"Getting dashboard graph stats","timestamp":"2026-05-29T11:52:46.465Z"}
{"context":"Dashboard service","level":"info","message":"Getting dashboard stats","timestamp":"2026-05-29T11:52:46.471Z"}
{"context":"Dashboard service","level":"info","message":"Getting dashboard graph stats","timestamp":"2026-05-29T11:52:46.690Z"}
{"context":"Dashboard service","level":"info","message":"Getting dashboard stats","timestamp":"2026-05-29T11:52:46.719Z"}
{"context":"AdminService","level":"info","message":"Updating admin profile","timestamp":"2026-05-29T11:54:56.249Z"}
{"context":"AdminService","level":"info","message":"Fetching admin profile","timestamp":"2026-05-29T11:57:17.880Z"}
{"context":"AdminService","level":"info","message":"Fetching admin profile","timestamp":"2026-05-29T11:57:18.115Z"}
{"context":"AdminService","level":"info","message":"Fetching admin profile","timestamp":"2026-05-29T11:57:27.200Z"}
{"context":"AdminService","level":"info","message":"Fetching admin profile","timestamp":"2026-05-29T11:57:27.433Z"}
{"context":"AdminService","level":"info","message":"Fetching admin profile","timestamp":"2026-05-29T11:57:30.616Z"}
{"context":"AdminService","level":"info","message":"Fetching admin profile","timestamp":"2026-05-29T11:57:30.869Z"}
{"context":"AdminService","level":"info","message":"Fetching admin profile","timestamp":"2026-05-29T11:58:56.302Z"}
{"context":"AdminService","level":"info","message":"Fetching admin profile","timestamp":"2026-05-29T11:58:56.521Z"}
{"context":"AdminService","level":"info","message":"Fetching admin profile","timestamp":"2026-05-29T11:59:46.720Z"}
{"context":"AdminService","level":"info","message":"Fetching admin profile","timestamp":"2026-05-29T11:59:46.954Z"}
{"context":"AdminService","level":"info","message":"Fetching admin profile","timestamp":"2026-05-29T12:00:29.763Z"}
{"context":"AdminService","level":"info","message":"Fetching admin profile","timestamp":"2026-05-29T12:00:30.067Z"}
{"context":"AdminService","level":"info","message":"Fetching admin profile","timestamp":"2026-05-29T12:01:02.395Z"}
{"context":"AdminService","level":"info","message":"Fetching admin profile","timestamp":"2026-05-29T12:01:02.623Z"}
{"context":"AdminService","level":"info","message":"Fetching admin profile","timestamp":"2026-05-29T12:01:31.336Z"}
{"context":"AdminService","level":"info","message":"Fetching admin profile","timestamp":"2026-05-29T12:01:31.683Z"}
{"context":"AdminService","level":"info","message":"Fetching admin profile","timestamp":"2026-05-29T12:01:48.503Z"}
{"context":"AdminService","level":"info","message":"Fetching admin profile","timestamp":"2026-05-29T12:01:48.744Z"}
{"context":"CenterService","level":"info","message":"Registering center","timestamp":"2026-05-29T12:25:25.191Z"}
{"context":"Logs service","level":"info","message":"Adding a new log","timestamp":"2026-05-29T12:25:27.548Z"}
{"context":"CenterService","level":"info","message":"Fetching center profile","timestamp":"2026-05-29T12:25:29.941Z"}
{"context":"CenterService","level":"info","message":"Fetching center profile","timestamp":"2026-05-29T12:25:30.182Z"}
{"context":"NotificationService","level":"info","message":"get list of notifications for user","timestamp":"2026-05-29T12:25:31.116Z"}
{"context":"DropsService","level":"info","message":"get list of drop offs","timestamp":"2026-05-29T12:25:31.146Z"}
{"context":"CenterService","level":"info","message":"get center stats","timestamp":"2026-05-29T12:25:31.154Z"}
{"context":"DropControllers","level":"error","message":"No drops found","timestamp":"2026-05-29T12:25:31.454Z"}
{"context":"DropsService","level":"info","message":"get list of drop offs","timestamp":"2026-05-29T12:25:31.460Z"}
{"context":"CenterService","level":"info","message":"get center stats","timestamp":"2026-05-29T12:25:31.467Z"}
{"context":"NotificationService","level":"info","message":"get list of notifications for user","timestamp":"2026-05-29T12:25:31.473Z"}
{"context":"DropControllers","level":"error","message":"No drops found","timestamp":"2026-05-29T12:25:31.694Z"}
{"context":"CenterService","level":"info","message":"Fetching center profile","timestamp":"2026-05-29T13:13:43.526Z"}
{"context":"CenterService","level":"info","message":"Fetching center profile","timestamp":"2026-05-29T13:13:46.524Z"}
{"context":"NotificationService","level":"info","message":"get list of notifications for user","timestamp":"2026-05-29T13:13:47.032Z"}
{"context":"CenterService","level":"info","message":"get center stats","timestamp":"2026-05-29T13:13:47.051Z"}
{"context":"DropsService","level":"info","message":"get list of drop offs","timestamp":"2026-05-29T13:13:47.060Z"}
{"context":"NotificationService","level":"info","message":"get list of notifications for user","timestamp":"2026-05-29T13:13:47.265Z"}
{"context":"DropControllers","level":"error","message":"No drops found","timestamp":"2026-05-29T13:13:48.200Z"}
{"context":"DropsService","level":"info","message":"get list of drop offs","timestamp":"2026-05-29T13:13:48.208Z"}
{"context":"DropControllers","level":"error","message":"No drops found","timestamp":"2026-05-29T13:13:48.603Z"}
{"context":"CenterService","level":"info","message":"get center stats","timestamp":"2026-05-29T13:13:48.816Z"}
{"context":"CenterService","level":"info","message":"Fetching center profile","timestamp":"2026-05-29T13:15:25.967Z"}
{"context":"CenterService","level":"info","message":"Fetching center profile","timestamp":"2026-05-29T13:15:30.507Z"}
{"context":"NotificationService","level":"info","message":"get list of notifications for user","timestamp":"2026-05-29T13:15:31.340Z"}
{"context":"CenterService","level":"info","message":"get center stats","timestamp":"2026-05-29T13:15:31.348Z"}
{"context":"DropsService","level":"info","message":"get list of drop offs","timestamp":"2026-05-29T13:15:31.361Z"}
{"context":"NotificationService","level":"info","message":"get list of notifications for user","timestamp":"2026-05-29T13:15:31.786Z"}
{"context":"DropControllers","level":"error","message":"No drops found","timestamp":"2026-05-29T13:15:32.803Z"}
{"context":"DropsService","level":"info","message":"get list of drop offs","timestamp":"2026-05-29T13:15:32.845Z"}
{"context":"DropControllers","level":"error","message":"No drops found","timestamp":"2026-05-29T13:15:33.275Z"}
{"context":"CenterService","level":"info","message":"get center stats","timestamp":"2026-05-29T13:15:33.716Z"}
