{"context":"AdminService","level":"info","message":"Fetching admin profile","timestamp":"2026-01-09T08:11:50.152Z"}
{"context":"AdminService","level":"info","message":"Fetching admin profile","timestamp":"2026-01-09T08:12:10.158Z"}
{"context":"AdminController","level":"error","message":"getaddrinfo ENOTFOUND ac-f6lct0k-shard-00-00.uyr1rdy.mongodb.net","timestamp":"2026-01-09T08:12:20.183Z"}
{"context":"AdminController","level":"error","message":"getaddrinfo ENOTFOUND ac-f6lct0k-shard-00-00.uyr1rdy.mongodb.net","timestamp":"2026-01-09T08:12:40.171Z"}
{"context":"AdminService","level":"info","message":"Fetching admin profile","timestamp":"2026-01-09T08:13:34.440Z"}
{"context":"AdminService","level":"info","message":"Fetching admin profile","timestamp":"2026-01-09T08:13:44.625Z"}
{"context":"CollectorManagement","level":"info","message":"Getting all collectors","timestamp":"2026-01-09T08:20:14.054Z"}
{"context":"CollectorManagement","level":"info","message":"Getting all collectors","timestamp":"2026-01-09T08:20:14.368Z"}
{"context":"AdminService","level":"info","message":"Getting all centers","timestamp":"2026-01-09T08:20:19.295Z"}
{"context":"AdminService","level":"info","message":"Getting all centers","timestamp":"2026-01-09T08:20:19.991Z"}
{"context":"adminManagement","level":"info","message":"Getting all admin","timestamp":"2026-01-09T08:20:32.533Z"}
{"context":"adminManagement","level":"info","message":"Getting all admin","timestamp":"2026-01-09T08:20:32.803Z"}
{"context":"CollectorManagement","level":"info","message":"Getting all collectors","timestamp":"2026-01-09T08:24:09.924Z"}
{"context":"CollectorManagement","level":"info","message":"Getting all collectors","timestamp":"2026-01-09T08:24:10.147Z"}
{"context":"AdminService","level":"info","message":"Getting all centers","timestamp":"2026-01-09T08:24:15.301Z"}
{"context":"AdminService","level":"info","message":"Getting all centers","timestamp":"2026-01-09T08:24:15.748Z"}
{"context":"Mongoose","level":"info","message":"MongoDB connected","timestamp":"2026-01-09T08:28:38.438Z"}
{"context":"Bootstrap","level":"info","message":"Server running on http://localhost:3000 in development environment","timestamp":"2026-01-09T08:28:38.458Z"}
{"context":"Bootstrap","level":"info","message":"Swagger docs available at http://localhost:3000/api-docs","timestamp":"2026-01-09T08:28:38.466Z"}
{"context":"Mongoose","level":"info","message":"MongoDB connected","timestamp":"2026-01-09T08:28:56.512Z"}
{"context":"Bootstrap","level":"info","message":"Server running on http://localhost:3000 in development environment","timestamp":"2026-01-09T08:28:56.581Z"}
{"context":"Bootstrap","level":"info","message":"Swagger docs available at http://localhost:3000/api-docs","timestamp":"2026-01-09T08:28:56.600Z"}
{"context":"Mongoose","level":"info","message":"MongoDB connected","timestamp":"2026-01-09T08:30:11.914Z"}
{"context":"Bootstrap","level":"info","message":"Server running on http://localhost:3000 in development environment","timestamp":"2026-01-09T08:30:11.935Z"}
{"context":"Bootstrap","level":"info","message":"Swagger docs available at http://localhost:3000/api-docs","timestamp":"2026-01-09T08:30:11.938Z"}
{"context":"Mongoose","level":"info","message":"MongoDB connected","timestamp":"2026-01-09T08:40:14.084Z"}
{"context":"Bootstrap","level":"info","message":"Server running on http://localhost:3000 in development environment","timestamp":"2026-01-09T08:40:14.104Z"}
{"context":"Bootstrap","level":"info","message":"Swagger docs available at http://localhost:3000/api-docs","timestamp":"2026-01-09T08:40:14.105Z"}
{"context":"Mongoose","level":"info","message":"MongoDB connected","timestamp":"2026-01-09T08:41:57.857Z"}
{"context":"Bootstrap","level":"info","message":"Server running on http://localhost:3000 in development environment","timestamp":"2026-01-09T08:41:57.881Z"}
{"context":"Bootstrap","level":"info","message":"Swagger docs available at http://localhost:3000/api-docs","timestamp":"2026-01-09T08:41:57.882Z"}
{"context":"Mongoose","level":"info","message":"MongoDB connected","timestamp":"2026-01-09T08:42:24.291Z"}
{"context":"Bootstrap","level":"info","message":"Server running on http://localhost:3000 in development environment","timestamp":"2026-01-09T08:42:24.310Z"}
{"context":"Bootstrap","level":"info","message":"Swagger docs available at http://localhost:3000/api-docs","timestamp":"2026-01-09T08:42:24.311Z"}
{"context":"Mongoose","level":"info","message":"MongoDB connected","timestamp":"2026-01-09T08:55:12.673Z"}
{"context":"Bootstrap","level":"info","message":"Server running on http://localhost:3000 in development environment","timestamp":"2026-01-09T08:55:12.706Z"}
{"context":"Bootstrap","level":"info","message":"Swagger docs available at http://localhost:3000/api-docs","timestamp":"2026-01-09T08:55:12.707Z"}
{"context":"Mongoose","level":"info","message":"MongoDB connected","timestamp":"2026-01-09T08:56:04.780Z"}
{"context":"Bootstrap","level":"info","message":"Server running on http://localhost:3000 in development environment","timestamp":"2026-01-09T08:56:04.820Z"}
{"context":"Bootstrap","level":"info","message":"Swagger docs available at http://localhost:3000/api-docs","timestamp":"2026-01-09T08:56:04.821Z"}
{"context":"Mongoose","level":"info","message":"MongoDB connected","timestamp":"2026-01-09T08:56:52.963Z"}
{"context":"Bootstrap","level":"info","message":"Server running on http://localhost:3000 in development environment","timestamp":"2026-01-09T08:56:52.983Z"}
{"context":"Bootstrap","level":"info","message":"Swagger docs available at http://localhost:3000/api-docs","timestamp":"2026-01-09T08:56:52.984Z"}
{"context":"Mongoose","level":"info","message":"MongoDB connected","timestamp":"2026-01-09T08:59:44.718Z"}
{"context":"Bootstrap","level":"info","message":"Server running on http://localhost:3000 in development environment","timestamp":"2026-01-09T08:59:44.742Z"}
{"context":"Bootstrap","level":"info","message":"Swagger docs available at http://localhost:3000/api-docs","timestamp":"2026-01-09T08:59:44.743Z"}
{"context":"Mongoose","level":"error","message":"Could not connect to any servers in your MongoDB Atlas cluster. One common reason is that you're trying to access the database from an IP that isn't whitelisted. Make sure your current IP address is on your Atlas cluster's IP whitelist: https://www.mongodb.com/docs/atlas/security-whitelist/","timestamp":"2026-01-09T09:01:22.512Z"}
{"context":"Mongoose","level":"info","message":"MongoDB connected","timestamp":"2026-01-09T09:04:02.188Z"}
{"context":"Bootstrap","level":"info","message":"Server running on http://localhost:3000 in development environment","timestamp":"2026-01-09T09:04:02.221Z"}
{"context":"Bootstrap","level":"info","message":"Swagger docs available at http://localhost:3000/api-docs","timestamp":"2026-01-09T09:04:02.223Z"}
{"context":"Mongoose","level":"info","message":"MongoDB connected","timestamp":"2026-01-09T09:11:36.765Z"}
{"context":"Bootstrap","level":"info","message":"Server running on http://localhost:3000 in development environment","timestamp":"2026-01-09T09:11:36.783Z"}
{"context":"Bootstrap","level":"info","message":"Swagger docs available at http://localhost:3000/api-docs","timestamp":"2026-01-09T09:11:36.785Z"}
{"context":"Mongoose","level":"info","message":"MongoDB connected","timestamp":"2026-01-09T09:12:13.190Z"}
{"context":"Bootstrap","level":"info","message":"Server running on http://localhost:3000 in development environment","timestamp":"2026-01-09T09:12:13.209Z"}
{"context":"Bootstrap","level":"info","message":"Swagger docs available at http://localhost:3000/api-docs","timestamp":"2026-01-09T09:12:13.210Z"}
{"context":"Mongoose","level":"info","message":"MongoDB connected","timestamp":"2026-01-09T09:12:36.842Z"}
{"context":"Bootstrap","level":"info","message":"Server running on http://localhost:3000 in development environment","timestamp":"2026-01-09T09:12:36.865Z"}
{"context":"Bootstrap","level":"info","message":"Swagger docs available at http://localhost:3000/api-docs","timestamp":"2026-01-09T09:12:36.866Z"}
{"context":"Mongoose","level":"info","message":"MongoDB connected","timestamp":"2026-01-09T09:13:28.333Z"}
{"context":"Bootstrap","level":"info","message":"Server running on http://localhost:3000 in development environment","timestamp":"2026-01-09T09:13:28.381Z"}
{"context":"Bootstrap","level":"info","message":"Swagger docs available at http://localhost:3000/api-docs","timestamp":"2026-01-09T09:13:28.383Z"}
{"context":"Mongoose","level":"info","message":"MongoDB connected","timestamp":"2026-01-09T09:14:03.645Z"}
{"context":"Bootstrap","level":"info","message":"Server running on http://localhost:3000 in development environment","timestamp":"2026-01-09T09:14:03.663Z"}
{"context":"Bootstrap","level":"info","message":"Swagger docs available at http://localhost:3000/api-docs","timestamp":"2026-01-09T09:14:03.664Z"}
{"context":"Mongoose","level":"info","message":"MongoDB connected","timestamp":"2026-01-09T09:15:10.119Z"}
{"context":"Bootstrap","level":"info","message":"Server running on http://localhost:3000 in development environment","timestamp":"2026-01-09T09:15:10.145Z"}
{"context":"Bootstrap","level":"info","message":"Swagger docs available at http://localhost:3000/api-docs","timestamp":"2026-01-09T09:15:10.146Z"}
{"context":"Mongoose","level":"info","message":"MongoDB connected","timestamp":"2026-01-09T09:16:39.737Z"}
{"context":"Bootstrap","level":"info","message":"Server running on http://localhost:3000 in development environment","timestamp":"2026-01-09T09:16:39.763Z"}
{"context":"Bootstrap","level":"info","message":"Swagger docs available at http://localhost:3000/api-docs","timestamp":"2026-01-09T09:16:39.764Z"}
{"context":"Mongoose","level":"info","message":"MongoDB connected","timestamp":"2026-01-09T09:17:25.006Z"}
{"context":"Bootstrap","level":"info","message":"Server running on http://localhost:3000 in development environment","timestamp":"2026-01-09T09:17:25.033Z"}
{"context":"Bootstrap","level":"info","message":"Swagger docs available at http://localhost:3000/api-docs","timestamp":"2026-01-09T09:17:25.034Z"}
{"context":"Mongoose","level":"error","message":"querySrv ECONNREFUSED _mongodb._tcp.cluster0.uyr1rdy.mongodb.net","timestamp":"2026-01-09T09:18:58.333Z"}
{"context":"Mongoose","level":"info","message":"MongoDB connected","timestamp":"2026-01-09T09:19:46.080Z"}
{"context":"Bootstrap","level":"info","message":"Server running on http://localhost:3000 in development environment","timestamp":"2026-01-09T09:19:46.106Z"}
{"context":"Bootstrap","level":"info","message":"Swagger docs available at http://localhost:3000/api-docs","timestamp":"2026-01-09T09:19:46.108Z"}
{"context":"Mongoose","level":"info","message":"MongoDB connected","timestamp":"2026-01-09T09:20:42.438Z"}
{"context":"Bootstrap","level":"info","message":"Server running on http://localhost:3000 in development environment","timestamp":"2026-01-09T09:20:42.462Z"}
{"context":"Bootstrap","level":"info","message":"Swagger docs available at http://localhost:3000/api-docs","timestamp":"2026-01-09T09:20:42.463Z"}
{"context":"AdminService","level":"info","message":"logging in admin","timestamp":"2026-01-09T09:21:27.772Z"}
{"context":"Mongoose","level":"info","message":"MongoDB connected","timestamp":"2026-01-09T09:24:13.908Z"}
{"context":"Bootstrap","level":"info","message":"Server running on http://localhost:3000 in development environment","timestamp":"2026-01-09T09:24:13.927Z"}
{"context":"Bootstrap","level":"info","message":"Swagger docs available at http://localhost:3000/api-docs","timestamp":"2026-01-09T09:24:13.927Z"}
{"context":"Mongoose","level":"info","message":"MongoDB connected","timestamp":"2026-01-09T09:24:47.190Z"}
{"context":"Bootstrap","level":"info","message":"Server running on http://localhost:3000 in development environment","timestamp":"2026-01-09T09:24:47.244Z"}
{"context":"Bootstrap","level":"info","message":"Swagger docs available at http://localhost:3000/api-docs","timestamp":"2026-01-09T09:24:47.244Z"}
{"context":"Mongoose","level":"info","message":"MongoDB connected","timestamp":"2026-01-09T09:25:43.491Z"}
{"context":"Bootstrap","level":"info","message":"Server running on http://localhost:3000 in development environment","timestamp":"2026-01-09T09:25:43.515Z"}
{"context":"Bootstrap","level":"info","message":"Swagger docs available at http://localhost:3000/api-docs","timestamp":"2026-01-09T09:25:43.516Z"}
{"context":"Dashboard service","level":"info","message":"Getting dashboard stats","timestamp":"2026-01-09T09:26:26.383Z"}
{"context":"Dashboard service","level":"info","message":"Getting dashboard stats","timestamp":"2026-01-09T09:30:21.306Z"}
{"context":"Dashboard service","level":"info","message":"Getting dashboard stats","timestamp":"2026-01-09T09:30:25.287Z"}
{"context":"AdminService","level":"info","message":"Fetching admin profile","timestamp":"2026-01-09T09:34:44.547Z"}
{"context":"AdminService","level":"info","message":"Fetching admin profile","timestamp":"2026-01-09T09:34:44.796Z"}
{"context":"Dashboard service","level":"info","message":"Getting dashboard stats","timestamp":"2026-01-09T09:37:30.841Z"}
{"context":"AdminService","level":"info","message":"Fetching admin profile","timestamp":"2026-01-09T09:37:30.855Z"}
{"context":"AdminService","level":"info","message":"Fetching admin profile","timestamp":"2026-01-09T09:37:31.237Z"}
{"context":"Dashboard service","level":"info","message":"Getting dashboard stats","timestamp":"2026-01-09T09:37:31.721Z"}
{"context":"Mongoose","level":"info","message":"MongoDB connected","timestamp":"2026-01-09T09:38:19.508Z"}
{"context":"Bootstrap","level":"info","message":"Server running on http://localhost:3000 in development environment","timestamp":"2026-01-09T09:38:19.526Z"}
{"context":"Bootstrap","level":"info","message":"Swagger docs available at http://localhost:3000/api-docs","timestamp":"2026-01-09T09:38:19.527Z"}
{"context":"Dashboard service","level":"info","message":"Getting dashboard stats","timestamp":"2026-01-09T09:42:55.382Z"}
{"context":"Mongoose","level":"info","message":"MongoDB connected","timestamp":"2026-01-09T09:55:54.677Z"}
{"context":"Bootstrap","level":"info","message":"Server running on http://localhost:3000 in development environment","timestamp":"2026-01-09T09:55:54.702Z"}
{"context":"Bootstrap","level":"info","message":"Swagger docs available at http://localhost:3000/api-docs","timestamp":"2026-01-09T09:55:54.703Z"}
{"context":"Dashboard service","level":"info","message":"Getting dashboard stats","timestamp":"2026-01-09T09:55:58.266Z"}
{"context":"Dashboard service","level":"info","message":"Getting dashboard stats","timestamp":"2026-01-09T10:08:52.285Z"}
{"context":"Mongoose","level":"error","message":"querySrv ECONNREFUSED _mongodb._tcp.cluster0.uyr1rdy.mongodb.net","timestamp":"2026-01-09T10:29:08.828Z"}
{"context":"Mongoose","level":"error","message":"querySrv ECONNREFUSED _mongodb._tcp.cluster0.uyr1rdy.mongodb.net","timestamp":"2026-01-09T10:29:14.020Z"}
{"context":"Mongoose","level":"error","message":"querySrv ECONNREFUSED _mongodb._tcp.cluster0.uyr1rdy.mongodb.net","timestamp":"2026-01-09T10:29:20.160Z"}
{"context":"Mongoose","level":"error","message":"querySrv ECONNREFUSED _mongodb._tcp.cluster0.uyr1rdy.mongodb.net","timestamp":"2026-01-09T10:29:37.111Z"}
{"context":"Mongoose","level":"info","message":"MongoDB connected","timestamp":"2026-01-09T10:30:33.406Z"}
{"context":"Bootstrap","level":"info","message":"Server running on http://localhost:3000 in development environment","timestamp":"2026-01-09T10:30:33.441Z"}
{"context":"Bootstrap","level":"info","message":"Swagger docs available at http://localhost:3000/api-docs","timestamp":"2026-01-09T10:30:33.442Z"}
{"context":"Dashboard service","level":"info","message":"Getting dashboard stats","timestamp":"2026-01-09T10:32:21.523Z"}
{"context":"AdminService","level":"info","message":"Fetching admin profile","timestamp":"2026-01-09T10:33:09.100Z"}
{"context":"AdminService","level":"info","message":"Fetching admin profile","timestamp":"2026-01-09T10:33:09.352Z"}
{"context":"Dashboard service","level":"info","message":"Getting dashboard stats","timestamp":"2026-01-09T10:33:10.275Z"}
{"context":"Dashboard service","level":"info","message":"Getting dashboard stats","timestamp":"2026-01-09T10:33:19.197Z"}
{"context":"Mongoose","level":"info","message":"MongoDB connected","timestamp":"2026-01-09T10:35:33.291Z"}
{"context":"Bootstrap","level":"info","message":"Server running on http://localhost:3000 in development environment","timestamp":"2026-01-09T10:35:33.307Z"}
{"context":"Bootstrap","level":"info","message":"Swagger docs available at http://localhost:3000/api-docs","timestamp":"2026-01-09T10:35:33.308Z"}
{"context":"AdminService","level":"info","message":"Fetching admin profile","timestamp":"2026-01-09T10:35:43.013Z"}
{"context":"AdminService","level":"info","message":"Fetching admin profile","timestamp":"2026-01-09T10:35:43.339Z"}
{"context":"Dashboard service","level":"info","message":"Getting dashboard stats","timestamp":"2026-01-09T10:35:43.797Z"}
{"context":"Dashboard service","level":"info","message":"Getting dashboard stats","timestamp":"2026-01-09T10:35:45.531Z"}
{"context":"AdminService","level":"info","message":"Fetching admin profile","timestamp":"2026-01-09T12:32:10.913Z"}
{"context":"AdminService","level":"info","message":"Fetching admin profile","timestamp":"2026-01-09T12:32:12.746Z"}
{"context":"AdminService","level":"info","message":"Fetching admin profile","timestamp":"2026-01-09T17:24:56.228Z"}
{"context":"AdminService","level":"info","message":"Fetching admin profile","timestamp":"2026-01-09T17:25:16.214Z"}
{"context":"AdminController","level":"error","message":"getaddrinfo ENOTFOUND ac-f6lct0k-shard-00-00.uyr1rdy.mongodb.net","timestamp":"2026-01-09T17:25:26.247Z"}
{"context":"AdminController","level":"error","message":"getaddrinfo ENOTFOUND ac-f6lct0k-shard-00-00.uyr1rdy.mongodb.net","timestamp":"2026-01-09T17:25:46.219Z"}
{"context":"Dashboard service","level":"info","message":"Getting dashboard stats","timestamp":"2026-01-09T17:33:57.665Z"}
{"context":"Dashboard service","level":"info","message":"Getting dashboard stats","timestamp":"2026-01-09T17:34:02.727Z"}
{"context":"Mongoose","level":"info","message":"MongoDB connected","timestamp":"2026-01-09T17:44:05.660Z"}
{"context":"Bootstrap","level":"info","message":"Server running on http://localhost:3000 in development environment","timestamp":"2026-01-09T17:44:05.693Z"}
{"context":"Bootstrap","level":"info","message":"Swagger docs available at http://localhost:3000/api-docs","timestamp":"2026-01-09T17:44:05.694Z"}
{"context":"Mongoose","level":"info","message":"MongoDB connected","timestamp":"2026-01-09T17:44:21.086Z"}
{"context":"Bootstrap","level":"info","message":"Server running on http://localhost:3000 in development environment","timestamp":"2026-01-09T17:44:21.109Z"}
{"context":"Bootstrap","level":"info","message":"Swagger docs available at http://localhost:3000/api-docs","timestamp":"2026-01-09T17:44:21.119Z"}
{"context":"Mongoose","level":"info","message":"MongoDB connected","timestamp":"2026-01-09T17:44:53.417Z"}
{"context":"Bootstrap","level":"info","message":"Server running on http://localhost:3000 in development environment","timestamp":"2026-01-09T17:44:53.442Z"}
{"context":"Bootstrap","level":"info","message":"Swagger docs available at http://localhost:3000/api-docs","timestamp":"2026-01-09T17:44:53.443Z"}
{"context":"Dashboard service","level":"info","message":"Getting dashboard stats","timestamp":"2026-01-09T17:47:21.989Z"}
{"context":"AdminService","level":"info","message":"Fetching admin profile","timestamp":"2026-01-09T17:47:22.028Z"}
{"context":"AdminService","level":"info","message":"Fetching admin profile","timestamp":"2026-01-09T17:47:22.503Z"}
{"context":"Dashboard service","level":"info","message":"Getting dashboard stats","timestamp":"2026-01-09T17:47:24.961Z"}
{"context":"Dashboard service","level":"info","message":"Getting dashboard stats","timestamp":"2026-01-09T17:47:26.622Z"}
{"context":"Dashboard service","level":"info","message":"Getting dashboard stats","timestamp":"2026-01-09T17:47:28.242Z"}
{"context":"AdminService","level":"info","message":"Fetching admin profile","timestamp":"2026-01-09T17:48:45.827Z"}
{"context":"AdminService","level":"info","message":"Fetching admin profile","timestamp":"2026-01-09T17:48:46.092Z"}
{"context":"AdminService","level":"info","message":"Fetching admin profile","timestamp":"2026-01-09T17:51:55.711Z"}
{"context":"AdminService","level":"info","message":"Fetching admin profile","timestamp":"2026-01-09T17:51:55.945Z"}
{"context":"AdminService","level":"info","message":"Fetching admin profile","timestamp":"2026-01-09T17:52:35.709Z"}
{"context":"AdminService","level":"info","message":"Fetching admin profile","timestamp":"2026-01-09T17:52:35.949Z"}
{"context":"Mongoose","level":"info","message":"MongoDB connected","timestamp":"2026-01-09T17:53:31.242Z"}
{"context":"Bootstrap","level":"info","message":"Server running on http://localhost:3000 in development environment","timestamp":"2026-01-09T17:53:31.259Z"}
{"context":"Bootstrap","level":"info","message":"Swagger docs available at http://localhost:3000/api-docs","timestamp":"2026-01-09T17:53:31.259Z"}
{"context":"AdminService","level":"info","message":"Fetching admin profile","timestamp":"2026-01-09T17:53:49.094Z"}
{"context":"AdminService","level":"info","message":"Fetching admin profile","timestamp":"2026-01-09T17:53:49.378Z"}
{"context":"Dashboard service","level":"info","message":"Getting dashboard graph stats","timestamp":"2026-01-09T17:57:06.362Z"}
{"context":"Dashboard service","level":"info","message":"Getting dashboard stats","timestamp":"2026-01-09T17:57:06.376Z"}
{"context":"AdminService","level":"info","message":"Fetching admin profile","timestamp":"2026-01-09T17:57:06.394Z"}
{"context":"Dashboard service","level":"info","message":"Getting dashboard graph stats","timestamp":"2026-01-09T17:57:08.300Z"}
{"context":"AdminService","level":"info","message":"Fetching admin profile","timestamp":"2026-01-09T17:57:09.269Z"}
{"context":"Dashboard service","level":"info","message":"Getting dashboard stats","timestamp":"2026-01-09T17:57:09.916Z"}
{"context":"AdminService","level":"info","message":"Fetching admin profile","timestamp":"2026-01-09T17:57:52.353Z"}
{"context":"AdminService","level":"info","message":"Fetching admin profile","timestamp":"2026-01-09T17:57:52.609Z"}
{"context":"Dashboard service","level":"info","message":"Getting dashboard graph stats","timestamp":"2026-01-09T17:57:53.843Z"}
{"context":"Dashboard service","level":"info","message":"Getting dashboard stats","timestamp":"2026-01-09T17:57:53.853Z"}
{"context":"Dashboard service","level":"info","message":"Getting dashboard graph stats","timestamp":"2026-01-09T17:57:54.090Z"}
{"context":"Dashboard service","level":"info","message":"Getting dashboard stats","timestamp":"2026-01-09T17:57:55.538Z"}
{"context":"Dashboard service","level":"info","message":"Getting dashboard graph stats","timestamp":"2026-01-09T17:59:27.821Z"}
{"context":"Dashboard service","level":"info","message":"Getting dashboard stats","timestamp":"2026-01-09T17:59:27.830Z"}
{"context":"AdminService","level":"info","message":"Fetching admin profile","timestamp":"2026-01-09T17:59:27.844Z"}
{"context":"Dashboard service","level":"info","message":"Getting dashboard graph stats","timestamp":"2026-01-09T17:59:28.054Z"}
{"context":"AdminService","level":"info","message":"Fetching admin profile","timestamp":"2026-01-09T17:59:30.128Z"}
{"context":"Dashboard service","level":"info","message":"Getting dashboard stats","timestamp":"2026-01-09T17:59:30.198Z"}
{"context":"AdminService","level":"info","message":"Fetching admin profile","timestamp":"2026-01-09T17:59:31.566Z"}
{"context":"AdminService","level":"info","message":"Fetching admin profile","timestamp":"2026-01-09T17:59:31.900Z"}
{"context":"Dashboard service","level":"info","message":"Getting dashboard graph stats","timestamp":"2026-01-09T17:59:33.577Z"}
{"context":"Dashboard service","level":"info","message":"Getting dashboard stats","timestamp":"2026-01-09T17:59:33.605Z"}
{"context":"Dashboard service","level":"info","message":"Getting dashboard graph stats","timestamp":"2026-01-09T17:59:33.846Z"}
{"context":"Dashboard service","level":"info","message":"Getting dashboard stats","timestamp":"2026-01-09T17:59:33.932Z"}
{"context":"Dashboard service","level":"info","message":"Getting dashboard graph stats","timestamp":"2026-01-09T17:59:48.289Z"}
{"context":"Dashboard service","level":"info","message":"Getting dashboard stats","timestamp":"2026-01-09T17:59:48.296Z"}
{"context":"AdminService","level":"info","message":"Fetching admin profile","timestamp":"2026-01-09T17:59:48.311Z"}
{"context":"Dashboard service","level":"info","message":"Getting dashboard graph stats","timestamp":"2026-01-09T17:59:48.521Z"}
{"context":"AdminService","level":"info","message":"Fetching admin profile","timestamp":"2026-01-09T17:59:48.557Z"}
{"context":"Dashboard service","level":"info","message":"Getting dashboard stats","timestamp":"2026-01-09T17:59:48.574Z"}
{"context":"Dashboard service","level":"info","message":"Getting dashboard graph stats","timestamp":"2026-01-09T17:59:56.170Z"}
{"context":"Dashboard service","level":"info","message":"Getting dashboard stats","timestamp":"2026-01-09T17:59:56.176Z"}
{"context":"AdminService","level":"info","message":"Fetching admin profile","timestamp":"2026-01-09T17:59:56.192Z"}
{"context":"Dashboard service","level":"info","message":"Getting dashboard graph stats","timestamp":"2026-01-09T17:59:56.407Z"}
{"context":"Dashboard service","level":"info","message":"Getting dashboard stats","timestamp":"2026-01-09T17:59:56.439Z"}
{"context":"AdminService","level":"info","message":"Fetching admin profile","timestamp":"2026-01-09T17:59:56.457Z"}
{"context":"Mongoose","level":"info","message":"MongoDB connected","timestamp":"2026-01-09T18:00:41.621Z"}
{"context":"Bootstrap","level":"info","message":"Server running on http://localhost:3000 in development environment","timestamp":"2026-01-09T18:00:41.640Z"}
{"context":"Bootstrap","level":"info","message":"Swagger docs available at http://localhost:3000/api-docs","timestamp":"2026-01-09T18:00:41.640Z"}
{"context":"AdminService","level":"info","message":"Fetching admin profile","timestamp":"2026-01-09T18:00:46.553Z"}
{"context":"AdminService","level":"info","message":"Fetching admin profile","timestamp":"2026-01-09T18:00:46.912Z"}
{"context":"Dashboard service","level":"info","message":"Getting dashboard graph stats","timestamp":"2026-01-09T18:00:47.622Z"}
{"context":"Dashboard service","level":"info","message":"Getting dashboard stats","timestamp":"2026-01-09T18:00:47.640Z"}
{"context":"Dashboard service","level":"info","message":"Getting dashboard graph stats","timestamp":"2026-01-09T18:00:47.869Z"}
{"context":"Dashboard service","level":"info","message":"Getting dashboard stats","timestamp":"2026-01-09T18:00:49.417Z"}
{"context":"AdminService","level":"info","message":"Fetching admin profile","timestamp":"2026-01-09T18:01:10.999Z"}
{"context":"AdminService","level":"info","message":"Fetching admin profile","timestamp":"2026-01-09T18:01:11.258Z"}
{"context":"Dashboard service","level":"info","message":"Getting dashboard graph stats","timestamp":"2026-01-09T18:01:13.279Z"}
{"context":"Dashboard service","level":"info","message":"Getting dashboard stats","timestamp":"2026-01-09T18:01:13.404Z"}
{"context":"Dashboard service","level":"info","message":"Getting dashboard graph stats","timestamp":"2026-01-09T18:01:13.681Z"}
{"context":"Dashboard service","level":"info","message":"Getting dashboard stats","timestamp":"2026-01-09T18:01:15.253Z"}
{"context":"Dashboard service","level":"info","message":"Getting dashboard graph stats","timestamp":"2026-01-09T18:01:26.149Z"}
{"context":"Mongoose","level":"info","message":"MongoDB connected","timestamp":"2026-01-09T18:03:18.201Z"}
{"context":"Bootstrap","level":"info","message":"Server running on http://localhost:3000 in development environment","timestamp":"2026-01-09T18:03:18.221Z"}
{"context":"Bootstrap","level":"info","message":"Swagger docs available at http://localhost:3000/api-docs","timestamp":"2026-01-09T18:03:18.222Z"}
{"context":"Dashboard service","level":"info","message":"Getting dashboard graph stats","timestamp":"2026-01-09T18:03:31.326Z"}
{"context":"Mongoose","level":"info","message":"MongoDB connected","timestamp":"2026-01-09T18:09:22.324Z"}
{"context":"Bootstrap","level":"info","message":"Server running on http://localhost:3000 in development environment","timestamp":"2026-01-09T18:09:22.354Z"}
{"context":"Bootstrap","level":"info","message":"Swagger docs available at http://localhost:3000/api-docs","timestamp":"2026-01-09T18:09:22.357Z"}
{"context":"Dashboard service","level":"info","message":"Getting dashboard graph stats","timestamp":"2026-01-09T18:09:28.995Z"}
{"context":"Mongoose","level":"info","message":"MongoDB connected","timestamp":"2026-01-09T18:13:04.866Z"}
{"context":"Bootstrap","level":"info","message":"Server running on http://localhost:3000 in development environment","timestamp":"2026-01-09T18:13:04.913Z"}
{"context":"Bootstrap","level":"info","message":"Swagger docs available at http://localhost:3000/api-docs","timestamp":"2026-01-09T18:13:04.914Z"}
{"context":"Dashboard service","level":"info","message":"Getting dashboard graph stats","timestamp":"2026-01-09T18:13:17.294Z"}
{"context":"Dashboard service","level":"info","message":"Getting dashboard graph stats","timestamp":"2026-01-09T18:14:54.451Z"}
{"context":"Mongoose","level":"info","message":"MongoDB connected","timestamp":"2026-01-09T18:16:16.814Z"}
{"context":"Bootstrap","level":"info","message":"Server running on http://localhost:3000 in development environment","timestamp":"2026-01-09T18:16:16.831Z"}
{"context":"Bootstrap","level":"info","message":"Swagger docs available at http://localhost:3000/api-docs","timestamp":"2026-01-09T18:16:16.832Z"}
{"context":"Dashboard service","level":"info","message":"Getting dashboard graph stats","timestamp":"2026-01-09T18:17:59.213Z"}
{"context":"Dashboard service","level":"info","message":"Getting dashboard graph stats","timestamp":"2026-01-09T18:17:59.459Z"}
{"context":"Mongoose","level":"info","message":"MongoDB connected","timestamp":"2026-01-09T18:26:02.732Z"}
{"context":"Bootstrap","level":"info","message":"Server running on http://localhost:3000 in development environment","timestamp":"2026-01-09T18:26:02.761Z"}
{"context":"Bootstrap","level":"info","message":"Swagger docs available at http://localhost:3000/api-docs","timestamp":"2026-01-09T18:26:02.762Z"}
{"context":"Mongoose","level":"info","message":"MongoDB connected","timestamp":"2026-01-09T18:26:24.422Z"}
{"context":"Bootstrap","level":"info","message":"Server running on http://localhost:3000 in development environment","timestamp":"2026-01-09T18:26:24.457Z"}
{"context":"Bootstrap","level":"info","message":"Swagger docs available at http://localhost:3000/api-docs","timestamp":"2026-01-09T18:26:24.458Z"}
{"context":"Mongoose","level":"info","message":"MongoDB connected","timestamp":"2026-01-09T18:26:34.539Z"}
{"context":"Bootstrap","level":"info","message":"Server running on http://localhost:3000 in development environment","timestamp":"2026-01-09T18:26:34.558Z"}
{"context":"Bootstrap","level":"info","message":"Swagger docs available at http://localhost:3000/api-docs","timestamp":"2026-01-09T18:26:34.558Z"}
{"context":"Mongoose","level":"info","message":"MongoDB connected","timestamp":"2026-01-09T18:26:47.317Z"}
{"context":"Bootstrap","level":"info","message":"Server running on http://localhost:3000 in development environment","timestamp":"2026-01-09T18:26:47.341Z"}
{"context":"Bootstrap","level":"info","message":"Swagger docs available at http://localhost:3000/api-docs","timestamp":"2026-01-09T18:26:47.342Z"}
{"context":"AdminService","level":"info","message":"logging in admin","timestamp":"2026-01-09T18:27:34.368Z"}
{"context":"Dashboard service","level":"info","message":"Getting dashboard graph stats","timestamp":"2026-01-09T18:29:02.159Z"}
{"context":"AdminService","level":"info","message":"Fetching admin profile","timestamp":"2026-01-09T18:29:02.167Z"}
{"context":"Dashboard service","level":"info","message":"Getting dashboard graph stats","timestamp":"2026-01-09T18:29:02.394Z"}
{"context":"AdminService","level":"info","message":"Fetching admin profile","timestamp":"2026-01-09T18:29:02.428Z"}
{"context":"Dashboard service","level":"info","message":"Getting dashboard graph stats","timestamp":"2026-01-09T18:29:02.629Z"}
{"context":"Dashboard service","level":"info","message":"Getting dashboard graph stats","timestamp":"2026-01-09T18:29:02.859Z"}
{"context":"AdminService","level":"info","message":"Fetching admin profile","timestamp":"2026-01-09T18:29:27.192Z"}
{"context":"AdminService","level":"info","message":"Fetching admin profile","timestamp":"2026-01-09T18:29:27.423Z"}
{"context":"Dashboard service","level":"info","message":"Getting dashboard graph stats","timestamp":"2026-01-09T18:29:28.008Z"}
{"context":"Dashboard service","level":"info","message":"Getting dashboard graph stats","timestamp":"2026-01-09T18:29:28.239Z"}
{"context":"Dashboard service","level":"info","message":"Getting dashboard graph stats","timestamp":"2026-01-09T18:35:57.208Z"}
{"context":"Dashboard service","level":"info","message":"Getting dashboard stats","timestamp":"2026-01-09T18:35:57.216Z"}
{"context":"Dashboard service","level":"info","message":"Getting dashboard graph stats","timestamp":"2026-01-09T18:35:57.471Z"}
{"context":"Dashboard service","level":"info","message":"Getting dashboard stats","timestamp":"2026-01-09T18:35:59.202Z"}
{"context":"Dashboard service","level":"info","message":"Getting dashboard graph stats","timestamp":"2026-01-09T18:36:02.006Z"}
{"context":"Dashboard service","level":"info","message":"Getting dashboard graph stats","timestamp":"2026-01-09T18:36:02.258Z"}
{"context":"Dashboard service","level":"info","message":"Getting dashboard graph stats","timestamp":"2026-01-09T18:38:38.255Z"}
{"context":"Dashboard service","level":"info","message":"Getting dashboard stats","timestamp":"2026-01-09T18:38:38.260Z"}
{"context":"Dashboard service","level":"info","message":"Getting dashboard graph stats","timestamp":"2026-01-09T18:38:38.480Z"}
{"context":"Dashboard service","level":"info","message":"Getting dashboard stats","timestamp":"2026-01-09T18:38:40.265Z"}
{"context":"CollectorManagement","level":"info","message":"Getting all collectors","timestamp":"2026-01-09T18:38:46.637Z"}
{"context":"CollectorManagement","level":"info","message":"Getting all collectors","timestamp":"2026-01-09T18:38:46.873Z"}
{"context":"AdminService","level":"info","message":"Getting all centers","timestamp":"2026-01-09T18:38:49.319Z"}
{"context":"AdminService","level":"info","message":"Getting all centers","timestamp":"2026-01-09T18:38:49.607Z"}
{"context":"Dashboard service","level":"info","message":"Getting dashboard graph stats","timestamp":"2026-01-09T18:38:52.463Z"}
{"context":"Dashboard service","level":"info","message":"Getting dashboard graph stats","timestamp":"2026-01-09T18:38:52.704Z"}
{"context":"adminManagement","level":"info","message":"Getting all admin","timestamp":"2026-01-09T18:39:04.425Z"}
{"context":"adminManagement","level":"info","message":"Getting all admin","timestamp":"2026-01-09T18:39:04.668Z"}
{"context":"Dashboard service","level":"info","message":"Getting dashboard graph stats","timestamp":"2026-01-09T18:39:12.861Z"}
{"context":"Dashboard service","level":"info","message":"Getting dashboard graph stats","timestamp":"2026-01-09T18:39:13.107Z"}
{"context":"adminManagement","level":"info","message":"Getting all admin","timestamp":"2026-01-09T18:40:57.721Z"}
{"context":"adminManagement","level":"info","message":"Getting all admin","timestamp":"2026-01-09T18:40:57.949Z"}
{"context":"Dashboard service","level":"info","message":"Getting dashboard graph stats","timestamp":"2026-01-09T18:41:01.790Z"}
{"context":"Dashboard service","level":"info","message":"Getting dashboard graph stats","timestamp":"2026-01-09T18:41:02.025Z"}
{"context":"AdminService","level":"info","message":"Getting all centers","timestamp":"2026-01-09T18:41:24.813Z"}
{"context":"AdminService","level":"info","message":"Getting all centers","timestamp":"2026-01-09T18:41:25.051Z"}
{"context":"Dashboard service","level":"info","message":"Getting dashboard graph stats","timestamp":"2026-01-09T18:41:29.411Z"}
{"context":"Dashboard service","level":"info","message":"Getting dashboard graph stats","timestamp":"2026-01-09T18:41:29.665Z"}
{"context":"Mongoose","level":"info","message":"MongoDB connected","timestamp":"2026-01-09T19:01:05.332Z"}
{"context":"Bootstrap","level":"info","message":"Server running on http://localhost:3000 in development environment","timestamp":"2026-01-09T19:01:05.356Z"}
{"context":"Bootstrap","level":"info","message":"Swagger docs available at http://localhost:3000/api-docs","timestamp":"2026-01-09T19:01:05.357Z"}
{"context":"AdminService","level":"info","message":"Fetching admin profile","timestamp":"2026-01-09T19:06:55.030Z"}
{"context":"AdminService","level":"info","message":"Fetching admin profile","timestamp":"2026-01-09T19:06:55.319Z"}
{"context":"AdminService","level":"info","message":"logging in admin","timestamp":"2026-01-09T19:13:42.558Z"}
{"context":"AdminController","level":"error","message":"Failed to verify password.","timestamp":"2026-01-09T19:13:42.803Z"}
{"context":"Mongoose","level":"info","message":"MongoDB connected","timestamp":"2026-01-09T19:15:16.391Z"}
{"context":"Bootstrap","level":"info","message":"Server running on http://localhost:3000 in development environment","timestamp":"2026-01-09T19:15:16.408Z"}
{"context":"Bootstrap","level":"info","message":"Swagger docs available at http://localhost:3000/api-docs","timestamp":"2026-01-09T19:15:16.413Z"}
