{"context":"CollectorsService","level":"info","message":"logging in collector","timestamp":"2026-05-21T07:54:01.009Z"}
{"context":"CollectorsService","level":"info","message":"Fetching collector profile","timestamp":"2026-05-21T07:54:06.824Z"}
{"context":"CollectorsService","level":"info","message":"Fetching collector profile","timestamp":"2026-05-21T07:54:07.065Z"}
{"context":"NotificationService","level":"info","message":"get list of notifications for user","timestamp":"2026-05-21T07:54:08.555Z"}
{"context":"CollectorsService","level":"info","message":"Getting collector stats","timestamp":"2026-05-21T07:54:08.567Z"}
{"context":"CenterService","level":"info","message":"Getting all centers","timestamp":"2026-05-21T07:54:08.586Z"}
{"context":"DropsService","level":"info","message":"get list of drop offs","timestamp":"2026-05-21T07:54:08.595Z"}
{"context":"NotificationService","level":"info","message":"get list of notifications for user","timestamp":"2026-05-21T07:54:09.126Z"}
{"context":"DropsService","level":"info","message":"get list of drop offs","timestamp":"2026-05-21T07:54:11.941Z"}
{"context":"CenterService","level":"info","message":"Getting closest centers","timestamp":"2026-05-21T07:54:13.233Z"}
{"context":"CollectorsService","level":"info","message":"Getting collector stats","timestamp":"2026-05-21T07:54:13.885Z"}
{"context":"CenterService","level":"info","message":"Getting all centers","timestamp":"2026-05-21T07:54:13.891Z"}
{"context":"CenterService","level":"info","message":"Getting closest centers","timestamp":"2026-05-21T07:54:15.141Z"}
{"context":"CenterService","level":"info","message":"Getting closest centers","timestamp":"2026-05-21T07:54:15.353Z"}
{"context":"CenterService","level":"info","message":"Getting closest centers","timestamp":"2026-05-21T07:54:15.570Z"}
{"context":"CollectorsService","level":"info","message":"Getting collector stats","timestamp":"2026-05-21T07:54:58.807Z"}
{"context":"CenterService","level":"info","message":"Getting all centers","timestamp":"2026-05-21T07:54:58.816Z"}
{"context":"CenterService","level":"info","message":"Getting closest centers","timestamp":"2026-05-21T07:54:58.822Z"}
{"context":"DropsService","level":"info","message":"get list of drop offs","timestamp":"2026-05-21T07:54:58.832Z"}
{"context":"CenterService","level":"info","message":"Getting all centers","timestamp":"2026-05-21T07:54:59.703Z"}
{"context":"CollectorsService","level":"info","message":"Getting collector stats","timestamp":"2026-05-21T07:54:59.709Z"}
{"context":"CenterService","level":"info","message":"Getting closest centers","timestamp":"2026-05-21T07:54:59.716Z"}
{"context":"DropsService","level":"info","message":"get list of drop offs","timestamp":"2026-05-21T07:55:00.961Z"}
{"context":"CenterService","level":"info","message":"Getting closest centers","timestamp":"2026-05-21T07:55:01.999Z"}
{"context":"CenterService","level":"info","message":"Getting closest centers","timestamp":"2026-05-21T07:55:04.444Z"}
{"context":"CenterService","level":"info","message":"Getting closest centers","timestamp":"2026-05-21T07:55:20.485Z"}
{"context":"CenterService","level":"info","message":"Getting closest centers","timestamp":"2026-05-21T07:55:20.969Z"}
{"context":"CenterService","level":"info","message":"Getting closest centers","timestamp":"2026-05-21T07:55:21.202Z"}
{"context":"CenterService","level":"info","message":"Getting closest centers","timestamp":"2026-05-21T07:55:21.407Z"}
{"context":"Mongoose","level":"info","message":"MongoDB connected","timestamp":"2026-05-21T08:11:58.330Z"}
{"context":"Bootstrap","level":"info","message":"Server running on http://localhost:3000 in development environment","timestamp":"2026-05-21T08:11:59.178Z"}
{"context":"Bootstrap","level":"info","message":"Swagger docs available at http://localhost:3000/api-docs","timestamp":"2026-05-21T08:11:59.180Z"}
{"context":"Mongoose","level":"info","message":"MongoDB connected","timestamp":"2026-05-21T08:14:19.945Z"}
{"context":"Bootstrap","level":"info","message":"Server running on http://localhost:3000 in development environment","timestamp":"2026-05-21T08:14:20.081Z"}
{"context":"Bootstrap","level":"info","message":"Swagger docs available at http://localhost:3000/api-docs","timestamp":"2026-05-21T08:14:20.111Z"}
{"context":"Mongoose","level":"info","message":"MongoDB connected","timestamp":"2026-05-21T08:14:50.321Z"}
{"context":"Bootstrap","level":"info","message":"Server running on http://localhost:3000 in development environment","timestamp":"2026-05-21T08:14:50.378Z"}
{"context":"Bootstrap","level":"info","message":"Swagger docs available at http://localhost:3000/api-docs","timestamp":"2026-05-21T08:14:50.386Z"}
{"context":"Mongoose","level":"info","message":"MongoDB connected","timestamp":"2026-05-21T08:15:21.274Z"}
{"context":"Bootstrap","level":"info","message":"Server running on http://localhost:3000 in development environment","timestamp":"2026-05-21T08:15:21.306Z"}
{"context":"Bootstrap","level":"info","message":"Swagger docs available at http://localhost:3000/api-docs","timestamp":"2026-05-21T08:15:21.307Z"}
{"context":"Mongoose","level":"info","message":"MongoDB connected","timestamp":"2026-05-21T08:15:40.266Z"}
{"context":"Bootstrap","level":"info","message":"Server running on http://localhost:3000 in development environment","timestamp":"2026-05-21T08:15:40.350Z"}
{"context":"Bootstrap","level":"info","message":"Swagger docs available at http://localhost:3000/api-docs","timestamp":"2026-05-21T08:15:40.400Z"}
{"context":"Mongoose","level":"info","message":"MongoDB connected","timestamp":"2026-05-21T08:16:10.421Z"}
{"context":"Bootstrap","level":"info","message":"Server running on http://localhost:3000 in development environment","timestamp":"2026-05-21T08:16:10.456Z"}
{"context":"Bootstrap","level":"info","message":"Swagger docs available at http://localhost:3000/api-docs","timestamp":"2026-05-21T08:16:10.461Z"}
{"context":"Mongoose","level":"info","message":"MongoDB connected","timestamp":"2026-05-21T08:16:55.544Z"}
{"context":"Bootstrap","level":"info","message":"Server running on http://localhost:3000 in development environment","timestamp":"2026-05-21T08:16:55.587Z"}
{"context":"Bootstrap","level":"info","message":"Swagger docs available at http://localhost:3000/api-docs","timestamp":"2026-05-21T08:16:55.588Z"}
{"context":"Mongoose","level":"info","message":"MongoDB connected","timestamp":"2026-05-21T08:17:54.620Z"}
{"context":"Bootstrap","level":"info","message":"Server running on http://localhost:3000 in development environment","timestamp":"2026-05-21T08:17:54.678Z"}
{"context":"Bootstrap","level":"info","message":"Swagger docs available at http://localhost:3000/api-docs","timestamp":"2026-05-21T08:17:54.702Z"}
{"context":"Mongoose","level":"info","message":"MongoDB connected","timestamp":"2026-05-21T08:18:31.391Z"}
{"context":"Bootstrap","level":"info","message":"Server running on http://localhost:3000 in development environment","timestamp":"2026-05-21T08:18:31.461Z"}
{"context":"Bootstrap","level":"info","message":"Swagger docs available at http://localhost:3000/api-docs","timestamp":"2026-05-21T08:18:31.464Z"}
{"context":"Mongoose","level":"info","message":"MongoDB connected","timestamp":"2026-05-21T08:18:53.761Z"}
{"context":"Bootstrap","level":"info","message":"Server running on http://localhost:3000 in development environment","timestamp":"2026-05-21T08:18:53.789Z"}
{"context":"Bootstrap","level":"info","message":"Swagger docs available at http://localhost:3000/api-docs","timestamp":"2026-05-21T08:18:53.792Z"}
{"context":"Mongoose","level":"info","message":"MongoDB connected","timestamp":"2026-05-21T08:19:20.140Z"}
{"context":"Bootstrap","level":"info","message":"Server running on http://localhost:3000 in development environment","timestamp":"2026-05-21T08:19:20.175Z"}
{"context":"Bootstrap","level":"info","message":"Swagger docs available at http://localhost:3000/api-docs","timestamp":"2026-05-21T08:19:20.177Z"}
{"context":"Mongoose","level":"info","message":"MongoDB connected","timestamp":"2026-05-21T08:19:43.182Z"}
{"context":"Bootstrap","level":"info","message":"Server running on http://localhost:3000 in development environment","timestamp":"2026-05-21T08:19:43.201Z"}
{"context":"Bootstrap","level":"info","message":"Swagger docs available at http://localhost:3000/api-docs","timestamp":"2026-05-21T08:19:43.201Z"}
{"context":"Mongoose","level":"info","message":"MongoDB connected","timestamp":"2026-05-21T08:20:10.399Z"}
{"context":"Bootstrap","level":"info","message":"Server running on http://localhost:3000 in development environment","timestamp":"2026-05-21T08:20:10.430Z"}
{"context":"Bootstrap","level":"info","message":"Swagger docs available at http://localhost:3000/api-docs","timestamp":"2026-05-21T08:20:10.431Z"}
{"context":"Mongoose","level":"info","message":"MongoDB connected","timestamp":"2026-05-21T08:20:57.444Z"}
{"context":"Bootstrap","level":"info","message":"Server running on http://localhost:3000 in development environment","timestamp":"2026-05-21T08:20:57.480Z"}
{"context":"Bootstrap","level":"info","message":"Swagger docs available at http://localhost:3000/api-docs","timestamp":"2026-05-21T08:20:57.482Z"}
{"context":"Mongoose","level":"info","message":"MongoDB connected","timestamp":"2026-05-21T08:21:12.290Z"}
{"context":"Bootstrap","level":"info","message":"Server running on http://localhost:3000 in development environment","timestamp":"2026-05-21T08:21:12.321Z"}
{"context":"Bootstrap","level":"info","message":"Swagger docs available at http://localhost:3000/api-docs","timestamp":"2026-05-21T08:21:12.324Z"}
{"context":"Mongoose","level":"info","message":"MongoDB connected","timestamp":"2026-05-21T08:22:11.242Z"}
{"context":"Bootstrap","level":"info","message":"Server running on http://localhost:3000 in development environment","timestamp":"2026-05-21T08:22:11.299Z"}
{"context":"Bootstrap","level":"info","message":"Swagger docs available at http://localhost:3000/api-docs","timestamp":"2026-05-21T08:22:11.314Z"}
{"context":"Mongoose","level":"info","message":"MongoDB connected","timestamp":"2026-05-21T08:22:40.658Z"}
{"context":"Bootstrap","level":"info","message":"Server running on http://localhost:3000 in development environment","timestamp":"2026-05-21T08:22:40.679Z"}
{"context":"Bootstrap","level":"info","message":"Swagger docs available at http://localhost:3000/api-docs","timestamp":"2026-05-21T08:22:40.680Z"}
{"context":"Mongoose","level":"info","message":"MongoDB connected","timestamp":"2026-05-21T08:24:49.014Z"}
{"context":"Bootstrap","level":"info","message":"Server running on http://localhost:3000 in development environment","timestamp":"2026-05-21T08:24:49.037Z"}
{"context":"Bootstrap","level":"info","message":"Swagger docs available at http://localhost:3000/api-docs","timestamp":"2026-05-21T08:24:49.037Z"}
{"context":"Mongoose","level":"info","message":"MongoDB connected","timestamp":"2026-05-21T08:25:41.169Z"}
{"context":"Bootstrap","level":"info","message":"Server running on http://localhost:3000 in development environment","timestamp":"2026-05-21T08:25:41.195Z"}
{"context":"Bootstrap","level":"info","message":"Swagger docs available at http://localhost:3000/api-docs","timestamp":"2026-05-21T08:25:41.196Z"}
{"context":"Mongoose","level":"info","message":"MongoDB connected","timestamp":"2026-05-21T08:26:20.675Z"}
{"context":"Bootstrap","level":"info","message":"Server running on http://localhost:3000 in development environment","timestamp":"2026-05-21T08:26:20.697Z"}
{"context":"Bootstrap","level":"info","message":"Swagger docs available at http://localhost:3000/api-docs","timestamp":"2026-05-21T08:26:20.697Z"}
{"context":"Mongoose","level":"info","message":"MongoDB connected","timestamp":"2026-05-21T08:29:07.327Z"}
{"context":"Bootstrap","level":"info","message":"Server running on http://localhost:3000 in development environment","timestamp":"2026-05-21T08:29:07.385Z"}
{"context":"Bootstrap","level":"info","message":"Swagger docs available at http://localhost:3000/api-docs","timestamp":"2026-05-21T08:29:07.387Z"}
{"context":"Mongoose","level":"info","message":"MongoDB connected","timestamp":"2026-05-21T08:29:59.725Z"}
{"context":"Mongoose","level":"info","message":"MongoDB connected","timestamp":"2026-05-21T08:30:15.999Z"}
{"context":"Mongoose","level":"info","message":"MongoDB connected","timestamp":"2026-05-21T08:31:04.872Z"}
{"context":"Bootstrap","level":"info","message":"Server running on http://localhost:3000 in development environment","timestamp":"2026-05-21T08:31:04.903Z"}
{"context":"Bootstrap","level":"info","message":"Swagger docs available at http://localhost:3000/api-docs","timestamp":"2026-05-21T08:31:04.905Z"}
{"context":"Mongoose","level":"info","message":"MongoDB connected","timestamp":"2026-05-21T08:42:39.875Z"}
{"context":"Bootstrap","level":"info","message":"Server running on http://localhost:3000 in development environment","timestamp":"2026-05-21T08:42:39.897Z"}
{"context":"Bootstrap","level":"info","message":"Swagger docs available at http://localhost:3000/api-docs","timestamp":"2026-05-21T08:42:39.898Z"}
{"context":"CollectorsService","level":"info","message":"Fetching collector profile","timestamp":"2026-05-21T08:50:28.637Z"}
{"context":"CollectorsService","level":"info","message":"Fetching collector profile","timestamp":"2026-05-21T08:50:29.221Z"}
{"context":"NotificationService","level":"info","message":"get list of notifications for user","timestamp":"2026-05-21T08:50:29.575Z"}
{"context":"CollectorsService","level":"info","message":"Getting collector stats","timestamp":"2026-05-21T08:50:29.644Z"}
{"context":"CenterService","level":"info","message":"Getting closest centers","timestamp":"2026-05-21T08:50:29.694Z"}
{"context":"DropsService","level":"info","message":"get list of drop offs","timestamp":"2026-05-21T08:50:29.702Z"}
{"context":"CenterService","level":"info","message":"Getting all centers","timestamp":"2026-05-21T08:50:29.708Z"}
{"context":"CollectorsService","level":"info","message":"Getting collector stats","timestamp":"2026-05-21T08:50:31.328Z"}
{"context":"NotificationService","level":"info","message":"get list of notifications for user","timestamp":"2026-05-21T08:50:31.852Z"}
{"context":"DropsService","level":"info","message":"get list of drop offs","timestamp":"2026-05-21T08:50:31.867Z"}
{"context":"CenterService","level":"info","message":"Getting closest centers","timestamp":"2026-05-21T08:50:34.075Z"}
{"context":"CenterService","level":"info","message":"Getting closest centers","timestamp":"2026-05-21T08:50:34.328Z"}
{"context":"CenterService","level":"info","message":"Getting all centers","timestamp":"2026-05-21T08:50:34.556Z"}
{"context":"CenterService","level":"info","message":"Getting closest centers","timestamp":"2026-05-21T08:50:34.561Z"}
{"context":"CenterService","level":"info","message":"Getting closest centers","timestamp":"2026-05-21T08:50:34.865Z"}
{"context":"CenterService","level":"info","message":"Getting closest centers","timestamp":"2026-05-21T08:50:35.117Z"}
{"context":"CenterService","level":"info","message":"Getting closest centers","timestamp":"2026-05-21T08:50:35.381Z"}
{"context":"CenterService","level":"info","message":"Getting closest centers","timestamp":"2026-05-21T08:50:35.607Z"}
{"context":"CollectorsService","level":"info","message":"Fetching collector profile","timestamp":"2026-05-21T08:53:29.895Z"}
{"context":"CollectorsService","level":"info","message":"Fetching collector profile","timestamp":"2026-05-21T08:53:30.129Z"}
{"context":"NotificationService","level":"info","message":"get list of notifications for user","timestamp":"2026-05-21T08:53:30.811Z"}
{"context":"CollectorsService","level":"info","message":"Getting collector stats","timestamp":"2026-05-21T08:53:30.869Z"}
{"context":"CenterService","level":"info","message":"Getting all centers","timestamp":"2026-05-21T08:53:30.932Z"}
{"context":"DropsService","level":"info","message":"get list of drop offs","timestamp":"2026-05-21T08:53:30.948Z"}
{"context":"CenterService","level":"info","message":"Getting closest centers","timestamp":"2026-05-21T08:53:35.216Z"}
{"context":"DropsService","level":"info","message":"get list of drop offs","timestamp":"2026-05-21T08:53:35.631Z"}
{"context":"CollectorsService","level":"info","message":"Getting collector stats","timestamp":"2026-05-21T08:53:35.640Z"}
{"context":"NotificationService","level":"info","message":"get list of notifications for user","timestamp":"2026-05-21T08:53:35.801Z"}
{"context":"CenterService","level":"info","message":"Getting closest centers","timestamp":"2026-05-21T08:53:35.848Z"}
{"context":"CenterService","level":"info","message":"Getting all centers","timestamp":"2026-05-21T08:53:36.073Z"}
{"context":"CenterService","level":"info","message":"Getting closest centers","timestamp":"2026-05-21T08:53:36.626Z"}
{"context":"CenterService","level":"info","message":"Getting closest centers","timestamp":"2026-05-21T08:53:36.933Z"}
{"context":"CollectorsService","level":"info","message":"Fetching collector profile","timestamp":"2026-05-21T09:03:16.647Z"}
{"context":"CollectorsService","level":"info","message":"Fetching collector profile","timestamp":"2026-05-21T09:03:16.898Z"}
{"context":"CollectorsService","level":"info","message":"Fetching collector profile","timestamp":"2026-05-21T09:03:25.630Z"}
{"context":"CollectorsService","level":"info","message":"Fetching collector profile","timestamp":"2026-05-21T09:03:25.870Z"}
{"context":"CollectorsService","level":"info","message":"Fetching collector profile","timestamp":"2026-05-21T09:03:32.625Z"}
{"context":"CollectorsService","level":"info","message":"Fetching collector profile","timestamp":"2026-05-21T09:03:33.104Z"}
{"context":"NotificationService","level":"info","message":"get list of notifications for user","timestamp":"2026-05-21T09:03:33.207Z"}
{"context":"CollectorsService","level":"info","message":"Getting collector stats","timestamp":"2026-05-21T09:03:33.212Z"}
{"context":"CenterService","level":"info","message":"Getting all centers","timestamp":"2026-05-21T09:03:33.217Z"}
{"context":"CenterService","level":"info","message":"Getting closest centers","timestamp":"2026-05-21T09:03:33.224Z"}
{"context":"DropsService","level":"info","message":"get list of drop offs","timestamp":"2026-05-21T09:03:33.230Z"}
{"context":"NotificationService","level":"info","message":"get list of notifications for user","timestamp":"2026-05-21T09:03:35.411Z"}
{"context":"CollectorsService","level":"info","message":"Getting collector stats","timestamp":"2026-05-21T09:03:35.416Z"}
{"context":"CenterService","level":"info","message":"Getting closest centers","timestamp":"2026-05-21T09:03:35.687Z"}
{"context":"CenterService","level":"info","message":"Getting all centers","timestamp":"2026-05-21T09:03:35.691Z"}
{"context":"DropsService","level":"info","message":"get list of drop offs","timestamp":"2026-05-21T09:03:35.695Z"}
{"context":"CenterService","level":"info","message":"Getting closest centers","timestamp":"2026-05-21T09:03:37.614Z"}
{"context":"CenterService","level":"info","message":"Getting closest centers","timestamp":"2026-05-21T09:03:37.964Z"}
{"context":"CenterService","level":"info","message":"Getting closest centers","timestamp":"2026-05-21T09:03:40.480Z"}
{"context":"CenterService","level":"info","message":"Getting closest centers","timestamp":"2026-05-21T09:03:41.030Z"}
{"context":"CenterService","level":"info","message":"Getting closest centers","timestamp":"2026-05-21T09:03:41.094Z"}
{"context":"CenterService","level":"info","message":"Getting closest centers","timestamp":"2026-05-21T09:03:41.460Z"}
{"context":"CollectorsService","level":"info","message":"Fetching collector profile","timestamp":"2026-05-21T09:04:38.804Z"}
{"context":"CollectorsService","level":"info","message":"Fetching collector profile","timestamp":"2026-05-21T09:04:39.074Z"}
{"context":"NotificationService","level":"info","message":"get list of notifications for user","timestamp":"2026-05-21T09:04:39.457Z"}
{"context":"CollectorsService","level":"info","message":"Getting collector stats","timestamp":"2026-05-21T09:04:39.512Z"}
{"context":"CenterService","level":"info","message":"Getting all centers","timestamp":"2026-05-21T09:04:39.519Z"}
{"context":"DropsService","level":"info","message":"get list of drop offs","timestamp":"2026-05-21T09:04:39.523Z"}
{"context":"NotificationService","level":"info","message":"get list of notifications for user","timestamp":"2026-05-21T09:04:39.742Z"}
{"context":"CollectorsService","level":"info","message":"Getting collector stats","timestamp":"2026-05-21T09:04:39.756Z"}
{"context":"CenterService","level":"info","message":"Getting all centers","timestamp":"2026-05-21T09:04:39.970Z"}
{"context":"DropsService","level":"info","message":"get list of drop offs","timestamp":"2026-05-21T09:04:39.992Z"}
{"context":"CenterService","level":"info","message":"Getting closest centers","timestamp":"2026-05-21T09:04:46.811Z"}
{"context":"CenterService","level":"info","message":"Getting closest centers","timestamp":"2026-05-21T09:04:47.670Z"}
{"context":"CenterService","level":"info","message":"Getting closest centers","timestamp":"2026-05-21T09:04:48.188Z"}
{"context":"CenterService","level":"info","message":"Getting closest centers","timestamp":"2026-05-21T09:04:51.435Z"}
{"context":"CollectorsService","level":"info","message":"Fetching collector profile","timestamp":"2026-05-21T09:05:02.385Z"}
{"context":"CollectorsService","level":"info","message":"Fetching collector profile","timestamp":"2026-05-21T09:05:03.345Z"}
{"context":"NotificationService","level":"info","message":"get list of notifications for user","timestamp":"2026-05-21T09:05:03.853Z"}
{"context":"CollectorsService","level":"info","message":"Getting collector stats","timestamp":"2026-05-21T09:05:03.862Z"}
{"context":"CenterService","level":"info","message":"Getting all centers","timestamp":"2026-05-21T09:05:03.935Z"}
{"context":"DropsService","level":"info","message":"get list of drop offs","timestamp":"2026-05-21T09:05:04.046Z"}
{"context":"NotificationService","level":"info","message":"get list of notifications for user","timestamp":"2026-05-21T09:05:04.152Z"}
{"context":"CollectorsService","level":"info","message":"Getting collector stats","timestamp":"2026-05-21T09:05:04.164Z"}
{"context":"CenterService","level":"info","message":"Getting closest centers","timestamp":"2026-05-21T09:05:04.256Z"}
{"context":"CenterService","level":"info","message":"Getting all centers","timestamp":"2026-05-21T09:05:04.855Z"}
{"context":"CenterService","level":"info","message":"Getting closest centers","timestamp":"2026-05-21T09:05:04.859Z"}
{"context":"DropsService","level":"info","message":"get list of drop offs","timestamp":"2026-05-21T09:05:05.072Z"}
{"context":"CenterService","level":"info","message":"Getting closest centers","timestamp":"2026-05-21T09:05:05.141Z"}
{"context":"CenterService","level":"info","message":"Getting closest centers","timestamp":"2026-05-21T09:05:05.372Z"}
{"context":"Mongoose","level":"info","message":"MongoDB connected","timestamp":"2026-05-21T09:06:16.178Z"}
{"context":"Bootstrap","level":"info","message":"Server running on http://localhost:3000 in development environment","timestamp":"2026-05-21T09:06:16.194Z"}
{"context":"Bootstrap","level":"info","message":"Swagger docs available at http://localhost:3000/api-docs","timestamp":"2026-05-21T09:06:16.195Z"}
{"context":"CollectorsService","level":"info","message":"Fetching collector profile","timestamp":"2026-05-21T09:08:34.353Z"}
{"context":"CollectorsService","level":"info","message":"Fetching collector profile","timestamp":"2026-05-21T09:08:34.572Z"}
{"context":"NotificationService","level":"info","message":"get list of notifications for user","timestamp":"2026-05-21T09:08:35.499Z"}
{"context":"CollectorsService","level":"info","message":"Getting collector stats","timestamp":"2026-05-21T09:08:35.508Z"}
{"context":"CenterService","level":"info","message":"Getting all centers","timestamp":"2026-05-21T09:08:35.586Z"}
{"context":"DropsService","level":"info","message":"get list of drop offs","timestamp":"2026-05-21T09:08:35.591Z"}
{"context":"CollectorsService","level":"info","message":"Getting collector stats","timestamp":"2026-05-21T09:08:35.862Z"}
{"context":"NotificationService","level":"info","message":"get list of notifications for user","timestamp":"2026-05-21T09:08:35.867Z"}
{"context":"CenterService","level":"info","message":"Getting all centers","timestamp":"2026-05-21T09:08:36.272Z"}
{"context":"DropsService","level":"info","message":"get list of drop offs","timestamp":"2026-05-21T09:08:36.739Z"}
{"context":"CenterService","level":"info","message":"Getting closest centers","timestamp":"2026-05-21T09:08:43.156Z"}
{"context":"CenterService","level":"info","message":"Getting closest centers","timestamp":"2026-05-21T09:08:43.522Z"}
{"context":"CenterService","level":"info","message":"Getting closest centers","timestamp":"2026-05-21T09:08:43.961Z"}
{"context":"CenterService","level":"info","message":"Getting closest centers","timestamp":"2026-05-21T09:08:44.179Z"}
{"context":"CollectorsService","level":"info","message":"Fetching collector profile","timestamp":"2026-05-21T09:08:59.920Z"}
{"context":"CollectorsService","level":"info","message":"Fetching collector profile","timestamp":"2026-05-21T09:09:00.245Z"}
{"context":"NotificationService","level":"info","message":"get list of notifications for user","timestamp":"2026-05-21T09:09:00.930Z"}
{"context":"CollectorsService","level":"info","message":"Getting collector stats","timestamp":"2026-05-21T09:09:00.935Z"}
{"context":"CenterService","level":"info","message":"Getting all centers","timestamp":"2026-05-21T09:09:00.970Z"}
{"context":"DropsService","level":"info","message":"get list of drop offs","timestamp":"2026-05-21T09:09:00.976Z"}
{"context":"CollectorsService","level":"info","message":"Getting collector stats","timestamp":"2026-05-21T09:09:01.217Z"}
{"context":"NotificationService","level":"info","message":"get list of notifications for user","timestamp":"2026-05-21T09:09:01.224Z"}
{"context":"CenterService","level":"info","message":"Getting all centers","timestamp":"2026-05-21T09:09:01.262Z"}
{"context":"CenterService","level":"info","message":"Getting closest centers","timestamp":"2026-05-21T09:09:01.324Z"}
{"context":"DropsService","level":"info","message":"get list of drop offs","timestamp":"2026-05-21T09:09:01.501Z"}
{"context":"CenterService","level":"info","message":"Getting closest centers","timestamp":"2026-05-21T09:09:01.757Z"}
{"context":"CenterService","level":"info","message":"Getting closest centers","timestamp":"2026-05-21T09:09:02.239Z"}
{"context":"CenterService","level":"info","message":"Getting closest centers","timestamp":"2026-05-21T09:09:02.502Z"}
{"context":"Mongoose","level":"info","message":"MongoDB connected","timestamp":"2026-05-21T09:13:07.570Z"}
{"context":"Bootstrap","level":"info","message":"Server running on http://localhost:3000 in development environment","timestamp":"2026-05-21T09:13:07.589Z"}
{"context":"Bootstrap","level":"info","message":"Swagger docs available at http://localhost:3000/api-docs","timestamp":"2026-05-21T09:13:07.590Z"}
{"context":"Mongoose","level":"info","message":"MongoDB connected","timestamp":"2026-05-21T09:16:20.548Z"}
{"context":"Bootstrap","level":"info","message":"Server running on http://localhost:3000 in development environment","timestamp":"2026-05-21T09:16:20.580Z"}
{"context":"Bootstrap","level":"info","message":"Swagger docs available at http://localhost:3000/api-docs","timestamp":"2026-05-21T09:16:20.580Z"}
{"context":"Mongoose","level":"info","message":"MongoDB connected","timestamp":"2026-05-21T09:19:05.344Z"}
{"context":"Bootstrap","level":"info","message":"Server running on http://localhost:3000 in development environment","timestamp":"2026-05-21T09:19:05.363Z"}
{"context":"Bootstrap","level":"info","message":"Swagger docs available at http://localhost:3000/api-docs","timestamp":"2026-05-21T09:19:05.364Z"}
{"context":"Mongoose","level":"info","message":"MongoDB connected","timestamp":"2026-05-21T09:19:19.556Z"}
{"context":"Bootstrap","level":"info","message":"Server running on http://localhost:3000 in development environment","timestamp":"2026-05-21T09:19:19.583Z"}
{"context":"Bootstrap","level":"info","message":"Swagger docs available at http://localhost:3000/api-docs","timestamp":"2026-05-21T09:19:19.583Z"}
{"context":"CollectorsService","level":"info","message":"Fetching collector profile","timestamp":"2026-05-21T09:24:16.660Z"}
{"context":"CollectorsService","level":"info","message":"Fetching collector profile","timestamp":"2026-05-21T09:24:16.910Z"}
{"context":"NotificationService","level":"info","message":"get list of notifications for user","timestamp":"2026-05-21T09:24:17.428Z"}
{"context":"CollectorsService","level":"info","message":"Getting collector stats","timestamp":"2026-05-21T09:24:17.435Z"}
{"context":"CenterService","level":"info","message":"Getting all centers","timestamp":"2026-05-21T09:24:17.441Z"}
{"context":"DropsService","level":"info","message":"get list of drop offs","timestamp":"2026-05-21T09:24:17.448Z"}
{"context":"NotificationService","level":"info","message":"get list of notifications for user","timestamp":"2026-05-21T09:24:18.114Z"}
{"context":"CenterService","level":"info","message":"Getting all centers","timestamp":"2026-05-21T09:24:18.119Z"}
{"context":"CollectorsService","level":"info","message":"Getting collector stats","timestamp":"2026-05-21T09:24:18.126Z"}
{"context":"DropsService","level":"info","message":"get list of drop offs","timestamp":"2026-05-21T09:24:19.356Z"}
{"context":"CenterService","level":"info","message":"Getting closest centers","timestamp":"2026-05-21T09:24:24.780Z"}
{"context":"CenterService","level":"info","message":"Getting closest centers","timestamp":"2026-05-21T09:24:25.555Z"}
{"context":"CenterService","level":"info","message":"Getting closest centers","timestamp":"2026-05-21T09:24:25.792Z"}
{"context":"CenterService","level":"info","message":"Getting closest centers","timestamp":"2026-05-21T09:24:26.020Z"}
{"context":"Mongoose","level":"info","message":"MongoDB connected","timestamp":"2026-05-21T09:32:34.170Z"}
{"context":"Bootstrap","level":"info","message":"Server running on http://localhost:3000 in development environment","timestamp":"2026-05-21T09:32:34.191Z"}
{"context":"Bootstrap","level":"info","message":"Swagger docs available at http://localhost:3000/api-docs","timestamp":"2026-05-21T09:32:34.192Z"}
{"context":"Mongoose","level":"info","message":"MongoDB connected","timestamp":"2026-05-21T09:32:54.381Z"}
{"context":"Bootstrap","level":"info","message":"Server running on http://localhost:3000 in development environment","timestamp":"2026-05-21T09:32:54.398Z"}
{"context":"Bootstrap","level":"info","message":"Swagger docs available at http://localhost:3000/api-docs","timestamp":"2026-05-21T09:32:54.399Z"}
{"context":"CollectorsService","level":"info","message":"Getting collector stats","timestamp":"2026-05-21T09:35:58.649Z"}
{"context":"Mongoose","level":"info","message":"MongoDB connected","timestamp":"2026-05-21T09:40:22.857Z"}
{"context":"Bootstrap","level":"info","message":"Server running on http://localhost:3000 in development environment","timestamp":"2026-05-21T09:40:22.882Z"}
{"context":"Bootstrap","level":"info","message":"Swagger docs available at http://localhost:3000/api-docs","timestamp":"2026-05-21T09:40:22.883Z"}
{"context":"CollectorsService","level":"info","message":"logging in collector","timestamp":"2026-05-21T09:40:36.995Z"}
{"context":"CollectorsService","level":"info","message":"Getting collector stats","timestamp":"2026-05-21T09:41:08.097Z"}
{"context":"CollectorsService","level":"info","message":"Getting collector stats","timestamp":"2026-05-21T09:42:31.990Z"}
{"context":"CollectorsService","level":"info","message":"Fetching collector profile","timestamp":"2026-05-21T09:42:56.033Z"}
{"context":"CollectorsService","level":"info","message":"Fetching collector profile","timestamp":"2026-05-21T09:42:56.268Z"}
{"context":"NotificationService","level":"info","message":"get list of notifications for user","timestamp":"2026-05-21T09:42:56.902Z"}
{"context":"CollectorsService","level":"info","message":"Getting collector stats","timestamp":"2026-05-21T09:42:56.944Z"}
{"context":"CenterService","level":"info","message":"Getting all centers","timestamp":"2026-05-21T09:42:56.952Z"}
{"context":"DropsService","level":"info","message":"get list of drop offs","timestamp":"2026-05-21T09:42:56.962Z"}
{"context":"CollectorsService","level":"info","message":"Getting collector stats","timestamp":"2026-05-21T09:42:57.640Z"}
{"context":"NotificationService","level":"info","message":"get list of notifications for user","timestamp":"2026-05-21T09:42:57.645Z"}
{"context":"DropsService","level":"info","message":"get list of drop offs","timestamp":"2026-05-21T09:42:58.291Z"}
{"context":"CenterService","level":"info","message":"Getting all centers","timestamp":"2026-05-21T09:42:59.573Z"}
{"context":"CenterService","level":"info","message":"Getting closest centers","timestamp":"2026-05-21T09:43:01.617Z"}
{"context":"CenterService","level":"info","message":"Getting closest centers","timestamp":"2026-05-21T09:43:02.093Z"}
{"context":"CenterService","level":"info","message":"Getting closest centers","timestamp":"2026-05-21T09:43:02.306Z"}
{"context":"CenterService","level":"info","message":"Getting closest centers","timestamp":"2026-05-21T09:43:02.517Z"}
{"context":"CollectorsService","level":"info","message":"Fetching collector profile","timestamp":"2026-05-21T09:43:38.826Z"}
{"context":"CollectorsService","level":"info","message":"Fetching collector profile","timestamp":"2026-05-21T09:43:39.072Z"}
{"context":"NotificationService","level":"info","message":"get list of notifications for user","timestamp":"2026-05-21T09:43:39.568Z"}
{"context":"CollectorsService","level":"info","message":"Getting collector stats","timestamp":"2026-05-21T09:43:39.582Z"}
{"context":"CenterService","level":"info","message":"Getting all centers","timestamp":"2026-05-21T09:43:39.626Z"}
{"context":"DropsService","level":"info","message":"get list of drop offs","timestamp":"2026-05-21T09:43:39.643Z"}
{"context":"NotificationService","level":"info","message":"get list of notifications for user","timestamp":"2026-05-21T09:43:40.066Z"}
{"context":"CollectorsService","level":"info","message":"Getting collector stats","timestamp":"2026-05-21T09:43:40.078Z"}
{"context":"CenterService","level":"info","message":"Getting all centers","timestamp":"2026-05-21T09:43:40.319Z"}
{"context":"DropsService","level":"info","message":"get list of drop offs","timestamp":"2026-05-21T09:43:40.329Z"}
{"context":"CenterService","level":"info","message":"Getting closest centers","timestamp":"2026-05-21T09:43:44.171Z"}
{"context":"CenterService","level":"info","message":"Getting closest centers","timestamp":"2026-05-21T09:43:46.101Z"}
{"context":"CenterService","level":"info","message":"Getting closest centers","timestamp":"2026-05-21T09:43:46.831Z"}
{"context":"CenterService","level":"info","message":"Getting closest centers","timestamp":"2026-05-21T09:43:47.662Z"}
{"context":"CollectorsService","level":"info","message":"Getting collector stats","timestamp":"2026-05-21T09:44:10.790Z"}
{"context":"CollectorsService","level":"info","message":"Fetching collector profile","timestamp":"2026-05-21T09:44:34.791Z"}
{"context":"CollectorsService","level":"info","message":"Fetching collector profile","timestamp":"2026-05-21T09:44:35.556Z"}
{"context":"NotificationService","level":"info","message":"get list of notifications for user","timestamp":"2026-05-21T09:44:36.068Z"}
{"context":"CollectorsService","level":"info","message":"Getting collector stats","timestamp":"2026-05-21T09:44:36.138Z"}
{"context":"CenterService","level":"info","message":"Getting all centers","timestamp":"2026-05-21T09:44:36.188Z"}
{"context":"DropsService","level":"info","message":"get list of drop offs","timestamp":"2026-05-21T09:44:36.194Z"}
{"context":"CollectorsService","level":"info","message":"Getting collector stats","timestamp":"2026-05-21T09:44:36.926Z"}
{"context":"CenterService","level":"info","message":"Getting all centers","timestamp":"2026-05-21T09:44:36.955Z"}
{"context":"NotificationService","level":"info","message":"get list of notifications for user","timestamp":"2026-05-21T09:44:37.822Z"}
{"context":"DropsService","level":"info","message":"get list of drop offs","timestamp":"2026-05-21T09:44:39.662Z"}
{"context":"CenterService","level":"info","message":"Getting closest centers","timestamp":"2026-05-21T09:44:40.665Z"}
{"context":"CenterService","level":"info","message":"Getting closest centers","timestamp":"2026-05-21T09:44:40.978Z"}
{"context":"CenterService","level":"info","message":"Getting closest centers","timestamp":"2026-05-21T09:44:41.224Z"}
{"context":"CenterService","level":"info","message":"Getting closest centers","timestamp":"2026-05-21T09:44:41.471Z"}
{"context":"CollectorsService","level":"info","message":"Fetching collector profile","timestamp":"2026-05-21T09:51:12.407Z"}
{"context":"CollectorsService","level":"info","message":"Fetching collector profile","timestamp":"2026-05-21T09:51:12.752Z"}
{"context":"NotificationService","level":"info","message":"get list of notifications for user","timestamp":"2026-05-21T09:51:13.473Z"}
{"context":"CollectorsService","level":"info","message":"Getting collector stats","timestamp":"2026-05-21T09:51:13.512Z"}
{"context":"CenterService","level":"info","message":"Getting all centers","timestamp":"2026-05-21T09:51:13.517Z"}
{"context":"DropsService","level":"info","message":"get list of drop offs","timestamp":"2026-05-21T09:51:13.522Z"}
{"context":"CollectorsService","level":"info","message":"Getting collector stats","timestamp":"2026-05-21T09:51:13.871Z"}
{"context":"NotificationService","level":"info","message":"get list of notifications for user","timestamp":"2026-05-21T09:51:13.879Z"}
{"context":"CenterService","level":"info","message":"Getting all centers","timestamp":"2026-05-21T09:51:14.238Z"}
{"context":"DropsService","level":"info","message":"get list of drop offs","timestamp":"2026-05-21T09:51:14.247Z"}
{"context":"CenterService","level":"info","message":"Getting closest centers","timestamp":"2026-05-21T09:51:17.825Z"}
{"context":"CenterService","level":"info","message":"Getting closest centers","timestamp":"2026-05-21T09:51:18.055Z"}
{"context":"CenterService","level":"info","message":"Getting closest centers","timestamp":"2026-05-21T09:51:18.291Z"}
{"context":"CenterService","level":"info","message":"Getting closest centers","timestamp":"2026-05-21T09:51:18.506Z"}
{"context":"Mongoose","level":"info","message":"MongoDB connected","timestamp":"2026-05-21T09:53:53.286Z"}
{"context":"Bootstrap","level":"info","message":"Server running on http://localhost:3000 in development environment","timestamp":"2026-05-21T09:53:53.315Z"}
{"context":"Bootstrap","level":"info","message":"Swagger docs available at http://localhost:3000/api-docs","timestamp":"2026-05-21T09:53:53.316Z"}
{"context":"Mongoose","level":"info","message":"MongoDB connected","timestamp":"2026-05-21T09:54:07.470Z"}
{"context":"Bootstrap","level":"info","message":"Server running on http://localhost:3000 in development environment","timestamp":"2026-05-21T09:54:07.490Z"}
{"context":"Bootstrap","level":"info","message":"Swagger docs available at http://localhost:3000/api-docs","timestamp":"2026-05-21T09:54:07.491Z"}
{"context":"CollectorsService","level":"info","message":"Getting collector stats","timestamp":"2026-05-21T09:54:10.966Z"}
{"context":"Mongoose","level":"info","message":"MongoDB connected","timestamp":"2026-05-21T09:54:35.940Z"}
{"context":"Bootstrap","level":"info","message":"Server running on http://localhost:3000 in development environment","timestamp":"2026-05-21T09:54:35.968Z"}
{"context":"Bootstrap","level":"info","message":"Swagger docs available at http://localhost:3000/api-docs","timestamp":"2026-05-21T09:54:35.969Z"}
{"context":"CollectorsService","level":"info","message":"Fetching collector profile","timestamp":"2026-05-21T10:09:20.642Z"}
{"context":"CollectorsService","level":"info","message":"Fetching collector profile","timestamp":"2026-05-21T10:09:20.924Z"}
{"context":"NotificationService","level":"info","message":"get list of notifications for user","timestamp":"2026-05-21T10:09:21.142Z"}
{"context":"CollectorsService","level":"info","message":"Getting collector stats","timestamp":"2026-05-21T10:09:21.170Z"}
{"context":"CenterService","level":"info","message":"Getting all centers","timestamp":"2026-05-21T10:09:21.176Z"}
{"context":"CenterService","level":"info","message":"Getting closest centers","timestamp":"2026-05-21T10:09:21.181Z"}
{"context":"DropsService","level":"info","message":"get list of drop offs","timestamp":"2026-05-21T10:09:21.187Z"}
{"context":"NotificationService","level":"info","message":"get list of notifications for user","timestamp":"2026-05-21T10:09:21.710Z"}
{"context":"CollectorsService","level":"info","message":"Getting collector stats","timestamp":"2026-05-21T10:09:22.055Z"}
{"context":"CenterService","level":"info","message":"Getting all centers","timestamp":"2026-05-21T10:09:22.061Z"}
{"context":"DropsService","level":"info","message":"get list of drop offs","timestamp":"2026-05-21T10:09:22.311Z"}
{"context":"CenterService","level":"info","message":"Getting closest centers","timestamp":"2026-05-21T10:09:22.318Z"}
{"context":"CenterService","level":"info","message":"Getting closest centers","timestamp":"2026-05-21T10:09:22.607Z"}
{"context":"CenterService","level":"info","message":"Getting closest centers","timestamp":"2026-05-21T10:09:22.942Z"}
{"context":"CenterService","level":"info","message":"Getting closest centers","timestamp":"2026-05-21T10:09:25.655Z"}
{"context":"CenterService","level":"info","message":"Getting closest centers","timestamp":"2026-05-21T10:09:26.270Z"}
{"context":"CenterService","level":"info","message":"Getting closest centers","timestamp":"2026-05-21T10:09:26.524Z"}
{"context":"CenterService","level":"info","message":"Getting closest centers","timestamp":"2026-05-21T10:09:27.172Z"}
{"context":"CollectorsService","level":"info","message":"Fetching collector profile","timestamp":"2026-05-21T10:14:49.652Z"}
{"context":"CollectorsService","level":"info","message":"Fetching collector profile","timestamp":"2026-05-21T10:14:49.896Z"}
{"context":"NotificationService","level":"info","message":"get list of notifications for user","timestamp":"2026-05-21T10:14:50.224Z"}
{"context":"CollectorsService","level":"info","message":"Getting collector stats","timestamp":"2026-05-21T10:14:50.237Z"}
{"context":"CenterService","level":"info","message":"Getting all centers","timestamp":"2026-05-21T10:14:50.243Z"}
{"context":"DropsService","level":"info","message":"get list of drop offs","timestamp":"2026-05-21T10:14:50.255Z"}
{"context":"CollectorsService","level":"info","message":"Getting collector stats","timestamp":"2026-05-21T10:14:51.284Z"}
{"context":"NotificationService","level":"info","message":"get list of notifications for user","timestamp":"2026-05-21T10:14:51.502Z"}
{"context":"DropsService","level":"info","message":"get list of drop offs","timestamp":"2026-05-21T10:14:51.841Z"}
{"context":"CenterService","level":"info","message":"Getting all centers","timestamp":"2026-05-21T10:14:52.182Z"}
{"context":"CenterService","level":"info","message":"Getting closest centers","timestamp":"2026-05-21T10:14:54.813Z"}
{"context":"CenterService","level":"info","message":"Getting closest centers","timestamp":"2026-05-21T10:14:55.035Z"}
{"context":"CenterService","level":"info","message":"Getting closest centers","timestamp":"2026-05-21T10:14:55.337Z"}
{"context":"CenterService","level":"info","message":"Getting closest centers","timestamp":"2026-05-21T10:14:55.586Z"}
{"context":"CollectorsService","level":"info","message":"Getting collector stats","timestamp":"2026-05-21T10:15:08.316Z"}
{"context":"CollectorsService","level":"info","message":"Getting collector stats","timestamp":"2026-05-21T10:15:11.647Z"}
{"context":"Mongoose","level":"info","message":"MongoDB connected","timestamp":"2026-05-21T10:15:59.177Z"}
{"context":"Bootstrap","level":"info","message":"Server running on http://localhost:3000 in development environment","timestamp":"2026-05-21T10:15:59.212Z"}
{"context":"Bootstrap","level":"info","message":"Swagger docs available at http://localhost:3000/api-docs","timestamp":"2026-05-21T10:15:59.213Z"}
{"context":"Mongoose","level":"info","message":"MongoDB connected","timestamp":"2026-05-21T10:16:57.618Z"}
{"context":"Bootstrap","level":"info","message":"Server running on http://localhost:3000 in development environment","timestamp":"2026-05-21T10:16:57.650Z"}
{"context":"Bootstrap","level":"info","message":"Swagger docs available at http://localhost:3000/api-docs","timestamp":"2026-05-21T10:16:57.650Z"}
{"context":"CollectorsService","level":"info","message":"Getting collector stats","timestamp":"2026-05-21T10:17:48.972Z"}
{"context":"Mongoose","level":"info","message":"MongoDB connected","timestamp":"2026-05-21T10:35:11.563Z"}
{"context":"Bootstrap","level":"info","message":"Server running on http://localhost:3000 in development environment","timestamp":"2026-05-21T10:35:11.871Z"}
{"context":"Bootstrap","level":"info","message":"Swagger docs available at http://localhost:3000/api-docs","timestamp":"2026-05-21T10:35:11.876Z"}
