{"context":"Mongoose","level":"info","message":"MongoDB connected","timestamp":"2026-01-07T08:43:43.329Z"}
{"context":"Bootstrap","level":"info","message":"Server running on http://localhost:3000 in development environment","timestamp":"2026-01-07T08:43:43.354Z"}
{"context":"Bootstrap","level":"info","message":"Swagger docs available at http://localhost:3000/api-docs","timestamp":"2026-01-07T08:43:43.355Z"}
{"context":"Mongoose","level":"info","message":"MongoDB connected","timestamp":"2026-01-07T16:28:29.960Z"}
{"context":"Bootstrap","level":"info","message":"Server running on http://localhost:3000 in development environment","timestamp":"2026-01-07T16:28:29.993Z"}
{"context":"Bootstrap","level":"info","message":"Swagger docs available at http://localhost:3000/api-docs","timestamp":"2026-01-07T16:28:29.997Z"}
{"context":"AdminService","level":"info","message":"logging in admin","timestamp":"2026-01-07T16:30:16.253Z"}
{"context":"AdminController","level":"error","message":"Admin does not exist","timestamp":"2026-01-07T16:30:16.649Z"}
{"context":"Mongoose","level":"info","message":"MongoDB connected","timestamp":"2026-01-07T16:32:26.149Z"}
{"context":"Bootstrap","level":"info","message":"Server running on http://localhost:3000 in development environment","timestamp":"2026-01-07T16:32:26.167Z"}
{"context":"Bootstrap","level":"info","message":"Swagger docs available at http://localhost:3000/api-docs","timestamp":"2026-01-07T16:32:26.169Z"}
{"context":"AdminService","level":"info","message":"logging in admin","timestamp":"2026-01-07T16:32:47.735Z"}
{"context":"AdminController","level":"error","message":"Admin does not exist","timestamp":"2026-01-07T16:32:48.020Z"}
{"context":"AdminService","level":"info","message":"logging in admin","timestamp":"2026-01-07T16:32:52.185Z"}
{"context":"AdminController","level":"error","message":"Admin does not exist","timestamp":"2026-01-07T16:32:52.549Z"}
{"context":"AdminService","level":"info","message":"logging in admin","timestamp":"2026-01-07T16:34:34.766Z"}
{"context":"AdminController","level":"error","message":"Admin does not exist","timestamp":"2026-01-07T16:34:35.003Z"}
{"context":"AdminService","level":"info","message":"logging in admin","timestamp":"2026-01-07T16:35:34.219Z"}
{"context":"AdminController","level":"error","message":"Admin does not exist","timestamp":"2026-01-07T16:35:34.503Z"}
{"context":"AdminService","level":"info","message":"logging in admin","timestamp":"2026-01-07T16:36:18.565Z"}
{"context":"AdminController","level":"error","message":"Admin does not exist","timestamp":"2026-01-07T16:36:18.909Z"}
{"context":"AdminService","level":"info","message":"logging in admin","timestamp":"2026-01-07T16:37:28.982Z"}
{"context":"AdminController","level":"error","message":"Admin does not exist","timestamp":"2026-01-07T16:37:29.223Z"}
{"context":"AdminService","level":"info","message":"logging in admin","timestamp":"2026-01-07T16:42:59.467Z"}
{"context":"AdminController","level":"error","message":"Admin does not exist","timestamp":"2026-01-07T16:42:59.726Z"}
{"context":"AdminService","level":"info","message":"logging in admin","timestamp":"2026-01-07T16:43:06.501Z"}
{"context":"AdminController","level":"error","message":"Admin does not exist","timestamp":"2026-01-07T16:43:10.356Z"}
{"context":"AdminService","level":"info","message":"logging in admin","timestamp":"2026-01-07T16:43:47.744Z"}
{"context":"AdminService","level":"info","message":"logging in admin","timestamp":"2026-01-07T16:43:59.897Z"}
{"context":"AdminController","level":"error","message":"Admin does not exist","timestamp":"2026-01-07T16:44:01.213Z"}
{"context":"AdminService","level":"info","message":"logging in admin","timestamp":"2026-01-07T16:44:14.257Z"}
{"context":"AdminController","level":"error","message":"Invalid password","timestamp":"2026-01-07T16:44:14.903Z"}
{"context":"AdminService","level":"info","message":"logging in admin","timestamp":"2026-01-07T16:45:12.109Z"}
{"context":"AdminController","level":"error","message":"Admin does not exist","timestamp":"2026-01-07T16:45:13.430Z"}
{"context":"AdminService","level":"info","message":"logging in admin","timestamp":"2026-01-07T16:45:39.297Z"}
{"context":"AdminController","level":"error","message":"Admin does not exist","timestamp":"2026-01-07T16:45:39.541Z"}
{"context":"AdminService","level":"info","message":"logging in admin","timestamp":"2026-01-07T16:45:44.191Z"}
{"context":"AdminController","level":"error","message":"Admin does not exist","timestamp":"2026-01-07T16:45:44.503Z"}
{"context":"AdminService","level":"info","message":"logging in admin","timestamp":"2026-01-07T16:46:02.717Z"}
{"context":"AdminController","level":"error","message":"Admin does not exist","timestamp":"2026-01-07T16:46:03.186Z"}
{"context":"AdminService","level":"info","message":"logging in admin","timestamp":"2026-01-07T16:46:19.442Z"}
{"context":"AdminController","level":"error","message":"Admin does not exist","timestamp":"2026-01-07T16:46:19.707Z"}
{"context":"AdminService","level":"info","message":"logging in admin","timestamp":"2026-01-07T16:46:35.988Z"}
{"context":"AdminController","level":"error","message":"Admin does not exist","timestamp":"2026-01-07T16:46:36.362Z"}
{"context":"AdminService","level":"info","message":"logging in admin","timestamp":"2026-01-07T16:46:51.603Z"}
{"context":"AdminController","level":"error","message":"Admin does not exist","timestamp":"2026-01-07T16:46:51.872Z"}
{"context":"Mongoose","level":"info","message":"MongoDB connected","timestamp":"2026-01-07T16:50:19.533Z"}
{"context":"Bootstrap","level":"info","message":"Server running on http://localhost:3000 in development environment","timestamp":"2026-01-07T16:50:19.561Z"}
{"context":"Bootstrap","level":"info","message":"Swagger docs available at http://localhost:3000/api-docs","timestamp":"2026-01-07T16:50:19.711Z"}
{"context":"AdminService","level":"info","message":"logging in admin","timestamp":"2026-01-07T16:50:31.151Z"}
{"context":"AdminService","level":"info","message":"logging in admin","timestamp":"2026-01-07T16:51:11.994Z"}
{"context":"AdminController","level":"error","message":"Admin does not exist","timestamp":"2026-01-07T16:51:12.245Z"}
{"context":"AdminService","level":"info","message":"logging in admin","timestamp":"2026-01-07T16:51:19.103Z"}
{"context":"AdminController","level":"error","message":"Invalid password","timestamp":"2026-01-07T16:51:20.250Z"}
{"context":"AdminService","level":"info","message":"logging in admin","timestamp":"2026-01-07T16:51:27.283Z"}
{"context":"AdminService","level":"info","message":"logging in admin","timestamp":"2026-01-07T16:51:53.777Z"}
{"context":"Mongoose","level":"info","message":"MongoDB connected","timestamp":"2026-01-07T16:52:28.178Z"}
{"context":"Bootstrap","level":"info","message":"Server running on http://localhost:3000 in development environment","timestamp":"2026-01-07T16:52:28.204Z"}
{"context":"Bootstrap","level":"info","message":"Swagger docs available at http://localhost:3000/api-docs","timestamp":"2026-01-07T16:52:28.205Z"}
{"context":"AdminService","level":"info","message":"logging in admin","timestamp":"2026-01-07T16:59:35.005Z"}
{"context":"AdminService","level":"info","message":"logging in admin","timestamp":"2026-01-07T17:00:24.249Z"}
{"context":"AdminService","level":"info","message":"logging in admin","timestamp":"2026-01-07T17:04:44.990Z"}
{"context":"Mongoose","level":"info","message":"MongoDB connected","timestamp":"2026-01-07T17:10:07.497Z"}
{"context":"Bootstrap","level":"info","message":"Server running on http://localhost:3000 in development environment","timestamp":"2026-01-07T17:10:07.516Z"}
{"context":"Bootstrap","level":"info","message":"Swagger docs available at http://localhost:3000/api-docs","timestamp":"2026-01-07T17:10:07.517Z"}
{"context":"Mongoose","level":"info","message":"MongoDB connected","timestamp":"2026-01-07T17:11:10.839Z"}
{"context":"Bootstrap","level":"info","message":"Server running on http://localhost:3000 in development environment","timestamp":"2026-01-07T17:11:10.880Z"}
{"context":"Bootstrap","level":"info","message":"Swagger docs available at http://localhost:3000/api-docs","timestamp":"2026-01-07T17:11:10.894Z"}
{"context":"Mongoose","level":"info","message":"MongoDB connected","timestamp":"2026-01-07T17:13:40.435Z"}
{"context":"Bootstrap","level":"info","message":"Server running on http://localhost:3000 in development environment","timestamp":"2026-01-07T17:13:40.464Z"}
{"context":"Bootstrap","level":"info","message":"Swagger docs available at http://localhost:3000/api-docs","timestamp":"2026-01-07T17:13:40.476Z"}
{"context":"Mongoose","level":"info","message":"MongoDB connected","timestamp":"2026-01-07T17:14:07.181Z"}
{"context":"Bootstrap","level":"info","message":"Server running on http://localhost:3000 in development environment","timestamp":"2026-01-07T17:14:07.200Z"}
{"context":"Bootstrap","level":"info","message":"Swagger docs available at http://localhost:3000/api-docs","timestamp":"2026-01-07T17:14:07.202Z"}
{"context":"Mongoose","level":"info","message":"MongoDB connected","timestamp":"2026-01-07T17:15:01.863Z"}
{"context":"Bootstrap","level":"info","message":"Server running on http://localhost:3000 in development environment","timestamp":"2026-01-07T17:15:01.912Z"}
{"context":"Bootstrap","level":"info","message":"Swagger docs available at http://localhost:3000/api-docs","timestamp":"2026-01-07T17:15:01.918Z"}
{"context":"AdminService","level":"info","message":"logging in admin","timestamp":"2026-01-07T17:15:18.649Z"}
{"context":"Mongoose","level":"info","message":"MongoDB connected","timestamp":"2026-01-07T17:24:23.671Z"}
{"context":"Bootstrap","level":"info","message":"Server running on http://localhost:3000 in development environment","timestamp":"2026-01-07T17:24:23.700Z"}
{"context":"Bootstrap","level":"info","message":"Swagger docs available at http://localhost:3000/api-docs","timestamp":"2026-01-07T17:24:23.701Z"}
{"context":"AdminService","level":"info","message":"Fetching admin profile","timestamp":"2026-01-07T17:24:42.372Z"}
{"context":"AdminService","level":"info","message":"logging in admin","timestamp":"2026-01-07T17:32:35.673Z"}
{"context":"Mongoose","level":"info","message":"MongoDB connected","timestamp":"2026-01-07T17:36:36.596Z"}
{"context":"Bootstrap","level":"info","message":"Server running on http://localhost:3000 in development environment","timestamp":"2026-01-07T17:36:36.616Z"}
{"context":"Bootstrap","level":"info","message":"Swagger docs available at http://localhost:3000/api-docs","timestamp":"2026-01-07T17:36:36.620Z"}
