{"context":"Mongoose","level":"info","message":"MongoDB connected","timestamp":"2025-12-10T17:50:37.389Z"}
{"context":"Bootstrap","level":"info","message":"Server running on http://localhost:3000 in development environment","timestamp":"2025-12-10T17:50:37.447Z"}
{"context":"Bootstrap","level":"info","message":"Swagger docs available at http://localhost:3000/api-docs","timestamp":"2025-12-10T17:50:37.448Z"}
{"context":"Mongoose","level":"info","message":"MongoDB connected","timestamp":"2025-12-10T17:54:13.552Z"}
{"context":"Bootstrap","level":"info","message":"Server running on http://localhost:3000 in development environment","timestamp":"2025-12-10T17:54:13.583Z"}
{"context":"Bootstrap","level":"info","message":"Swagger docs available at http://localhost:3000/api-docs","timestamp":"2025-12-10T17:54:13.585Z"}
{"context":"Mongoose","level":"info","message":"MongoDB connected","timestamp":"2025-12-10T17:54:50.661Z"}
{"context":"Bootstrap","level":"info","message":"Server running on http://localhost:3000 in development environment","timestamp":"2025-12-10T17:54:50.707Z"}
{"context":"Bootstrap","level":"info","message":"Swagger docs available at http://localhost:3000/api-docs","timestamp":"2025-12-10T17:54:50.708Z"}
{"context":"AdminService","level":"info","message":"Registering center","timestamp":"2025-12-10T17:56:12.930Z"}
{"context":"Mongoose","level":"info","message":"MongoDB connected","timestamp":"2025-12-10T17:58:28.153Z"}
{"context":"Bootstrap","level":"info","message":"Server running on http://localhost:3000 in development environment","timestamp":"2025-12-10T17:58:28.177Z"}
{"context":"Bootstrap","level":"info","message":"Swagger docs available at http://localhost:3000/api-docs","timestamp":"2025-12-10T17:58:28.178Z"}
{"context":"Mongoose","level":"info","message":"MongoDB connected","timestamp":"2025-12-10T17:59:01.668Z"}
{"context":"Bootstrap","level":"info","message":"Server running on http://localhost:3000 in development environment","timestamp":"2025-12-10T17:59:01.691Z"}
{"context":"Bootstrap","level":"info","message":"Swagger docs available at http://localhost:3000/api-docs","timestamp":"2025-12-10T17:59:01.693Z"}
{"context":"Mongoose","level":"info","message":"MongoDB connected","timestamp":"2025-12-10T18:00:01.872Z"}
{"context":"Bootstrap","level":"info","message":"Server running on http://localhost:3000 in development environment","timestamp":"2025-12-10T18:00:01.889Z"}
{"context":"Bootstrap","level":"info","message":"Swagger docs available at http://localhost:3000/api-docs","timestamp":"2025-12-10T18:00:01.889Z"}
{"context":"Mongoose","level":"info","message":"MongoDB connected","timestamp":"2025-12-10T18:00:50.162Z"}
{"context":"Bootstrap","level":"info","message":"Server running on http://localhost:3000 in development environment","timestamp":"2025-12-10T18:00:50.180Z"}
{"context":"Bootstrap","level":"info","message":"Swagger docs available at http://localhost:3000/api-docs","timestamp":"2025-12-10T18:00:50.181Z"}
{"context":"Mongoose","level":"info","message":"MongoDB connected","timestamp":"2025-12-10T18:01:29.188Z"}
{"context":"Bootstrap","level":"info","message":"Server running on http://localhost:3000 in development environment","timestamp":"2025-12-10T18:01:29.207Z"}
{"context":"Bootstrap","level":"info","message":"Swagger docs available at http://localhost:3000/api-docs","timestamp":"2025-12-10T18:01:29.209Z"}
{"context":"Mongoose","level":"info","message":"MongoDB connected","timestamp":"2025-12-10T18:01:40.268Z"}
{"context":"Bootstrap","level":"info","message":"Server running on http://localhost:3000 in development environment","timestamp":"2025-12-10T18:01:40.302Z"}
{"context":"Bootstrap","level":"info","message":"Swagger docs available at http://localhost:3000/api-docs","timestamp":"2025-12-10T18:01:40.303Z"}
{"context":"Mongoose","level":"info","message":"MongoDB connected","timestamp":"2025-12-10T18:03:09.899Z"}
{"context":"Bootstrap","level":"info","message":"Server running on http://localhost:3000 in development environment","timestamp":"2025-12-10T18:03:09.918Z"}
{"context":"Bootstrap","level":"info","message":"Swagger docs available at http://localhost:3000/api-docs","timestamp":"2025-12-10T18:03:09.919Z"}
{"context":"Mongoose","level":"info","message":"MongoDB connected","timestamp":"2025-12-10T18:03:51.993Z"}
{"context":"Bootstrap","level":"info","message":"Server running on http://localhost:3000 in development environment","timestamp":"2025-12-10T18:03:52.038Z"}
{"context":"Bootstrap","level":"info","message":"Swagger docs available at http://localhost:3000/api-docs","timestamp":"2025-12-10T18:03:52.039Z"}
{"context":"Mongoose","level":"info","message":"MongoDB connected","timestamp":"2025-12-10T18:04:23.626Z"}
{"context":"Bootstrap","level":"info","message":"Server running on http://localhost:3000 in development environment","timestamp":"2025-12-10T18:04:23.649Z"}
{"context":"Bootstrap","level":"info","message":"Swagger docs available at http://localhost:3000/api-docs","timestamp":"2025-12-10T18:04:23.650Z"}
{"context":"Mongoose","level":"info","message":"MongoDB connected","timestamp":"2025-12-10T18:04:38.285Z"}
{"context":"Bootstrap","level":"info","message":"Server running on http://localhost:3000 in development environment","timestamp":"2025-12-10T18:04:38.317Z"}
{"context":"Bootstrap","level":"info","message":"Swagger docs available at http://localhost:3000/api-docs","timestamp":"2025-12-10T18:04:38.318Z"}
{"context":"Mongoose","level":"info","message":"MongoDB connected","timestamp":"2025-12-10T18:05:56.525Z"}
{"context":"Bootstrap","level":"info","message":"Server running on http://localhost:3000 in development environment","timestamp":"2025-12-10T18:05:56.557Z"}
{"context":"Bootstrap","level":"info","message":"Swagger docs available at http://localhost:3000/api-docs","timestamp":"2025-12-10T18:05:56.560Z"}
{"context":"Mongoose","level":"info","message":"MongoDB connected","timestamp":"2025-12-10T18:10:19.906Z"}
{"context":"Bootstrap","level":"info","message":"Server running on http://localhost:3000 in development environment","timestamp":"2025-12-10T18:10:19.959Z"}
{"context":"Bootstrap","level":"info","message":"Swagger docs available at http://localhost:3000/api-docs","timestamp":"2025-12-10T18:10:19.961Z"}
{"context":"Mongoose","level":"info","message":"MongoDB connected","timestamp":"2025-12-10T18:12:26.234Z"}
{"context":"Bootstrap","level":"info","message":"Server running on http://localhost:3000 in development environment","timestamp":"2025-12-10T18:12:26.284Z"}
{"context":"Bootstrap","level":"info","message":"Swagger docs available at http://localhost:3000/api-docs","timestamp":"2025-12-10T18:12:26.286Z"}
{"context":"Mongoose","level":"info","message":"MongoDB connected","timestamp":"2025-12-10T18:13:39.639Z"}
{"context":"Bootstrap","level":"info","message":"Server running on http://localhost:3000 in development environment","timestamp":"2025-12-10T18:13:39.709Z"}
{"context":"Bootstrap","level":"info","message":"Swagger docs available at http://localhost:3000/api-docs","timestamp":"2025-12-10T18:13:39.716Z"}
{"context":"Mongoose","level":"info","message":"MongoDB connected","timestamp":"2025-12-10T18:14:08.267Z"}
{"context":"Bootstrap","level":"info","message":"Server running on http://localhost:3000 in development environment","timestamp":"2025-12-10T18:14:08.317Z"}
{"context":"Bootstrap","level":"info","message":"Swagger docs available at http://localhost:3000/api-docs","timestamp":"2025-12-10T18:14:08.318Z"}
{"context":"Mongoose","level":"info","message":"MongoDB connected","timestamp":"2025-12-10T18:14:43.270Z"}
{"context":"Bootstrap","level":"info","message":"Server running on http://localhost:3000 in development environment","timestamp":"2025-12-10T18:14:43.328Z"}
{"context":"Bootstrap","level":"info","message":"Swagger docs available at http://localhost:3000/api-docs","timestamp":"2025-12-10T18:14:43.329Z"}
{"context":"Mongoose","level":"info","message":"MongoDB connected","timestamp":"2025-12-10T18:15:11.802Z"}
{"context":"Bootstrap","level":"info","message":"Server running on http://localhost:3000 in development environment","timestamp":"2025-12-10T18:15:11.861Z"}
{"context":"Bootstrap","level":"info","message":"Swagger docs available at http://localhost:3000/api-docs","timestamp":"2025-12-10T18:15:11.866Z"}
{"context":"AdminService","level":"info","message":"Registering center","timestamp":"2025-12-10T18:15:46.271Z"}
{"context":"Mongoose","level":"info","message":"MongoDB connected","timestamp":"2025-12-10T18:16:44.849Z"}
{"context":"Bootstrap","level":"info","message":"Server running on http://localhost:3000 in development environment","timestamp":"2025-12-10T18:16:44.880Z"}
{"context":"Bootstrap","level":"info","message":"Swagger docs available at http://localhost:3000/api-docs","timestamp":"2025-12-10T18:16:44.881Z"}
{"context":"Mongoose","level":"info","message":"MongoDB connected","timestamp":"2025-12-10T18:17:12.961Z"}
{"context":"Bootstrap","level":"info","message":"Server running on http://localhost:3000 in development environment","timestamp":"2025-12-10T18:17:12.998Z"}
{"context":"Bootstrap","level":"info","message":"Swagger docs available at http://localhost:3000/api-docs","timestamp":"2025-12-10T18:17:13.001Z"}
{"context":"Mongoose","level":"info","message":"MongoDB connected","timestamp":"2025-12-10T18:17:22.094Z"}
{"context":"Bootstrap","level":"info","message":"Server running on http://localhost:3000 in development environment","timestamp":"2025-12-10T18:17:22.140Z"}
{"context":"Bootstrap","level":"info","message":"Swagger docs available at http://localhost:3000/api-docs","timestamp":"2025-12-10T18:17:22.142Z"}
{"context":"Mongoose","level":"info","message":"MongoDB connected","timestamp":"2025-12-10T18:18:51.931Z"}
{"context":"Bootstrap","level":"info","message":"Server running on http://localhost:3000 in development environment","timestamp":"2025-12-10T18:18:51.983Z"}
{"context":"Bootstrap","level":"info","message":"Swagger docs available at http://localhost:3000/api-docs","timestamp":"2025-12-10T18:18:51.986Z"}
{"context":"Mongoose","level":"info","message":"MongoDB connected","timestamp":"2025-12-10T18:19:18.227Z"}
{"context":"Bootstrap","level":"info","message":"Server running on http://localhost:3000 in development environment","timestamp":"2025-12-10T18:19:18.260Z"}
{"context":"Bootstrap","level":"info","message":"Swagger docs available at http://localhost:3000/api-docs","timestamp":"2025-12-10T18:19:18.261Z"}
{"context":"Mongoose","level":"info","message":"MongoDB connected","timestamp":"2025-12-10T18:19:39.626Z"}
{"context":"Bootstrap","level":"info","message":"Server running on http://localhost:3000 in development environment","timestamp":"2025-12-10T18:19:39.687Z"}
{"context":"Bootstrap","level":"info","message":"Swagger docs available at http://localhost:3000/api-docs","timestamp":"2025-12-10T18:19:39.689Z"}
{"context":"Mongoose","level":"info","message":"MongoDB connected","timestamp":"2025-12-10T18:20:21.731Z"}
{"context":"Bootstrap","level":"info","message":"Server running on http://localhost:3000 in development environment","timestamp":"2025-12-10T18:20:21.786Z"}
{"context":"Bootstrap","level":"info","message":"Swagger docs available at http://localhost:3000/api-docs","timestamp":"2025-12-10T18:20:21.788Z"}
{"context":"Mongoose","level":"info","message":"MongoDB connected","timestamp":"2025-12-10T18:20:41.484Z"}
{"context":"Bootstrap","level":"info","message":"Server running on http://localhost:3000 in development environment","timestamp":"2025-12-10T18:20:41.521Z"}
{"context":"Bootstrap","level":"info","message":"Swagger docs available at http://localhost:3000/api-docs","timestamp":"2025-12-10T18:20:41.525Z"}
{"context":"Mongoose","level":"info","message":"MongoDB connected","timestamp":"2025-12-10T18:21:36.052Z"}
{"context":"Bootstrap","level":"info","message":"Server running on http://localhost:3000 in development environment","timestamp":"2025-12-10T18:21:36.078Z"}
{"context":"Bootstrap","level":"info","message":"Swagger docs available at http://localhost:3000/api-docs","timestamp":"2025-12-10T18:21:36.079Z"}
{"context":"Mongoose","level":"info","message":"MongoDB connected","timestamp":"2025-12-10T18:22:20.362Z"}
{"context":"Bootstrap","level":"info","message":"Server running on http://localhost:3000 in development environment","timestamp":"2025-12-10T18:22:20.413Z"}
{"context":"Bootstrap","level":"info","message":"Swagger docs available at http://localhost:3000/api-docs","timestamp":"2025-12-10T18:22:20.416Z"}
{"context":"Mongoose","level":"info","message":"MongoDB connected","timestamp":"2025-12-10T18:25:11.007Z"}
{"context":"Bootstrap","level":"info","message":"Server running on http://localhost:3000 in development environment","timestamp":"2025-12-10T18:25:11.047Z"}
{"context":"Bootstrap","level":"info","message":"Swagger docs available at http://localhost:3000/api-docs","timestamp":"2025-12-10T18:25:11.050Z"}
{"context":"AdminService","level":"info","message":"Registering center","timestamp":"2025-12-10T18:25:18.301Z"}
{"context":"Mongoose","level":"info","message":"MongoDB connected","timestamp":"2025-12-10T18:27:02.264Z"}
{"context":"Bootstrap","level":"info","message":"Server running on http://localhost:3000 in development environment","timestamp":"2025-12-10T18:27:02.290Z"}
{"context":"Bootstrap","level":"info","message":"Swagger docs available at http://localhost:3000/api-docs","timestamp":"2025-12-10T18:27:02.303Z"}
{"context":"Mongoose","level":"info","message":"MongoDB connected","timestamp":"2025-12-10T18:27:52.943Z"}
{"context":"Bootstrap","level":"info","message":"Server running on http://localhost:3000 in development environment","timestamp":"2025-12-10T18:27:52.983Z"}
{"context":"Bootstrap","level":"info","message":"Swagger docs available at http://localhost:3000/api-docs","timestamp":"2025-12-10T18:27:52.984Z"}
{"context":"Mongoose","level":"info","message":"MongoDB connected","timestamp":"2025-12-10T18:28:08.786Z"}
{"context":"Bootstrap","level":"info","message":"Server running on http://localhost:3000 in development environment","timestamp":"2025-12-10T18:28:08.829Z"}
{"context":"Bootstrap","level":"info","message":"Swagger docs available at http://localhost:3000/api-docs","timestamp":"2025-12-10T18:28:08.832Z"}
{"context":"AdminService","level":"info","message":"Logging in center","timestamp":"2025-12-10T18:28:39.848Z"}
{"context":"CenterController","level":"error","message":"Center not verified","timestamp":"2025-12-10T18:28:40.166Z"}
{"context":"AdminService","level":"info","message":"Logging in center","timestamp":"2025-12-10T18:29:49.533Z"}
{"context":"AdminService","level":"info","message":"Logging in center","timestamp":"2025-12-10T18:30:23.713Z"}
{"context":"CenterController","level":"error","message":"Invalid Password","timestamp":"2025-12-10T18:30:24.142Z"}
{"context":"Mongoose","level":"info","message":"MongoDB connected","timestamp":"2025-12-10T18:30:47.924Z"}
{"context":"Bootstrap","level":"info","message":"Server running on http://localhost:3000 in development environment","timestamp":"2025-12-10T18:30:47.974Z"}
{"context":"Bootstrap","level":"info","message":"Swagger docs available at http://localhost:3000/api-docs","timestamp":"2025-12-10T18:30:47.982Z"}
{"context":"Mongoose","level":"info","message":"MongoDB connected","timestamp":"2025-12-10T18:31:53.674Z"}
{"context":"Bootstrap","level":"info","message":"Server running on http://localhost:3000 in development environment","timestamp":"2025-12-10T18:31:53.725Z"}
{"context":"Bootstrap","level":"info","message":"Swagger docs available at http://localhost:3000/api-docs","timestamp":"2025-12-10T18:31:53.726Z"}
{"context":"Mongoose","level":"info","message":"MongoDB connected","timestamp":"2025-12-10T18:39:16.673Z"}
{"context":"Bootstrap","level":"info","message":"Server running on http://localhost:3000 in development environment","timestamp":"2025-12-10T18:39:16.730Z"}
{"context":"Bootstrap","level":"info","message":"Swagger docs available at http://localhost:3000/api-docs","timestamp":"2025-12-10T18:39:16.734Z"}
{"context":"Mongoose","level":"info","message":"MongoDB connected","timestamp":"2025-12-10T18:40:30.786Z"}
{"context":"Bootstrap","level":"info","message":"Server running on http://localhost:3000 in development environment","timestamp":"2025-12-10T18:40:30.839Z"}
{"context":"Bootstrap","level":"info","message":"Swagger docs available at http://localhost:3000/api-docs","timestamp":"2025-12-10T18:40:30.842Z"}
{"context":"Mongoose","level":"info","message":"MongoDB connected","timestamp":"2025-12-10T18:41:02.585Z"}
{"context":"Bootstrap","level":"info","message":"Server running on http://localhost:3000 in development environment","timestamp":"2025-12-10T18:41:02.619Z"}
{"context":"Bootstrap","level":"info","message":"Swagger docs available at http://localhost:3000/api-docs","timestamp":"2025-12-10T18:41:02.621Z"}
{"context":"Mongoose","level":"info","message":"MongoDB connected","timestamp":"2025-12-10T18:41:22.210Z"}
{"context":"Bootstrap","level":"info","message":"Server running on http://localhost:3000 in development environment","timestamp":"2025-12-10T18:41:22.240Z"}
{"context":"Bootstrap","level":"info","message":"Swagger docs available at http://localhost:3000/api-docs","timestamp":"2025-12-10T18:41:22.242Z"}
{"context":"Mongoose","level":"info","message":"MongoDB connected","timestamp":"2025-12-10T18:41:34.327Z"}
{"context":"Bootstrap","level":"info","message":"Server running on http://localhost:3000 in development environment","timestamp":"2025-12-10T18:41:34.401Z"}
{"context":"Bootstrap","level":"info","message":"Swagger docs available at http://localhost:3000/api-docs","timestamp":"2025-12-10T18:41:34.499Z"}
{"context":"Mongoose","level":"info","message":"MongoDB connected","timestamp":"2025-12-10T18:42:23.434Z"}
{"context":"Bootstrap","level":"info","message":"Server running on http://localhost:3000 in development environment","timestamp":"2025-12-10T18:42:23.473Z"}
{"context":"Bootstrap","level":"info","message":"Swagger docs available at http://localhost:3000/api-docs","timestamp":"2025-12-10T18:42:23.475Z"}
{"context":"Mongoose","level":"info","message":"MongoDB connected","timestamp":"2025-12-10T18:42:43.502Z"}
{"context":"Bootstrap","level":"info","message":"Server running on http://localhost:3000 in development environment","timestamp":"2025-12-10T18:42:43.552Z"}
{"context":"Bootstrap","level":"info","message":"Swagger docs available at http://localhost:3000/api-docs","timestamp":"2025-12-10T18:42:43.556Z"}
{"context":"Mongoose","level":"info","message":"MongoDB connected","timestamp":"2025-12-10T18:45:23.586Z"}
{"context":"Bootstrap","level":"info","message":"Server running on http://localhost:3000 in development environment","timestamp":"2025-12-10T18:45:23.644Z"}
{"context":"Bootstrap","level":"info","message":"Swagger docs available at http://localhost:3000/api-docs","timestamp":"2025-12-10T18:45:23.651Z"}
{"context":"Mongoose","level":"info","message":"MongoDB connected","timestamp":"2025-12-10T18:45:48.747Z"}
{"context":"Bootstrap","level":"info","message":"Server running on http://localhost:3000 in development environment","timestamp":"2025-12-10T18:45:48.808Z"}
{"context":"Bootstrap","level":"info","message":"Swagger docs available at http://localhost:3000/api-docs","timestamp":"2025-12-10T18:45:48.810Z"}
{"context":"Mongoose","level":"info","message":"MongoDB connected","timestamp":"2025-12-10T18:47:07.239Z"}
{"context":"Bootstrap","level":"info","message":"Server running on http://localhost:3000 in development environment","timestamp":"2025-12-10T18:47:07.285Z"}
{"context":"Bootstrap","level":"info","message":"Swagger docs available at http://localhost:3000/api-docs","timestamp":"2025-12-10T18:47:07.288Z"}
{"context":"Mongoose","level":"info","message":"MongoDB connected","timestamp":"2025-12-10T19:01:19.715Z"}
{"context":"Bootstrap","level":"info","message":"Server running on http://localhost:3000 in development environment","timestamp":"2025-12-10T19:01:19.759Z"}
{"context":"Bootstrap","level":"info","message":"Swagger docs available at http://localhost:3000/api-docs","timestamp":"2025-12-10T19:01:19.761Z"}
{"context":"Mongoose","level":"info","message":"MongoDB connected","timestamp":"2025-12-10T19:02:22.226Z"}
{"context":"Bootstrap","level":"info","message":"Server running on http://localhost:3000 in development environment","timestamp":"2025-12-10T19:02:22.283Z"}
{"context":"Bootstrap","level":"info","message":"Swagger docs available at http://localhost:3000/api-docs","timestamp":"2025-12-10T19:02:22.285Z"}
{"context":"Mongoose","level":"info","message":"MongoDB connected","timestamp":"2025-12-10T19:02:35.749Z"}
{"context":"Bootstrap","level":"info","message":"Server running on http://localhost:3000 in development environment","timestamp":"2025-12-10T19:02:35.781Z"}
{"context":"Bootstrap","level":"info","message":"Swagger docs available at http://localhost:3000/api-docs","timestamp":"2025-12-10T19:02:35.782Z"}
{"context":"Mongoose","level":"info","message":"MongoDB connected","timestamp":"2025-12-10T19:03:08.212Z"}
{"context":"Bootstrap","level":"info","message":"Server running on http://localhost:3000 in development environment","timestamp":"2025-12-10T19:03:08.268Z"}
{"context":"Bootstrap","level":"info","message":"Swagger docs available at http://localhost:3000/api-docs","timestamp":"2025-12-10T19:03:08.269Z"}
