{"context":"Mongoose","level":"info","message":"MongoDB connected","timestamp":"2026-04-02T17:55:09.172Z"}
{"context":"Bootstrap","level":"info","message":"Server running on http://localhost:3000 in development environment","timestamp":"2026-04-02T17:55:09.199Z"}
{"context":"Bootstrap","level":"info","message":"Swagger docs available at http://localhost:3000/api-docs","timestamp":"2026-04-02T17:55:09.201Z"}
{"context":"CollectorsService","level":"info","message":"logging in collector","timestamp":"2026-04-02T18:14:13.123Z"}
{"context":"NotificationService","level":"info","message":"get list of notifications for user","timestamp":"2026-04-02T18:14:16.004Z"}
{"context":"DropsService","level":"info","message":"get list of drop offs","timestamp":"2026-04-02T18:14:16.019Z"}
{"context":"AdminService","level":"info","message":"Getting all centers","timestamp":"2026-04-02T18:14:16.029Z"}
{"context":"NotificationService","level":"info","message":"get list of notifications for user","timestamp":"2026-04-02T18:14:16.281Z"}
{"context":"AdminService","level":"info","message":"Getting all centers","timestamp":"2026-04-02T18:14:16.662Z"}
{"context":"DropsService","level":"info","message":"get list of drop offs","timestamp":"2026-04-02T18:14:18.696Z"}
{"context":"CollectorsService","level":"info","message":"logging in collector","timestamp":"2026-04-02T18:15:01.493Z"}
{"context":"NotificationService","level":"info","message":"get list of notifications for user","timestamp":"2026-04-02T18:15:04.245Z"}
{"context":"DropsService","level":"info","message":"get list of drop offs","timestamp":"2026-04-02T18:15:04.256Z"}
{"context":"AdminService","level":"info","message":"Getting all centers","timestamp":"2026-04-02T18:15:04.264Z"}
{"context":"NotificationService","level":"info","message":"get list of notifications for user","timestamp":"2026-04-02T18:15:04.647Z"}
{"context":"AdminService","level":"info","message":"Getting all centers","timestamp":"2026-04-02T18:15:04.941Z"}
{"context":"DropsService","level":"info","message":"get list of drop offs","timestamp":"2026-04-02T18:15:04.946Z"}
{"context":"AdminService","level":"info","message":"Getting closest centers","timestamp":"2026-04-02T18:15:08.852Z"}
{"context":"AdminService","level":"info","message":"Getting closest centers","timestamp":"2026-04-02T18:15:09.125Z"}
{"context":"CollectorsService","level":"info","message":"Fetching collector profile","timestamp":"2026-04-02T18:16:37.731Z"}
{"context":"CollectorsService","level":"info","message":"Fetching collector profile","timestamp":"2026-04-02T18:16:38.000Z"}
{"context":"NotificationService","level":"info","message":"get list of notifications for user","timestamp":"2026-04-02T18:16:38.334Z"}
{"context":"NotificationService","level":"info","message":"get list of notifications for user","timestamp":"2026-04-02T18:16:38.627Z"}
{"context":"CollectorsService","level":"info","message":"Fetching collector profile","timestamp":"2026-04-02T18:16:43.800Z"}
{"context":"CollectorsService","level":"info","message":"Fetching collector profile","timestamp":"2026-04-02T18:16:44.603Z"}
{"context":"NotificationService","level":"info","message":"get list of notifications for user","timestamp":"2026-04-02T18:16:44.802Z"}
{"context":"NotificationService","level":"info","message":"get list of notifications for user","timestamp":"2026-04-02T18:16:45.111Z"}
{"context":"CollectorsService","level":"info","message":"Fetching collector profile","timestamp":"2026-04-02T18:16:57.009Z"}
{"context":"CollectorsService","level":"info","message":"Fetching collector profile","timestamp":"2026-04-02T18:16:57.277Z"}
{"context":"NotificationService","level":"info","message":"get list of notifications for user","timestamp":"2026-04-02T18:16:57.498Z"}
{"context":"AdminService","level":"info","message":"Getting all centers","timestamp":"2026-04-02T18:16:57.508Z"}
{"context":"DropsService","level":"info","message":"get list of drop offs","timestamp":"2026-04-02T18:16:57.516Z"}
{"context":"NotificationService","level":"info","message":"get list of notifications for user","timestamp":"2026-04-02T18:16:59.067Z"}
{"context":"CollectorsService","level":"info","message":"Fetching collector profile","timestamp":"2026-04-02T18:16:59.240Z"}
{"context":"CollectorsService","level":"info","message":"Fetching collector profile","timestamp":"2026-04-02T18:16:59.522Z"}
{"context":"NotificationService","level":"info","message":"get list of notifications for user","timestamp":"2026-04-02T18:16:59.676Z"}
{"context":"AdminService","level":"info","message":"Getting all centers","timestamp":"2026-04-02T18:16:59.699Z"}
{"context":"DropsService","level":"info","message":"get list of drop offs","timestamp":"2026-04-02T18:16:59.710Z"}
{"context":"CollectorsService","level":"info","message":"Fetching collector profile","timestamp":"2026-04-02T18:17:01.039Z"}
{"context":"CollectorsService","level":"info","message":"Fetching collector profile","timestamp":"2026-04-02T18:17:01.373Z"}
{"context":"NotificationService","level":"info","message":"get list of notifications for user","timestamp":"2026-04-02T18:17:01.509Z"}
{"context":"DropsService","level":"info","message":"get list of drop offs","timestamp":"2026-04-02T18:17:01.516Z"}
{"context":"AdminService","level":"info","message":"Getting all centers","timestamp":"2026-04-02T18:17:01.521Z"}
{"context":"NotificationService","level":"info","message":"get list of notifications for user","timestamp":"2026-04-02T18:17:01.924Z"}
{"context":"AdminService","level":"info","message":"Getting closest centers","timestamp":"2026-04-02T18:17:02.221Z"}
{"context":"AdminService","level":"info","message":"Getting all centers","timestamp":"2026-04-02T18:17:02.248Z"}
{"context":"DropsService","level":"info","message":"get list of drop offs","timestamp":"2026-04-02T18:17:02.253Z"}
{"context":"CollectorsService","level":"info","message":"Fetching collector profile","timestamp":"2026-04-02T18:17:02.622Z"}
{"context":"CollectorsService","level":"info","message":"Fetching collector profile","timestamp":"2026-04-02T18:17:02.906Z"}
{"context":"NotificationService","level":"info","message":"get list of notifications for user","timestamp":"2026-04-02T18:17:03.063Z"}
{"context":"AdminService","level":"info","message":"Getting all centers","timestamp":"2026-04-02T18:17:03.072Z"}
{"context":"DropsService","level":"info","message":"get list of drop offs","timestamp":"2026-04-02T18:17:03.096Z"}
{"context":"AdminService","level":"info","message":"Getting closest centers","timestamp":"2026-04-02T18:17:03.190Z"}
{"context":"AdminService","level":"info","message":"Getting closest centers","timestamp":"2026-04-02T18:17:03.524Z"}
{"context":"AdminService","level":"info","message":"Getting all centers","timestamp":"2026-04-02T18:17:03.672Z"}
{"context":"CollectorsService","level":"info","message":"Fetching collector profile","timestamp":"2026-04-02T18:17:09.228Z"}
{"context":"CollectorsService","level":"info","message":"Fetching collector profile","timestamp":"2026-04-02T18:17:09.510Z"}
{"context":"CollectorsService","level":"info","message":"Fetching collector profile","timestamp":"2026-04-02T18:17:12.126Z"}
{"context":"CollectorsService","level":"info","message":"Fetching collector profile","timestamp":"2026-04-02T18:17:12.410Z"}
{"context":"CollectorsService","level":"info","message":"logging in collector","timestamp":"2026-04-02T18:17:30.550Z"}
{"context":"NotificationService","level":"info","message":"get list of notifications for user","timestamp":"2026-04-02T18:17:33.232Z"}
{"context":"DropsService","level":"info","message":"get list of drop offs","timestamp":"2026-04-02T18:17:33.241Z"}
{"context":"AdminService","level":"info","message":"Getting all centers","timestamp":"2026-04-02T18:17:33.252Z"}
{"context":"NotificationService","level":"info","message":"get list of notifications for user","timestamp":"2026-04-02T18:17:33.623Z"}
{"context":"DropsService","level":"info","message":"get list of drop offs","timestamp":"2026-04-02T18:17:33.883Z"}
{"context":"AdminService","level":"info","message":"Getting all centers","timestamp":"2026-04-02T18:17:36.982Z"}
{"context":"AdminService","level":"info","message":"Getting closest centers","timestamp":"2026-04-02T18:17:37.675Z"}
{"context":"AdminService","level":"info","message":"Getting closest centers","timestamp":"2026-04-02T18:17:37.953Z"}
{"context":"NotificationService","level":"info","message":"update notification to read","timestamp":"2026-04-02T18:29:26.858Z"}
{"context":"NotificationService","level":"info","message":"Mark all as read","timestamp":"2026-04-02T18:29:29.598Z"}
{"context":"CollectorsService","level":"info","message":"logging in collector","timestamp":"2026-04-02T18:30:54.621Z"}
{"context":"AuthService","level":"info","message":"Change password initialized","timestamp":"2026-04-02T18:31:25.705Z"}
{"context":"EmailService","level":"error","message":"Unauthorized","timestamp":"2026-04-02T18:31:27.125Z"}
{"context":"AuthController","level":"error","message":"Unauthorized","timestamp":"2026-04-02T18:31:27.126Z"}
{"context":"Mongoose","level":"info","message":"MongoDB connected","timestamp":"2026-04-02T18:55:13.802Z"}
{"context":"Bootstrap","level":"info","message":"Server running on http://localhost:3000 in development environment","timestamp":"2026-04-02T18:55:13.831Z"}
{"context":"Bootstrap","level":"info","message":"Swagger docs available at http://localhost:3000/api-docs","timestamp":"2026-04-02T18:55:13.832Z"}
{"context":"Mongoose","level":"info","message":"MongoDB connected","timestamp":"2026-04-02T18:55:45.783Z"}
{"context":"Bootstrap","level":"info","message":"Server running on http://localhost:3000 in development environment","timestamp":"2026-04-02T18:55:45.803Z"}
{"context":"Bootstrap","level":"info","message":"Swagger docs available at http://localhost:3000/api-docs","timestamp":"2026-04-02T18:55:45.804Z"}
