{"context":"CollectorsService","level":"info","message":"Fetching collector profile","timestamp":"2026-04-05T18:19:26.117Z"}
{"context":"CollectorsService","level":"info","message":"Fetching collector profile","timestamp":"2026-04-05T18:19:28.852Z"}
{"context":"CollectorsService","level":"info","message":"Fetching collector profile","timestamp":"2026-04-05T18:23:56.640Z"}
{"context":"CollectorsService","level":"info","message":"Fetching collector profile","timestamp":"2026-04-05T18:23:56.894Z"}
{"context":"CollectorsService","level":"info","message":"Fetching collector profile","timestamp":"2026-04-05T18:53:47.035Z"}
{"context":"CollectorsService","level":"info","message":"Fetching collector profile","timestamp":"2026-04-05T18:53:47.280Z"}
{"context":"CollectorsService","level":"info","message":"Fetching collector profile","timestamp":"2026-04-05T19:03:09.250Z"}
{"context":"CollectorsService","level":"info","message":"Fetching collector profile","timestamp":"2026-04-05T19:03:09.511Z"}
{"context":"AdminService","level":"info","message":"Registering center","timestamp":"2026-04-05T19:06:15.943Z"}
{"context":"Logs service","level":"info","message":"Adding a new log","timestamp":"2026-04-05T19:06:16.601Z"}
{"context":"NotificationService","level":"info","message":"get list of notifications for user","timestamp":"2026-04-05T19:06:19.394Z"}
{"context":"NotificationService","level":"info","message":"get list of notifications for user","timestamp":"2026-04-05T19:06:19.633Z"}
{"context":"AdminService","level":"info","message":"Registering center","timestamp":"2026-04-05T19:09:11.202Z"}
{"context":"CenterController","level":"error","message":"Center already exists","timestamp":"2026-04-05T19:09:11.461Z"}
{"context":"AdminService","level":"info","message":"Registering center","timestamp":"2026-04-05T19:09:24.333Z"}
{"context":"CenterController","level":"error","message":"Center already exists","timestamp":"2026-04-05T19:09:24.574Z"}
{"context":"AdminService","level":"info","message":"Registering center","timestamp":"2026-04-05T19:09:59.807Z"}
{"context":"Logs service","level":"info","message":"Adding a new log","timestamp":"2026-04-05T19:10:00.433Z"}
{"context":"NotificationService","level":"info","message":"get list of notifications for user","timestamp":"2026-04-05T19:10:03.127Z"}
{"context":"NotificationService","level":"info","message":"get list of notifications for user","timestamp":"2026-04-05T19:10:03.492Z"}
{"context":"Mongoose","level":"info","message":"MongoDB connected","timestamp":"2026-04-05T19:11:36.146Z"}
{"context":"Bootstrap","level":"info","message":"Server running on http://localhost:3000 in development environment","timestamp":"2026-04-05T19:11:36.169Z"}
{"context":"Bootstrap","level":"info","message":"Swagger docs available at http://localhost:3000/api-docs","timestamp":"2026-04-05T19:11:36.170Z"}
{"context":"Mongoose","level":"info","message":"MongoDB connected","timestamp":"2026-04-05T19:11:56.252Z"}
{"context":"Bootstrap","level":"info","message":"Server running on http://localhost:3000 in development environment","timestamp":"2026-04-05T19:11:56.286Z"}
{"context":"Bootstrap","level":"info","message":"Swagger docs available at http://localhost:3000/api-docs","timestamp":"2026-04-05T19:11:56.287Z"}
{"context":"CollectorsService","level":"info","message":"Registering collector","timestamp":"2026-04-05T19:13:43.221Z"}
{"context":"Logs service","level":"info","message":"Adding a new log","timestamp":"2026-04-05T19:13:43.887Z"}
{"context":"NotificationService","level":"info","message":"get list of notifications for user","timestamp":"2026-04-05T19:13:46.656Z"}
{"context":"CollectorsService","level":"info","message":"Getting collector stats","timestamp":"2026-04-05T19:13:46.665Z"}
{"context":"AdminService","level":"info","message":"Getting all centers","timestamp":"2026-04-05T19:13:46.671Z"}
{"context":"DropsService","level":"info","message":"get list of drop offs","timestamp":"2026-04-05T19:13:46.677Z"}
{"context":"DropControllers","level":"error","message":"No drops found","timestamp":"2026-04-05T19:13:47.036Z"}
{"context":"AdminService","level":"info","message":"Getting all centers","timestamp":"2026-04-05T19:13:47.043Z"}
{"context":"CollectorsService","level":"info","message":"Getting collector stats","timestamp":"2026-04-05T19:13:47.050Z"}
{"context":"NotificationService","level":"info","message":"get list of notifications for user","timestamp":"2026-04-05T19:13:47.055Z"}
{"context":"DropsService","level":"info","message":"get list of drop offs","timestamp":"2026-04-05T19:13:47.068Z"}
{"context":"DropControllers","level":"error","message":"No drops found","timestamp":"2026-04-05T19:13:47.417Z"}
{"context":"CollectorsService","level":"info","message":"Fetching collector profile","timestamp":"2026-04-05T19:13:50.637Z"}
{"context":"CollectorsService","level":"info","message":"Fetching collector profile","timestamp":"2026-04-05T19:13:51.015Z"}
{"context":"NotificationService","level":"info","message":"get list of notifications for user","timestamp":"2026-04-05T19:13:51.198Z"}
{"context":"CollectorsService","level":"info","message":"Getting collector stats","timestamp":"2026-04-05T19:13:51.219Z"}
{"context":"AdminService","level":"info","message":"Getting all centers","timestamp":"2026-04-05T19:13:51.225Z"}
{"context":"DropsService","level":"info","message":"get list of drop offs","timestamp":"2026-04-05T19:13:51.233Z"}
{"context":"AdminService","level":"info","message":"Getting closest centers","timestamp":"2026-04-05T19:13:51.391Z"}
{"context":"AdminService","level":"info","message":"Getting all centers","timestamp":"2026-04-05T19:13:51.522Z"}
{"context":"NotificationService","level":"info","message":"get list of notifications for user","timestamp":"2026-04-05T19:13:51.527Z"}
{"context":"CollectorsService","level":"info","message":"Getting collector stats","timestamp":"2026-04-05T19:13:51.533Z"}
{"context":"AdminService","level":"info","message":"Getting closest centers","timestamp":"2026-04-05T19:13:51.657Z"}
{"context":"AdminService","level":"info","message":"Getting closest centers","timestamp":"2026-04-05T19:13:51.899Z"}
{"context":"AdminService","level":"info","message":"Getting closest centers","timestamp":"2026-04-05T19:13:52.167Z"}
{"context":"DropControllers","level":"error","message":"No drops found","timestamp":"2026-04-05T19:13:53.275Z"}
{"context":"DropsService","level":"info","message":"get list of drop offs","timestamp":"2026-04-05T19:13:53.289Z"}
{"context":"DropControllers","level":"error","message":"No drops found","timestamp":"2026-04-05T19:13:53.551Z"}
{"context":"CollectorsService","level":"info","message":"Fetching collector profile","timestamp":"2026-04-05T19:13:54.133Z"}
{"context":"CollectorsService","level":"info","message":"Fetching collector profile","timestamp":"2026-04-05T19:13:54.424Z"}
{"context":"NotificationService","level":"info","message":"get list of notifications for user","timestamp":"2026-04-05T19:13:54.594Z"}
{"context":"CollectorsService","level":"info","message":"Getting collector stats","timestamp":"2026-04-05T19:13:54.600Z"}
{"context":"AdminService","level":"info","message":"Getting all centers","timestamp":"2026-04-05T19:13:54.605Z"}
{"context":"DropsService","level":"info","message":"get list of drop offs","timestamp":"2026-04-05T19:13:54.614Z"}
{"context":"AdminService","level":"info","message":"Getting closest centers","timestamp":"2026-04-05T19:13:54.733Z"}
{"context":"NotificationService","level":"info","message":"get list of notifications for user","timestamp":"2026-04-05T19:13:54.837Z"}
{"context":"CollectorsService","level":"info","message":"Getting collector stats","timestamp":"2026-04-05T19:13:54.852Z"}
{"context":"DropControllers","level":"error","message":"No drops found","timestamp":"2026-04-05T19:13:54.869Z"}
{"context":"AdminService","level":"info","message":"Getting all centers","timestamp":"2026-04-05T19:13:54.874Z"}
{"context":"DropsService","level":"info","message":"get list of drop offs","timestamp":"2026-04-05T19:13:54.879Z"}
{"context":"AdminService","level":"info","message":"Getting closest centers","timestamp":"2026-04-05T19:13:54.980Z"}
{"context":"DropControllers","level":"error","message":"No drops found","timestamp":"2026-04-05T19:13:55.131Z"}
{"context":"AdminService","level":"info","message":"Getting closest centers","timestamp":"2026-04-05T19:13:55.243Z"}
{"context":"AdminService","level":"info","message":"Getting closest centers","timestamp":"2026-04-05T19:13:55.497Z"}
{"context":"CollectorsService","level":"info","message":"Fetching collector profile","timestamp":"2026-04-05T19:14:16.595Z"}
{"context":"CollectorsService","level":"info","message":"Fetching collector profile","timestamp":"2026-04-05T19:14:16.846Z"}
{"context":"NotificationService","level":"info","message":"get list of notifications for user","timestamp":"2026-04-05T19:14:17.005Z"}
{"context":"NotificationService","level":"info","message":"get list of notifications for user","timestamp":"2026-04-05T19:14:17.252Z"}
{"context":"Mongoose","level":"info","message":"MongoDB connected","timestamp":"2026-04-05T19:14:56.798Z"}
{"context":"Bootstrap","level":"info","message":"Server running on http://localhost:3000 in development environment","timestamp":"2026-04-05T19:14:56.832Z"}
{"context":"Bootstrap","level":"info","message":"Swagger docs available at http://localhost:3000/api-docs","timestamp":"2026-04-05T19:14:56.839Z"}
{"context":"AdminService","level":"info","message":"Registering center","timestamp":"2026-04-05T19:15:39.424Z"}
{"context":"Logs service","level":"info","message":"Adding a new log","timestamp":"2026-04-05T19:15:40.127Z"}
{"context":"NotificationService","level":"info","message":"get list of notifications for user","timestamp":"2026-04-05T19:15:42.878Z"}
{"context":"NotificationService","level":"info","message":"get list of notifications for user","timestamp":"2026-04-05T19:15:43.272Z"}
{"context":"AdminService","level":"info","message":"Fetching center profile","timestamp":"2026-04-05T19:15:48.816Z"}
{"context":"AdminService","level":"info","message":"Fetching center profile","timestamp":"2026-04-05T19:15:49.085Z"}
{"context":"NotificationService","level":"info","message":"get list of notifications for user","timestamp":"2026-04-05T19:15:49.280Z"}
{"context":"NotificationService","level":"info","message":"get list of notifications for user","timestamp":"2026-04-05T19:15:49.559Z"}
{"context":"AdminService","level":"info","message":"Logging in center","timestamp":"2026-04-05T19:21:49.113Z"}
{"context":"NotificationService","level":"info","message":"get list of notifications for user","timestamp":"2026-04-05T19:21:51.927Z"}
{"context":"DropsService","level":"info","message":"get list of drop offs","timestamp":"2026-04-05T19:21:51.939Z"}
{"context":"AdminService","level":"info","message":"get center stats","timestamp":"2026-04-05T19:21:51.961Z"}
{"context":"NotificationService","level":"info","message":"get list of notifications for user","timestamp":"2026-04-05T19:21:52.240Z"}
{"context":"DropsService","level":"info","message":"get list of drop offs","timestamp":"2026-04-05T19:21:52.808Z"}
{"context":"AdminService","level":"info","message":"get center stats","timestamp":"2026-04-05T19:21:54.611Z"}
{"context":"AdminService","level":"info","message":"Logging in center","timestamp":"2026-04-05T19:22:19.753Z"}
{"context":"NotificationService","level":"info","message":"get list of notifications for user","timestamp":"2026-04-05T19:22:24.662Z"}
{"context":"AdminService","level":"info","message":"get center stats","timestamp":"2026-04-05T19:22:24.672Z"}
{"context":"DropsService","level":"info","message":"get list of drop offs","timestamp":"2026-04-05T19:22:24.690Z"}
{"context":"NotificationService","level":"info","message":"get list of notifications for user","timestamp":"2026-04-05T19:22:24.931Z"}
{"context":"AdminService","level":"info","message":"get center stats","timestamp":"2026-04-05T19:22:24.943Z"}
{"context":"DropsService","level":"info","message":"get list of drop offs","timestamp":"2026-04-05T19:22:26.841Z"}
{"context":"AdminService","level":"info","message":"Registering center","timestamp":"2026-04-05T19:25:00.462Z"}
{"context":"Logs service","level":"info","message":"Adding a new log","timestamp":"2026-04-05T19:25:01.145Z"}
{"context":"NotificationService","level":"info","message":"get list of notifications for user","timestamp":"2026-04-05T19:25:04.044Z"}
{"context":"NotificationService","level":"info","message":"get list of notifications for user","timestamp":"2026-04-05T19:25:04.341Z"}
{"context":"NotificationService","level":"info","message":"Mark all as read","timestamp":"2026-04-05T19:25:08.739Z"}
{"context":"NotificationService","level":"info","message":"get list of notifications for user","timestamp":"2026-04-05T19:25:09.033Z"}
{"context":"NotificationService","level":"info","message":"Mark all as read","timestamp":"2026-04-05T19:25:10.954Z"}
{"context":"NotificationService","level":"info","message":"get list of notifications for user","timestamp":"2026-04-05T19:25:11.252Z"}
{"context":"NotificationService","level":"info","message":"Mark all as read","timestamp":"2026-04-05T19:25:11.711Z"}
{"context":"NotificationService","level":"info","message":"get list of notifications for user","timestamp":"2026-04-05T19:25:12.042Z"}
{"context":"NotificationService","level":"info","message":"Mark all as read","timestamp":"2026-04-05T19:25:14.994Z"}
{"context":"NotificationService","level":"info","message":"get list of notifications for user","timestamp":"2026-04-05T19:25:15.283Z"}
{"context":"AdminService","level":"info","message":"Deleting center","timestamp":"2026-04-05T19:25:36.319Z"}
{"context":"CenterController","level":"error","message":"Center not found","timestamp":"2026-04-05T19:25:36.587Z"}
{"context":"AdminService","level":"info","message":"Deleting center","timestamp":"2026-04-05T19:25:38.606Z"}
{"context":"CenterController","level":"error","message":"Center not found","timestamp":"2026-04-05T19:25:38.854Z"}
{"context":"Mongoose","level":"info","message":"MongoDB connected","timestamp":"2026-04-05T19:29:09.692Z"}
{"context":"Bootstrap","level":"info","message":"Server running on http://localhost:3000 in development environment","timestamp":"2026-04-05T19:29:09.727Z"}
{"context":"Bootstrap","level":"info","message":"Swagger docs available at http://localhost:3000/api-docs","timestamp":"2026-04-05T19:29:09.729Z"}
{"context":"AdminService","level":"info","message":"Deleting center","timestamp":"2026-04-05T19:29:16.970Z"}
{"context":"CenterController","level":"error","message":"Center not found","timestamp":"2026-04-05T19:29:17.229Z"}
{"context":"Mongoose","level":"info","message":"MongoDB connected","timestamp":"2026-04-05T19:30:35.250Z"}
{"context":"Bootstrap","level":"info","message":"Server running on http://localhost:3000 in development environment","timestamp":"2026-04-05T19:30:35.299Z"}
{"context":"Bootstrap","level":"info","message":"Swagger docs available at http://localhost:3000/api-docs","timestamp":"2026-04-05T19:30:35.309Z"}
{"context":"AdminService","level":"info","message":"Fetching center profile","timestamp":"2026-04-05T19:30:35.499Z"}
{"context":"AdminService","level":"info","message":"Logging in center","timestamp":"2026-04-05T19:33:03.270Z"}
{"context":"NotificationService","level":"info","message":"get list of notifications for user","timestamp":"2026-04-05T19:33:05.974Z"}
{"context":"AdminService","level":"info","message":"get center stats","timestamp":"2026-04-05T19:33:05.988Z"}
{"context":"DropsService","level":"info","message":"get list of drop offs","timestamp":"2026-04-05T19:33:06.013Z"}
{"context":"NotificationService","level":"info","message":"get list of notifications for user","timestamp":"2026-04-05T19:33:06.230Z"}
{"context":"AdminService","level":"info","message":"get center stats","timestamp":"2026-04-05T19:33:06.256Z"}
{"context":"DropsService","level":"info","message":"get list of drop offs","timestamp":"2026-04-05T19:33:08.336Z"}
{"context":"AdminService","level":"info","message":"Registering center","timestamp":"2026-04-05T19:33:58.392Z"}
{"context":"CenterController","level":"error","message":"Center already exists","timestamp":"2026-04-05T19:33:58.647Z"}
{"context":"AdminService","level":"info","message":"Registering center","timestamp":"2026-04-05T19:34:05.396Z"}
{"context":"Logs service","level":"info","message":"Adding a new log","timestamp":"2026-04-05T19:34:06.078Z"}
{"context":"NotificationService","level":"info","message":"get list of notifications for user","timestamp":"2026-04-05T19:34:08.868Z"}
{"context":"NotificationService","level":"info","message":"get list of notifications for user","timestamp":"2026-04-05T19:34:09.200Z"}
{"context":"AdminService","level":"info","message":"Fetching center profile","timestamp":"2026-04-05T19:34:22.870Z"}
{"context":"AdminService","level":"info","message":"Fetching center profile","timestamp":"2026-04-05T19:34:23.182Z"}
{"context":"NotificationService","level":"info","message":"get list of notifications for user","timestamp":"2026-04-05T19:34:23.748Z"}
{"context":"NotificationService","level":"info","message":"get list of notifications for user","timestamp":"2026-04-05T19:34:24.027Z"}
{"context":"AdminService","level":"info","message":"Fetching center profile","timestamp":"2026-04-05T19:34:25.850Z"}
{"context":"AdminService","level":"info","message":"Fetching center profile","timestamp":"2026-04-05T19:34:26.122Z"}
{"context":"NotificationService","level":"info","message":"get list of notifications for user","timestamp":"2026-04-05T19:34:26.713Z"}
{"context":"NotificationService","level":"info","message":"get list of notifications for user","timestamp":"2026-04-05T19:34:26.969Z"}
{"context":"AdminService","level":"info","message":"Fetching center profile","timestamp":"2026-04-05T19:34:35.418Z"}
{"context":"AdminService","level":"info","message":"Fetching center profile","timestamp":"2026-04-05T19:34:35.694Z"}
{"context":"NotificationService","level":"info","message":"get list of notifications for user","timestamp":"2026-04-05T19:34:35.852Z"}
{"context":"NotificationService","level":"info","message":"get list of notifications for user","timestamp":"2026-04-05T19:34:36.124Z"}
{"context":"AdminService","level":"info","message":"Deleting center","timestamp":"2026-04-05T19:34:40.389Z"}
{"context":"CenterController","level":"error","message":"Center not found","timestamp":"2026-04-05T19:34:40.644Z"}
{"context":"AdminService","level":"info","message":"Logging in center","timestamp":"2026-04-05T19:36:48.134Z"}
{"context":"CenterController","level":"error","message":"Center not verified","timestamp":"2026-04-05T19:36:48.392Z"}
{"context":"AdminService","level":"info","message":"Logging in center","timestamp":"2026-04-05T19:36:54.953Z"}
{"context":"CenterController","level":"error","message":"Invalid Password","timestamp":"2026-04-05T19:36:55.365Z"}
{"context":"AdminService","level":"info","message":"Logging in center","timestamp":"2026-04-05T19:37:00.493Z"}
{"context":"NotificationService","level":"info","message":"get list of notifications for user","timestamp":"2026-04-05T19:37:03.220Z"}
{"context":"AdminService","level":"info","message":"get center stats","timestamp":"2026-04-05T19:37:03.237Z"}
{"context":"DropsService","level":"info","message":"get list of drop offs","timestamp":"2026-04-05T19:37:03.271Z"}
{"context":"NotificationService","level":"info","message":"get list of notifications for user","timestamp":"2026-04-05T19:37:03.616Z"}
{"context":"AdminService","level":"info","message":"get center stats","timestamp":"2026-04-05T19:37:03.628Z"}
{"context":"DropsService","level":"info","message":"get list of drop offs","timestamp":"2026-04-05T19:37:03.971Z"}
{"context":"AdminService","level":"info","message":"Deleting center","timestamp":"2026-04-05T19:37:10.087Z"}
{"context":"Logs service","level":"info","message":"Adding a new log","timestamp":"2026-04-05T19:37:10.353Z"}
{"context":"Mongoose","level":"info","message":"MongoDB connected","timestamp":"2026-04-05T19:56:08.318Z"}
{"context":"Bootstrap","level":"info","message":"Server running on http://localhost:3000 in development environment","timestamp":"2026-04-05T19:56:08.347Z"}
{"context":"Bootstrap","level":"info","message":"Swagger docs available at http://localhost:3000/api-docs","timestamp":"2026-04-05T19:56:08.353Z"}
