{"context":"CollectorsService","level":"info","message":"logging in collector","timestamp":"2026-05-25T15:24:35.138Z"}
{"context":"CollectorsService","level":"info","message":"Fetching collector profile","timestamp":"2026-05-25T15:24:39.445Z"}
{"context":"CollectorsService","level":"info","message":"Fetching collector profile","timestamp":"2026-05-25T15:24:39.670Z"}
{"context":"NotificationService","level":"info","message":"get list of notifications for user","timestamp":"2026-05-25T15:24:40.055Z"}
{"context":"CenterService","level":"info","message":"Getting all centers","timestamp":"2026-05-25T15:24:40.071Z"}
{"context":"DropsService","level":"info","message":"get list of drop offs","timestamp":"2026-05-25T15:24:40.079Z"}
{"context":"CollectorsService","level":"info","message":"Getting collector stats","timestamp":"2026-05-25T15:24:40.088Z"}
{"context":"NotificationService","level":"info","message":"get list of notifications for user","timestamp":"2026-05-25T15:24:40.320Z"}
{"context":"CollectorsService","level":"info","message":"Getting collector stats","timestamp":"2026-05-25T15:24:40.549Z"}
{"context":"CenterService","level":"info","message":"Getting all centers","timestamp":"2026-05-25T15:24:41.535Z"}
{"context":"DropsService","level":"info","message":"get list of drop offs","timestamp":"2026-05-25T15:24:42.277Z"}
{"context":"CollectorsService","level":"info","message":"Fetching collector profile","timestamp":"2026-05-25T15:25:17.799Z"}
{"context":"CollectorsService","level":"info","message":"Fetching collector profile","timestamp":"2026-05-25T15:25:18.086Z"}
{"context":"NotificationService","level":"info","message":"get list of notifications for user","timestamp":"2026-05-25T15:25:18.338Z"}
{"context":"CollectorsService","level":"info","message":"Getting collector stats","timestamp":"2026-05-25T15:25:18.343Z"}
{"context":"CenterService","level":"info","message":"Getting all centers","timestamp":"2026-05-25T15:25:18.354Z"}
{"context":"DropsService","level":"info","message":"get list of drop offs","timestamp":"2026-05-25T15:25:18.370Z"}
{"context":"NotificationService","level":"info","message":"get list of notifications for user","timestamp":"2026-05-25T15:25:18.553Z"}
{"context":"CollectorsService","level":"info","message":"Getting collector stats","timestamp":"2026-05-25T15:25:18.575Z"}
{"context":"CenterService","level":"info","message":"Getting all centers","timestamp":"2026-05-25T15:25:19.875Z"}
{"context":"DropsService","level":"info","message":"get list of drop offs","timestamp":"2026-05-25T15:25:20.104Z"}
{"context":"CollectorsService","level":"info","message":"Fetching collector profile","timestamp":"2026-05-25T15:26:15.209Z"}
{"context":"CollectorsService","level":"info","message":"Fetching collector profile","timestamp":"2026-05-25T15:26:15.432Z"}
{"context":"NotificationService","level":"info","message":"get list of notifications for user","timestamp":"2026-05-25T15:26:15.688Z"}
{"context":"CollectorsService","level":"info","message":"Getting collector stats","timestamp":"2026-05-25T15:26:15.696Z"}
{"context":"CenterService","level":"info","message":"Getting all centers","timestamp":"2026-05-25T15:26:15.704Z"}
{"context":"DropsService","level":"info","message":"get list of drop offs","timestamp":"2026-05-25T15:26:15.727Z"}
{"context":"CollectorsService","level":"info","message":"Getting collector stats","timestamp":"2026-05-25T15:26:15.907Z"}
{"context":"NotificationService","level":"info","message":"get list of notifications for user","timestamp":"2026-05-25T15:26:15.919Z"}
{"context":"CenterService","level":"info","message":"Getting all centers","timestamp":"2026-05-25T15:26:15.926Z"}
{"context":"DropsService","level":"info","message":"get list of drop offs","timestamp":"2026-05-25T15:26:16.194Z"}
{"context":"CenterService","level":"info","message":"Logging in center","timestamp":"2026-05-25T15:34:29.041Z"}
{"context":"CenterService","level":"info","message":"Fetching center profile","timestamp":"2026-05-25T15:34:31.597Z"}
{"context":"CenterService","level":"info","message":"Fetching center profile","timestamp":"2026-05-25T15:34:31.894Z"}
{"context":"CenterService","level":"info","message":"get center stats","timestamp":"2026-05-25T15:34:32.260Z"}
{"context":"NotificationService","level":"info","message":"get list of notifications for user","timestamp":"2026-05-25T15:34:32.325Z"}
{"context":"DropsService","level":"info","message":"get list of drop offs","timestamp":"2026-05-25T15:34:32.334Z"}
{"context":"NotificationService","level":"info","message":"get list of notifications for user","timestamp":"2026-05-25T15:34:32.833Z"}
{"context":"CenterService","level":"info","message":"get center stats","timestamp":"2026-05-25T15:34:32.854Z"}
{"context":"DropsService","level":"info","message":"get list of drop offs","timestamp":"2026-05-25T15:34:36.556Z"}
{"context":"CenterService","level":"info","message":"Fetching center profile","timestamp":"2026-05-25T15:35:11.411Z"}
{"context":"CenterService","level":"info","message":"Fetching center profile","timestamp":"2026-05-25T15:35:12.095Z"}
{"context":"NotificationService","level":"info","message":"get list of notifications for user","timestamp":"2026-05-25T15:35:12.219Z"}
{"context":"NotificationService","level":"info","message":"get list of notifications for user","timestamp":"2026-05-25T15:35:12.758Z"}
{"context":"CenterService","level":"info","message":"get center stats","timestamp":"2026-05-25T15:35:49.666Z"}
{"context":"DropsService","level":"info","message":"get list of drop offs","timestamp":"2026-05-25T15:35:49.676Z"}
{"context":"CenterService","level":"info","message":"get center stats","timestamp":"2026-05-25T15:35:49.961Z"}
{"context":"DropsService","level":"info","message":"get list of drop offs","timestamp":"2026-05-25T15:35:50.127Z"}
{"context":"CenterService","level":"info","message":"Fetching center profile","timestamp":"2026-05-25T15:39:09.420Z"}
{"context":"CenterService","level":"info","message":"Fetching center profile","timestamp":"2026-05-25T15:39:09.711Z"}
{"context":"NotificationService","level":"info","message":"get list of notifications for user","timestamp":"2026-05-25T15:39:09.914Z"}
{"context":"CenterService","level":"info","message":"get center stats","timestamp":"2026-05-25T15:39:09.920Z"}
{"context":"DropsService","level":"info","message":"get list of drop offs","timestamp":"2026-05-25T15:39:09.936Z"}
{"context":"NotificationService","level":"info","message":"get list of notifications for user","timestamp":"2026-05-25T15:39:10.121Z"}
{"context":"CenterService","level":"info","message":"get center stats","timestamp":"2026-05-25T15:39:10.155Z"}
{"context":"DropsService","level":"info","message":"get list of drop offs","timestamp":"2026-05-25T15:39:11.771Z"}
{"context":"CenterService","level":"info","message":"Logging in center","timestamp":"2026-05-25T15:39:44.465Z"}
{"context":"CenterService","level":"info","message":"Fetching center profile","timestamp":"2026-05-25T15:39:48.298Z"}
{"context":"CenterService","level":"info","message":"Fetching center profile","timestamp":"2026-05-25T15:39:48.889Z"}
{"context":"NotificationService","level":"info","message":"get list of notifications for user","timestamp":"2026-05-25T15:39:49.063Z"}
{"context":"CenterService","level":"info","message":"get center stats","timestamp":"2026-05-25T15:39:49.069Z"}
{"context":"DropsService","level":"info","message":"get list of drop offs","timestamp":"2026-05-25T15:39:49.076Z"}
{"context":"NotificationService","level":"info","message":"get list of notifications for user","timestamp":"2026-05-25T15:39:49.286Z"}
{"context":"CenterService","level":"info","message":"get center stats","timestamp":"2026-05-25T15:39:49.303Z"}
{"context":"DropsService","level":"info","message":"get list of drop offs","timestamp":"2026-05-25T15:39:49.644Z"}
{"context":"NotificationService","level":"info","message":"Sending a notification","timestamp":"2026-05-25T15:41:29.557Z"}
{"context":"DropsService","level":"info","message":"get list of drop offs","timestamp":"2026-05-25T15:41:31.926Z"}
{"context":"CenterService","level":"info","message":"Fetching center profile","timestamp":"2026-05-25T15:41:37.987Z"}
{"context":"CenterService","level":"info","message":"Fetching center profile","timestamp":"2026-05-25T15:41:38.397Z"}
{"context":"NotificationService","level":"info","message":"get list of notifications for user","timestamp":"2026-05-25T15:41:38.602Z"}
{"context":"CenterService","level":"info","message":"get center stats","timestamp":"2026-05-25T15:41:38.607Z"}
{"context":"DropsService","level":"info","message":"get list of drop offs","timestamp":"2026-05-25T15:41:38.617Z"}
{"context":"NotificationService","level":"info","message":"get list of notifications for user","timestamp":"2026-05-25T15:41:38.838Z"}
{"context":"CenterService","level":"info","message":"get center stats","timestamp":"2026-05-25T15:41:38.858Z"}
{"context":"DropsService","level":"info","message":"get list of drop offs","timestamp":"2026-05-25T15:41:39.102Z"}
{"context":"CenterService","level":"info","message":"Fetching center profile","timestamp":"2026-05-25T15:42:07.151Z"}
{"context":"CenterService","level":"info","message":"Fetching center profile","timestamp":"2026-05-25T15:42:07.432Z"}
{"context":"NotificationService","level":"info","message":"get list of notifications for user","timestamp":"2026-05-25T15:42:07.780Z"}
{"context":"DropsService","level":"info","message":"get list of drop offs","timestamp":"2026-05-25T15:42:07.789Z"}
{"context":"CenterService","level":"info","message":"get center stats","timestamp":"2026-05-25T15:42:07.796Z"}
{"context":"CenterService","level":"info","message":"get center stats","timestamp":"2026-05-25T15:42:08.035Z"}
{"context":"NotificationService","level":"info","message":"get list of notifications for user","timestamp":"2026-05-25T15:42:08.063Z"}
{"context":"DropsService","level":"info","message":"get list of drop offs","timestamp":"2026-05-25T15:42:08.257Z"}
{"context":"CenterService","level":"info","message":"Fetching center profile","timestamp":"2026-05-25T15:47:22.454Z"}
{"context":"CenterService","level":"info","message":"Fetching center profile","timestamp":"2026-05-25T15:47:22.719Z"}
{"context":"NotificationService","level":"info","message":"get list of notifications for user","timestamp":"2026-05-25T15:47:22.915Z"}
{"context":"CenterService","level":"info","message":"get center stats","timestamp":"2026-05-25T15:47:22.922Z"}
{"context":"DropsService","level":"info","message":"get list of drop offs","timestamp":"2026-05-25T15:47:22.935Z"}
{"context":"NotificationService","level":"info","message":"get list of notifications for user","timestamp":"2026-05-25T15:47:23.146Z"}
{"context":"CenterService","level":"info","message":"get center stats","timestamp":"2026-05-25T15:47:23.155Z"}
{"context":"DropsService","level":"info","message":"get list of drop offs","timestamp":"2026-05-25T15:47:23.561Z"}
{"context":"CenterService","level":"info","message":"Fetching center profile","timestamp":"2026-05-25T15:57:09.795Z"}
{"context":"CenterService","level":"info","message":"Fetching center profile","timestamp":"2026-05-25T15:57:10.076Z"}
{"context":"NotificationService","level":"info","message":"get list of notifications for user","timestamp":"2026-05-25T15:57:10.354Z"}
{"context":"NotificationService","level":"info","message":"get list of notifications for user","timestamp":"2026-05-25T15:57:10.618Z"}
{"context":"NotificationService","level":"info","message":"Mark all as read","timestamp":"2026-05-25T15:58:30.397Z"}
{"context":"NotificationService","level":"info","message":"get list of notifications for user","timestamp":"2026-05-25T15:58:30.785Z"}
{"context":"CenterService","level":"info","message":"Updating center profile","timestamp":"2026-05-25T15:59:55.304Z"}
{"context":"CenterService","level":"info","message":"get center stats","timestamp":"2026-05-25T16:00:10.874Z"}
{"context":"DropsService","level":"info","message":"get list of drop offs","timestamp":"2026-05-25T16:00:10.882Z"}
{"context":"CenterService","level":"info","message":"get center stats","timestamp":"2026-05-25T16:00:11.165Z"}
{"context":"DropsService","level":"info","message":"get list of drop offs","timestamp":"2026-05-25T16:00:11.303Z"}
{"context":"CollectorsService","level":"info","message":"logging in collector","timestamp":"2026-05-25T16:00:40.120Z"}
{"context":"CollectorController","level":"error","message":"Collector does not exist","timestamp":"2026-05-25T16:00:40.346Z"}
{"context":"CollectorsService","level":"info","message":"logging in collector","timestamp":"2026-05-25T16:00:44.536Z"}
{"context":"CollectorsService","level":"info","message":"Fetching collector profile","timestamp":"2026-05-25T16:00:47.189Z"}
{"context":"CollectorsService","level":"info","message":"Fetching collector profile","timestamp":"2026-05-25T16:00:47.388Z"}
{"context":"NotificationService","level":"info","message":"get list of notifications for user","timestamp":"2026-05-25T16:00:47.825Z"}
{"context":"CollectorsService","level":"info","message":"Getting collector stats","timestamp":"2026-05-25T16:00:47.844Z"}
{"context":"CenterService","level":"info","message":"Getting all centers","timestamp":"2026-05-25T16:00:47.856Z"}
{"context":"DropsService","level":"info","message":"get list of drop offs","timestamp":"2026-05-25T16:00:47.862Z"}
{"context":"CollectorsService","level":"info","message":"Getting collector stats","timestamp":"2026-05-25T16:00:48.058Z"}
{"context":"DropsService","level":"info","message":"get list of drop offs","timestamp":"2026-05-25T16:00:48.307Z"}
{"context":"CenterService","level":"info","message":"Getting all centers","timestamp":"2026-05-25T16:00:48.383Z"}
{"context":"NotificationService","level":"info","message":"get list of notifications for user","timestamp":"2026-05-25T16:00:48.787Z"}
{"context":"DropsService","level":"info","message":"Adding a drop offs","timestamp":"2026-05-25T16:12:35.932Z"}
{"context":"Mongoose","level":"info","message":"MongoDB connected","timestamp":"2026-05-25T16:12:36.966Z"}
{"context":"Bootstrap","level":"info","message":"Server running on http://localhost:3000 in development environment","timestamp":"2026-05-25T16:12:37.289Z"}
{"context":"Bootstrap","level":"info","message":"Swagger docs available at http://localhost:3000/api-docs","timestamp":"2026-05-25T16:12:37.290Z"}
{"context":"DropControllers","level":"error","message":"Drops validation failed: location.coordinates.0: Cast to [Number] failed for value \"[ NaN, NaN ]\" (type string) at path \"location.coordinates.0\" because of \"CastError\"","timestamp":"2026-05-25T16:12:40.347Z"}
{"context":"CollectorsService","level":"info","message":"Fetching collector profile","timestamp":"2026-05-25T16:13:02.998Z"}
{"context":"CollectorsService","level":"info","message":"Fetching collector profile","timestamp":"2026-05-25T16:13:03.221Z"}
{"context":"NotificationService","level":"info","message":"get list of notifications for user","timestamp":"2026-05-25T16:13:03.642Z"}
{"context":"CollectorsService","level":"info","message":"Getting collector stats","timestamp":"2026-05-25T16:13:03.671Z"}
{"context":"CenterService","level":"info","message":"Getting all centers","timestamp":"2026-05-25T16:13:03.680Z"}
{"context":"DropsService","level":"info","message":"get list of drop offs","timestamp":"2026-05-25T16:13:03.687Z"}
{"context":"NotificationService","level":"info","message":"get list of notifications for user","timestamp":"2026-05-25T16:13:03.866Z"}
{"context":"CenterService","level":"info","message":"Getting all centers","timestamp":"2026-05-25T16:13:03.893Z"}
{"context":"CollectorsService","level":"info","message":"Getting collector stats","timestamp":"2026-05-25T16:13:04.980Z"}
{"context":"DropsService","level":"info","message":"get list of drop offs","timestamp":"2026-05-25T16:13:04.988Z"}
{"context":"DropsService","level":"info","message":"Adding a drop offs","timestamp":"2026-05-25T16:13:43.456Z"}
{"context":"DropControllers","level":"error","message":"Drops validation failed: location.coordinates.0: Cast to [Number] failed for value \"[ NaN, NaN ]\" (type string) at path \"location.coordinates.0\" because of \"CastError\"","timestamp":"2026-05-25T16:13:46.151Z"}
{"context":"Mongoose","level":"info","message":"MongoDB connected","timestamp":"2026-05-25T16:16:27.390Z"}
{"context":"Bootstrap","level":"info","message":"Server running on http://localhost:3000 in development environment","timestamp":"2026-05-25T16:16:27.414Z"}
{"context":"Bootstrap","level":"info","message":"Swagger docs available at http://localhost:3000/api-docs","timestamp":"2026-05-25T16:16:27.415Z"}
{"context":"DropsService","level":"info","message":"Adding a drop offs","timestamp":"2026-05-25T16:16:38.871Z"}
{"context":"DropControllers","level":"error","message":"Drops validation failed: location.coordinates.0: Cast to [Number] failed for value \"[ NaN, NaN ]\" (type string) at path \"location.coordinates.0\" because of \"CastError\"","timestamp":"2026-05-25T16:16:41.070Z"}
{"context":"DropsService","level":"info","message":"Adding a drop offs","timestamp":"2026-05-25T16:16:45.008Z"}
{"context":"DropControllers","level":"error","message":"Drops validation failed: location.coordinates.0: Cast to [Number] failed for value \"[ NaN, NaN ]\" (type string) at path \"location.coordinates.0\" because of \"CastError\"","timestamp":"2026-05-25T16:16:45.980Z"}
{"context":"Mongoose","level":"info","message":"MongoDB connected","timestamp":"2026-05-25T16:17:25.804Z"}
{"context":"Bootstrap","level":"info","message":"Server running on http://localhost:3000 in development environment","timestamp":"2026-05-25T16:17:25.821Z"}
{"context":"Bootstrap","level":"info","message":"Swagger docs available at http://localhost:3000/api-docs","timestamp":"2026-05-25T16:17:25.821Z"}
{"context":"DropsService","level":"info","message":"Adding a drop offs","timestamp":"2026-05-25T16:17:44.820Z"}
{"context":"DropControllers","level":"error","message":"Drops validation failed: location.coordinates.0: Cast to [Number] failed for value \"[ NaN, NaN ]\" (type string) at path \"location.coordinates.0\" because of \"CastError\"","timestamp":"2026-05-25T16:17:49.518Z"}
{"context":"CollectorsService","level":"info","message":"Fetching collector profile","timestamp":"2026-05-25T16:20:43.791Z"}
{"context":"CollectorsService","level":"info","message":"Fetching collector profile","timestamp":"2026-05-25T16:20:44.034Z"}
{"context":"NotificationService","level":"info","message":"get list of notifications for user","timestamp":"2026-05-25T16:20:44.381Z"}
{"context":"CollectorsService","level":"info","message":"Getting collector stats","timestamp":"2026-05-25T16:20:44.391Z"}
{"context":"CenterService","level":"info","message":"Getting all centers","timestamp":"2026-05-25T16:20:44.396Z"}
{"context":"DropsService","level":"info","message":"get list of drop offs","timestamp":"2026-05-25T16:20:44.402Z"}
{"context":"CollectorsService","level":"info","message":"Getting collector stats","timestamp":"2026-05-25T16:20:44.637Z"}
{"context":"CenterService","level":"info","message":"Getting all centers","timestamp":"2026-05-25T16:20:44.818Z"}
{"context":"DropsService","level":"info","message":"get list of drop offs","timestamp":"2026-05-25T16:20:44.865Z"}
{"context":"NotificationService","level":"info","message":"get list of notifications for user","timestamp":"2026-05-25T16:20:45.046Z"}
{"context":"CenterService","level":"info","message":"Getting closest centers","timestamp":"2026-05-25T16:20:52.691Z"}
{"context":"CenterService","level":"info","message":"Getting closest centers","timestamp":"2026-05-25T16:20:52.999Z"}
{"context":"CenterService","level":"info","message":"Getting closest centers","timestamp":"2026-05-25T16:20:53.886Z"}
{"context":"CenterService","level":"info","message":"Getting closest centers","timestamp":"2026-05-25T16:20:54.187Z"}
{"context":"DropsService","level":"info","message":"Adding a drop offs","timestamp":"2026-05-25T16:21:12.605Z"}
{"context":"NotificationService","level":"info","message":"Sending a notification","timestamp":"2026-05-25T16:21:14.830Z"}
{"context":"NotificationService","level":"info","message":"Sending a notification","timestamp":"2026-05-25T16:21:15.138Z"}
{"context":"CollectorsService","level":"info","message":"Fetching collector profile","timestamp":"2026-05-25T16:21:23.462Z"}
{"context":"CollectorsService","level":"info","message":"Fetching collector profile","timestamp":"2026-05-25T16:21:23.779Z"}
{"context":"NotificationService","level":"info","message":"get list of notifications for user","timestamp":"2026-05-25T16:21:23.942Z"}
{"context":"CollectorsService","level":"info","message":"Getting collector stats","timestamp":"2026-05-25T16:21:23.948Z"}
{"context":"CenterService","level":"info","message":"Getting all centers","timestamp":"2026-05-25T16:21:23.957Z"}
{"context":"DropsService","level":"info","message":"get list of drop offs","timestamp":"2026-05-25T16:21:23.965Z"}
{"context":"CollectorsService","level":"info","message":"Getting collector stats","timestamp":"2026-05-25T16:21:24.387Z"}
{"context":"NotificationService","level":"info","message":"get list of notifications for user","timestamp":"2026-05-25T16:21:24.391Z"}
{"context":"CenterService","level":"info","message":"Getting all centers","timestamp":"2026-05-25T16:21:24.395Z"}
{"context":"DropsService","level":"info","message":"get list of drop offs","timestamp":"2026-05-25T16:21:24.984Z"}
{"context":"CenterService","level":"info","message":"Getting closest centers","timestamp":"2026-05-25T16:21:28.950Z"}
{"context":"CenterService","level":"info","message":"Getting closest centers","timestamp":"2026-05-25T16:21:29.276Z"}
{"context":"CenterService","level":"info","message":"Getting closest centers","timestamp":"2026-05-25T16:21:29.579Z"}
{"context":"CenterService","level":"info","message":"Getting closest centers","timestamp":"2026-05-25T16:21:30.157Z"}
{"context":"CollectorsService","level":"info","message":"Fetching collector profile","timestamp":"2026-05-25T16:21:35.594Z"}
{"context":"CollectorsService","level":"info","message":"Fetching collector profile","timestamp":"2026-05-25T16:21:35.914Z"}
{"context":"NotificationService","level":"info","message":"get list of notifications for user","timestamp":"2026-05-25T16:21:36.099Z"}
{"context":"CollectorsService","level":"info","message":"Getting collector stats","timestamp":"2026-05-25T16:21:36.106Z"}
{"context":"CenterService","level":"info","message":"Getting all centers","timestamp":"2026-05-25T16:21:36.113Z"}
{"context":"DropsService","level":"info","message":"get list of drop offs","timestamp":"2026-05-25T16:21:36.119Z"}
{"context":"CenterService","level":"info","message":"Getting closest centers","timestamp":"2026-05-25T16:21:36.254Z"}
{"context":"CenterService","level":"info","message":"Getting all centers","timestamp":"2026-05-25T16:21:36.350Z"}
{"context":"CollectorsService","level":"info","message":"Getting collector stats","timestamp":"2026-05-25T16:21:36.355Z"}
{"context":"NotificationService","level":"info","message":"get list of notifications for user","timestamp":"2026-05-25T16:21:36.362Z"}
{"context":"DropsService","level":"info","message":"get list of drop offs","timestamp":"2026-05-25T16:21:36.548Z"}
{"context":"CenterService","level":"info","message":"Getting closest centers","timestamp":"2026-05-25T16:21:36.595Z"}
{"context":"CenterService","level":"info","message":"Getting closest centers","timestamp":"2026-05-25T16:21:36.899Z"}
{"context":"CenterService","level":"info","message":"Getting closest centers","timestamp":"2026-05-25T16:21:37.194Z"}
{"context":"CollectorsService","level":"info","message":"Fetching collector profile","timestamp":"2026-05-25T16:22:51.283Z"}
{"context":"CollectorsService","level":"info","message":"Fetching collector profile","timestamp":"2026-05-25T16:22:51.564Z"}
{"context":"NotificationService","level":"info","message":"get list of notifications for user","timestamp":"2026-05-25T16:22:51.888Z"}
{"context":"CollectorsService","level":"info","message":"Getting collector stats","timestamp":"2026-05-25T16:22:51.897Z"}
{"context":"CenterService","level":"info","message":"Getting all centers","timestamp":"2026-05-25T16:22:51.901Z"}
{"context":"DropsService","level":"info","message":"get list of drop offs","timestamp":"2026-05-25T16:22:51.906Z"}
{"context":"CenterService","level":"info","message":"Getting all centers","timestamp":"2026-05-25T16:22:52.166Z"}
{"context":"CollectorsService","level":"info","message":"Getting collector stats","timestamp":"2026-05-25T16:22:52.176Z"}
{"context":"NotificationService","level":"info","message":"get list of notifications for user","timestamp":"2026-05-25T16:22:52.223Z"}
{"context":"DropsService","level":"info","message":"get list of drop offs","timestamp":"2026-05-25T16:22:52.361Z"}
{"context":"Mongoose","level":"info","message":"MongoDB connected","timestamp":"2026-05-25T17:09:05.011Z"}
{"context":"Bootstrap","level":"info","message":"Server running on http://localhost:3000 in development environment","timestamp":"2026-05-25T17:09:05.044Z"}
{"context":"Bootstrap","level":"info","message":"Swagger docs available at http://localhost:3000/api-docs","timestamp":"2026-05-25T17:09:05.045Z"}
