{"context":"Mongoose","level":"error","message":"Could not connect to any servers in your MongoDB Atlas cluster. One common reason is that you're trying to access the database from an IP that isn't whitelisted. Make sure your current IP address is on your Atlas cluster's IP whitelist: https://www.mongodb.com/docs/atlas/security-whitelist/","timestamp":"2026-04-08T16:04:00.082Z"}
{"context":"Mongoose","level":"info","message":"MongoDB connected","timestamp":"2026-04-08T16:13:36.734Z"}
{"context":"Bootstrap","level":"info","message":"Server running on http://localhost:3000 in development environment","timestamp":"2026-04-08T16:13:36.763Z"}
{"context":"Bootstrap","level":"info","message":"Swagger docs available at http://localhost:3000/api-docs","timestamp":"2026-04-08T16:13:36.769Z"}
{"context":"Mongoose","level":"info","message":"MongoDB connected","timestamp":"2026-04-08T16:16:28.205Z"}
{"context":"Bootstrap","level":"info","message":"Server running on http://localhost:3000 in development environment","timestamp":"2026-04-08T16:16:28.234Z"}
{"context":"Bootstrap","level":"info","message":"Swagger docs available at http://localhost:3000/api-docs","timestamp":"2026-04-08T16:16:28.235Z"}
{"context":"CollectorsService","level":"info","message":"logging in collector","timestamp":"2026-04-08T16:17:55.759Z"}
{"context":"CollectorsService","level":"info","message":"logging in collector","timestamp":"2026-04-08T16:27:08.769Z"}
{"context":"CollectorsService","level":"info","message":"Change password","timestamp":"2026-04-08T16:27:38.076Z"}
{"context":"EmailService","level":"info","message":"Email sent to josiahelias11@gmail.com","timestamp":"2026-04-08T16:27:41.879Z"}
{"context":"CollectorsService","level":"info","message":"Verify password change","timestamp":"2026-04-08T16:28:27.620Z"}
{"context":"Mongoose","level":"info","message":"MongoDB connected","timestamp":"2026-04-08T16:29:38.740Z"}
{"context":"Bootstrap","level":"info","message":"Server running on http://localhost:3000 in development environment","timestamp":"2026-04-08T16:29:38.770Z"}
{"context":"Bootstrap","level":"info","message":"Swagger docs available at http://localhost:3000/api-docs","timestamp":"2026-04-08T16:29:38.771Z"}
{"context":"CollectorsService","level":"info","message":"Fetching collector profile","timestamp":"2026-04-08T16:38:27.677Z"}
{"context":"CollectorsService","level":"info","message":"Fetching collector profile","timestamp":"2026-04-08T16:38:27.948Z"}
{"context":"NotificationService","level":"info","message":"get list of notifications for user","timestamp":"2026-04-08T16:38:28.280Z"}
{"context":"CollectorsService","level":"info","message":"Getting collector stats","timestamp":"2026-04-08T16:38:28.296Z"}
{"context":"AdminService","level":"info","message":"Getting all centers","timestamp":"2026-04-08T16:38:28.308Z"}
{"context":"DropsService","level":"info","message":"get list of drop offs","timestamp":"2026-04-08T16:38:28.316Z"}
{"context":"DropControllers","level":"error","message":"No drops found","timestamp":"2026-04-08T16:38:28.682Z"}
{"context":"NotificationService","level":"info","message":"get list of notifications for user","timestamp":"2026-04-08T16:38:28.732Z"}
{"context":"DropsService","level":"info","message":"get list of drop offs","timestamp":"2026-04-08T16:38:28.738Z"}
{"context":"AdminService","level":"info","message":"Getting all centers","timestamp":"2026-04-08T16:38:28.745Z"}
{"context":"DropControllers","level":"error","message":"No drops found","timestamp":"2026-04-08T16:38:29.302Z"}
{"context":"CollectorsService","level":"info","message":"Getting collector stats","timestamp":"2026-04-08T16:38:32.578Z"}
{"context":"AdminService","level":"info","message":"Getting closest centers","timestamp":"2026-04-08T16:38:34.007Z"}
{"context":"AdminService","level":"info","message":"Getting closest centers","timestamp":"2026-04-08T16:38:34.271Z"}
{"context":"AdminService","level":"info","message":"Getting closest centers","timestamp":"2026-04-08T16:38:34.615Z"}
{"context":"AdminService","level":"info","message":"Getting closest centers","timestamp":"2026-04-08T16:38:35.016Z"}
{"context":"Mongoose","level":"info","message":"MongoDB connected","timestamp":"2026-04-08T16:45:41.841Z"}
{"context":"Bootstrap","level":"info","message":"Server running on http://localhost:3000 in development environment","timestamp":"2026-04-08T16:45:41.865Z"}
{"context":"Bootstrap","level":"info","message":"Swagger docs available at http://localhost:3000/api-docs","timestamp":"2026-04-08T16:45:41.891Z"}
{"context":"Mongoose","level":"info","message":"MongoDB connected","timestamp":"2026-04-08T16:56:52.068Z"}
{"context":"Bootstrap","level":"info","message":"Server running on http://localhost:3000 in development environment","timestamp":"2026-04-08T16:56:52.090Z"}
{"context":"Bootstrap","level":"info","message":"Swagger docs available at http://localhost:3000/api-docs","timestamp":"2026-04-08T16:56:52.092Z"}
{"context":"AdminService","level":"info","message":"logging in admin","timestamp":"2026-04-08T16:59:19.504Z"}
{"context":"AdminController","level":"error","message":"Invalid password","timestamp":"2026-04-08T16:59:19.772Z"}
{"context":"AdminService","level":"info","message":"logging in admin","timestamp":"2026-04-08T16:59:27.622Z"}
{"context":"AdminController","level":"error","message":"Invalid password","timestamp":"2026-04-08T16:59:27.857Z"}
{"context":"AdminService","level":"info","message":"logging in admin","timestamp":"2026-04-08T16:59:35.634Z"}
{"context":"AdminController","level":"error","message":"Invalid password","timestamp":"2026-04-08T16:59:35.907Z"}
{"context":"EmailService","level":"info","message":"Email sent to josiahelias11@gmail.com","timestamp":"2026-04-08T17:00:44.156Z"}
{"context":"AdminService","level":"info","message":"logging in admin","timestamp":"2026-04-08T17:01:27.365Z"}
{"context":"AdminController","level":"error","message":"Invalid password","timestamp":"2026-04-08T17:01:27.625Z"}
{"context":"EmailService","level":"info","message":"Email sent to test@example.com","timestamp":"2026-04-08T17:06:53.473Z"}
{"context":"Mongoose","level":"info","message":"MongoDB connected","timestamp":"2026-04-08T17:10:08.105Z"}
{"context":"Bootstrap","level":"info","message":"Server running on http://localhost:3000 in development environment","timestamp":"2026-04-08T17:10:08.122Z"}
{"context":"Bootstrap","level":"info","message":"Swagger docs available at http://localhost:3000/api-docs","timestamp":"2026-04-08T17:10:08.123Z"}
{"context":"Mongoose","level":"info","message":"MongoDB connected","timestamp":"2026-04-08T17:11:59.407Z"}
{"context":"Bootstrap","level":"info","message":"Server running on http://localhost:3000 in development environment","timestamp":"2026-04-08T17:11:59.449Z"}
{"context":"Bootstrap","level":"info","message":"Swagger docs available at http://localhost:3000/api-docs","timestamp":"2026-04-08T17:11:59.449Z"}
{"context":"Mongoose","level":"info","message":"MongoDB connected","timestamp":"2026-04-08T17:14:55.538Z"}
{"context":"Bootstrap","level":"info","message":"Server running on http://localhost:3000 in development environment","timestamp":"2026-04-08T17:14:55.563Z"}
{"context":"Bootstrap","level":"info","message":"Swagger docs available at http://localhost:3000/api-docs","timestamp":"2026-04-08T17:14:55.566Z"}
{"context":"EmailService","level":"info","message":"Email sent to josiahelias11@gmail.com","timestamp":"2026-04-08T17:19:24.157Z"}
{"context":"Mongoose","level":"info","message":"MongoDB connected","timestamp":"2026-04-08T17:20:51.467Z"}
{"context":"Bootstrap","level":"info","message":"Server running on http://localhost:3000 in development environment","timestamp":"2026-04-08T17:20:51.497Z"}
{"context":"Bootstrap","level":"info","message":"Swagger docs available at http://localhost:3000/api-docs","timestamp":"2026-04-08T17:20:51.498Z"}
{"context":"Mongoose","level":"info","message":"MongoDB connected","timestamp":"2026-04-08T17:21:54.746Z"}
{"context":"Bootstrap","level":"info","message":"Server running on http://localhost:3000 in development environment","timestamp":"2026-04-08T17:21:54.785Z"}
{"context":"Bootstrap","level":"info","message":"Swagger docs available at http://localhost:3000/api-docs","timestamp":"2026-04-08T17:21:54.787Z"}
{"context":"EmailService","level":"info","message":"Email sent to josiahelias11@gmail.com","timestamp":"2026-04-08T17:22:19.316Z"}
{"context":"Mongoose","level":"info","message":"MongoDB connected","timestamp":"2026-04-08T17:23:09.300Z"}
{"context":"Bootstrap","level":"info","message":"Server running on http://localhost:3000 in development environment","timestamp":"2026-04-08T17:23:09.330Z"}
{"context":"Bootstrap","level":"info","message":"Swagger docs available at http://localhost:3000/api-docs","timestamp":"2026-04-08T17:23:09.332Z"}
{"context":"EmailService","level":"info","message":"Email sent to josiahelias11@gmail.com","timestamp":"2026-04-08T17:23:21.220Z"}
{"context":"AuthController","level":"error","message":"Invalid or expired OTP","timestamp":"2026-04-08T17:23:26.810Z"}
{"context":"EmailService","level":"info","message":"Email sent to josiahelias11@gmail.com","timestamp":"2026-04-08T17:26:14.790Z"}
{"context":"AdminService","level":"info","message":"logging in admin","timestamp":"2026-04-08T17:26:48.971Z"}
{"context":"AdminController","level":"error","message":"Invalid password","timestamp":"2026-04-08T17:26:49.203Z"}
{"context":"Mongoose","level":"info","message":"MongoDB connected","timestamp":"2026-04-08T17:34:50.554Z"}
{"context":"Bootstrap","level":"info","message":"Server running on http://localhost:3000 in development environment","timestamp":"2026-04-08T17:34:50.574Z"}
{"context":"Bootstrap","level":"info","message":"Swagger docs available at http://localhost:3000/api-docs","timestamp":"2026-04-08T17:34:50.575Z"}
{"context":"EmailService","level":"info","message":"Email sent to josiahelias11@gmail.com","timestamp":"2026-04-08T17:34:54.222Z"}
{"context":"Mongoose","level":"info","message":"MongoDB connected","timestamp":"2026-04-08T17:37:02.920Z"}
{"context":"Bootstrap","level":"info","message":"Server running on http://localhost:3000 in development environment","timestamp":"2026-04-08T17:37:02.942Z"}
{"context":"Bootstrap","level":"info","message":"Swagger docs available at http://localhost:3000/api-docs","timestamp":"2026-04-08T17:37:02.943Z"}
{"context":"Mongoose","level":"info","message":"MongoDB connected","timestamp":"2026-04-08T17:39:32.810Z"}
{"context":"Bootstrap","level":"info","message":"Server running on http://localhost:3000 in development environment","timestamp":"2026-04-08T17:39:32.866Z"}
{"context":"Bootstrap","level":"info","message":"Swagger docs available at http://localhost:3000/api-docs","timestamp":"2026-04-08T17:39:32.875Z"}
{"context":"Mongoose","level":"info","message":"MongoDB connected","timestamp":"2026-04-08T17:41:17.391Z"}
{"context":"Bootstrap","level":"info","message":"Server running on http://localhost:3000 in development environment","timestamp":"2026-04-08T17:41:17.420Z"}
{"context":"Bootstrap","level":"info","message":"Swagger docs available at http://localhost:3000/api-docs","timestamp":"2026-04-08T17:41:17.420Z"}
{"context":"Mongoose","level":"info","message":"MongoDB connected","timestamp":"2026-04-08T17:41:45.625Z"}
{"context":"Bootstrap","level":"info","message":"Server running on http://localhost:3000 in development environment","timestamp":"2026-04-08T17:41:45.665Z"}
{"context":"Bootstrap","level":"info","message":"Swagger docs available at http://localhost:3000/api-docs","timestamp":"2026-04-08T17:41:45.673Z"}
{"context":"Mongoose","level":"info","message":"MongoDB connected","timestamp":"2026-04-08T17:41:57.503Z"}
{"context":"Bootstrap","level":"info","message":"Server running on http://localhost:3000 in development environment","timestamp":"2026-04-08T17:41:57.529Z"}
{"context":"Bootstrap","level":"info","message":"Swagger docs available at http://localhost:3000/api-docs","timestamp":"2026-04-08T17:41:57.531Z"}
{"context":"EmailService","level":"info","message":"Email sent to josiahelias11@gmail.com","timestamp":"2026-04-08T17:42:13.780Z"}
{"context":"Mongoose","level":"info","message":"MongoDB connected","timestamp":"2026-04-08T17:43:05.911Z"}
{"context":"Bootstrap","level":"info","message":"Server running on http://localhost:3000 in development environment","timestamp":"2026-04-08T17:43:05.935Z"}
{"context":"Bootstrap","level":"info","message":"Swagger docs available at http://localhost:3000/api-docs","timestamp":"2026-04-08T17:43:05.936Z"}
{"context":"EmailService","level":"info","message":"Email sent to josiahelias11@gmail.com","timestamp":"2026-04-08T17:43:26.659Z"}
{"context":"Mongoose","level":"info","message":"MongoDB connected","timestamp":"2026-04-08T17:44:52.233Z"}
{"context":"Bootstrap","level":"info","message":"Server running on http://localhost:3000 in development environment","timestamp":"2026-04-08T17:44:52.251Z"}
{"context":"Bootstrap","level":"info","message":"Swagger docs available at http://localhost:3000/api-docs","timestamp":"2026-04-08T17:44:52.252Z"}
{"context":"Mongoose","level":"info","message":"MongoDB connected","timestamp":"2026-04-08T17:45:07.235Z"}
{"context":"Bootstrap","level":"info","message":"Server running on http://localhost:3000 in development environment","timestamp":"2026-04-08T17:45:07.267Z"}
{"context":"Bootstrap","level":"info","message":"Swagger docs available at http://localhost:3000/api-docs","timestamp":"2026-04-08T17:45:07.270Z"}
{"context":"Mongoose","level":"info","message":"MongoDB connected","timestamp":"2026-04-08T17:45:43.490Z"}
{"context":"Bootstrap","level":"info","message":"Server running on http://localhost:3000 in development environment","timestamp":"2026-04-08T17:45:43.507Z"}
{"context":"Bootstrap","level":"info","message":"Swagger docs available at http://localhost:3000/api-docs","timestamp":"2026-04-08T17:45:43.511Z"}
{"context":"Mongoose","level":"info","message":"MongoDB connected","timestamp":"2026-04-08T17:46:00.364Z"}
{"context":"Bootstrap","level":"info","message":"Server running on http://localhost:3000 in development environment","timestamp":"2026-04-08T17:46:00.385Z"}
{"context":"Bootstrap","level":"info","message":"Swagger docs available at http://localhost:3000/api-docs","timestamp":"2026-04-08T17:46:00.386Z"}
