{"context":"Mongoose","level":"info","message":"MongoDB connected","timestamp":"2025-12-22T10:02:22.713Z"}
{"context":"Bootstrap","level":"info","message":"Server running on http://localhost:3000 in development environment","timestamp":"2025-12-22T10:02:22.745Z"}
{"context":"Bootstrap","level":"info","message":"Swagger docs available at http://localhost:3000/api-docs","timestamp":"2025-12-22T10:02:22.745Z"}
{"context":"Mongoose","level":"info","message":"MongoDB connected","timestamp":"2025-12-22T10:05:32.809Z"}
{"context":"Bootstrap","level":"info","message":"Server running on http://localhost:3000 in development environment","timestamp":"2025-12-22T10:05:32.834Z"}
{"context":"Bootstrap","level":"info","message":"Swagger docs available at http://localhost:3000/api-docs","timestamp":"2025-12-22T10:05:32.838Z"}
{"context":"Mongoose","level":"info","message":"MongoDB connected","timestamp":"2025-12-22T10:06:18.261Z"}
{"context":"Bootstrap","level":"info","message":"Server running on http://localhost:3000 in development environment","timestamp":"2025-12-22T10:06:18.290Z"}
{"context":"Bootstrap","level":"info","message":"Swagger docs available at http://localhost:3000/api-docs","timestamp":"2025-12-22T10:06:18.291Z"}
{"context":"Mongoose","level":"info","message":"MongoDB connected","timestamp":"2025-12-22T10:06:38.449Z"}
{"context":"Bootstrap","level":"info","message":"Server running on http://localhost:3000 in development environment","timestamp":"2025-12-22T10:06:38.466Z"}
{"context":"Bootstrap","level":"info","message":"Swagger docs available at http://localhost:3000/api-docs","timestamp":"2025-12-22T10:06:38.467Z"}
{"context":"Mongoose","level":"info","message":"MongoDB connected","timestamp":"2025-12-22T10:07:36.015Z"}
{"context":"Bootstrap","level":"info","message":"Server running on http://localhost:3000 in development environment","timestamp":"2025-12-22T10:07:36.063Z"}
{"context":"Bootstrap","level":"info","message":"Swagger docs available at http://localhost:3000/api-docs","timestamp":"2025-12-22T10:07:36.065Z"}
{"context":"Mongoose","level":"error","message":"Could not connect to any servers in your MongoDB Atlas cluster. One common reason is that you're trying to access the database from an IP that isn't whitelisted. Make sure your current IP address is on your Atlas cluster's IP whitelist: https://www.mongodb.com/docs/atlas/security-whitelist/","timestamp":"2025-12-22T10:12:24.788Z"}
{"context":"Mongoose","level":"error","message":"Could not connect to any servers in your MongoDB Atlas cluster. One common reason is that you're trying to access the database from an IP that isn't whitelisted. Make sure your current IP address is on your Atlas cluster's IP whitelist: https://www.mongodb.com/docs/atlas/security-whitelist/","timestamp":"2025-12-22T10:16:09.644Z"}
{"context":"Mongoose","level":"info","message":"MongoDB connected","timestamp":"2025-12-22T10:16:37.188Z"}
{"context":"Bootstrap","level":"info","message":"Server running on http://localhost:3000 in development environment","timestamp":"2025-12-22T10:16:37.204Z"}
{"context":"Bootstrap","level":"info","message":"Swagger docs available at http://localhost:3000/api-docs","timestamp":"2025-12-22T10:16:37.205Z"}
{"context":"AdminService","level":"info","message":"Logging in center","timestamp":"2025-12-22T10:20:25.343Z"}
{"context":"Mongoose","level":"info","message":"MongoDB connected","timestamp":"2025-12-22T10:22:04.170Z"}
{"context":"Bootstrap","level":"info","message":"Server running on http://localhost:3000 in development environment","timestamp":"2025-12-22T10:22:04.196Z"}
{"context":"Bootstrap","level":"info","message":"Swagger docs available at http://localhost:3000/api-docs","timestamp":"2025-12-22T10:22:04.197Z"}
{"context":"DropControllers","level":"error","message":"Cast to Boolean failed for value \"accepted\" (type string) at path \"status\" because of \"CastError\"","timestamp":"2025-12-22T10:22:44.038Z"}
{"context":"Mongoose","level":"info","message":"MongoDB connected","timestamp":"2025-12-22T10:23:15.275Z"}
{"context":"Bootstrap","level":"info","message":"Server running on http://localhost:3000 in development environment","timestamp":"2025-12-22T10:23:15.309Z"}
{"context":"Bootstrap","level":"info","message":"Swagger docs available at http://localhost:3000/api-docs","timestamp":"2025-12-22T10:23:15.310Z"}
{"context":"DropControllers","level":"error","message":"You are not authorized to verify this drop or it does not exist","timestamp":"2025-12-22T10:23:22.801Z"}
{"context":"NotificationService","level":"info","message":"Sending a notification","timestamp":"2025-12-22T10:24:09.504Z"}
{"context":"Mongoose","level":"info","message":"MongoDB connected","timestamp":"2025-12-22T10:24:34.987Z"}
{"context":"Bootstrap","level":"info","message":"Server running on http://localhost:3000 in development environment","timestamp":"2025-12-22T10:24:35.003Z"}
{"context":"Bootstrap","level":"info","message":"Swagger docs available at http://localhost:3000/api-docs","timestamp":"2025-12-22T10:24:35.004Z"}
{"context":"Mongoose","level":"info","message":"MongoDB connected","timestamp":"2025-12-22T10:25:56.109Z"}
{"context":"Bootstrap","level":"info","message":"Server running on http://localhost:3000 in development environment","timestamp":"2025-12-22T10:25:56.137Z"}
{"context":"Bootstrap","level":"info","message":"Swagger docs available at http://localhost:3000/api-docs","timestamp":"2025-12-22T10:25:56.138Z"}
{"context":"Mongoose","level":"info","message":"MongoDB connected","timestamp":"2025-12-22T10:26:14.825Z"}
{"context":"Bootstrap","level":"info","message":"Server running on http://localhost:3000 in development environment","timestamp":"2025-12-22T10:26:14.859Z"}
{"context":"Bootstrap","level":"info","message":"Swagger docs available at http://localhost:3000/api-docs","timestamp":"2025-12-22T10:26:14.860Z"}
{"context":"Mongoose","level":"info","message":"MongoDB connected","timestamp":"2025-12-22T10:28:50.243Z"}
{"context":"Bootstrap","level":"info","message":"Server running on http://localhost:3000 in development environment","timestamp":"2025-12-22T10:28:50.272Z"}
{"context":"Bootstrap","level":"info","message":"Swagger docs available at http://localhost:3000/api-docs","timestamp":"2025-12-22T10:28:50.273Z"}
{"context":"Mongoose","level":"info","message":"MongoDB connected","timestamp":"2025-12-22T10:29:26.664Z"}
{"context":"Bootstrap","level":"info","message":"Server running on http://localhost:3000 in development environment","timestamp":"2025-12-22T10:29:26.683Z"}
{"context":"Bootstrap","level":"info","message":"Swagger docs available at http://localhost:3000/api-docs","timestamp":"2025-12-22T10:29:26.684Z"}
{"context":"Mongoose","level":"info","message":"MongoDB connected","timestamp":"2025-12-22T10:29:46.953Z"}
{"context":"Bootstrap","level":"info","message":"Server running on http://localhost:3000 in development environment","timestamp":"2025-12-22T10:29:46.978Z"}
{"context":"Bootstrap","level":"info","message":"Swagger docs available at http://localhost:3000/api-docs","timestamp":"2025-12-22T10:29:46.980Z"}
{"context":"Mongoose","level":"info","message":"MongoDB connected","timestamp":"2025-12-22T10:30:11.064Z"}
{"context":"Bootstrap","level":"info","message":"Server running on http://localhost:3000 in development environment","timestamp":"2025-12-22T10:30:11.087Z"}
{"context":"Bootstrap","level":"info","message":"Swagger docs available at http://localhost:3000/api-docs","timestamp":"2025-12-22T10:30:11.088Z"}
{"context":"Mongoose","level":"info","message":"MongoDB connected","timestamp":"2025-12-22T10:30:29.103Z"}
{"context":"Bootstrap","level":"info","message":"Server running on http://localhost:3000 in development environment","timestamp":"2025-12-22T10:30:29.131Z"}
{"context":"Bootstrap","level":"info","message":"Swagger docs available at http://localhost:3000/api-docs","timestamp":"2025-12-22T10:30:29.132Z"}
{"context":"CollectorsService","level":"info","message":"logging in collector","timestamp":"2025-12-22T10:31:10.874Z"}
{"context":"CollectorController","level":"error","message":"Collector does not exist","timestamp":"2025-12-22T10:31:11.120Z"}
{"context":"CollectorsService","level":"info","message":"logging in collector","timestamp":"2025-12-22T10:31:18.561Z"}
{"context":"DropsService","level":"info","message":"Adding a drop offs","timestamp":"2025-12-22T10:32:53.363Z"}
{"context":"NotificationService","level":"info","message":"Sending a notification","timestamp":"2025-12-22T10:32:53.663Z"}
{"context":"Mongoose","level":"info","message":"MongoDB connected","timestamp":"2025-12-22T10:33:42.837Z"}
{"context":"Bootstrap","level":"info","message":"Server running on http://localhost:3000 in development environment","timestamp":"2025-12-22T10:33:42.854Z"}
{"context":"Bootstrap","level":"info","message":"Swagger docs available at http://localhost:3000/api-docs","timestamp":"2025-12-22T10:33:42.856Z"}
{"context":"DropsService","level":"info","message":"Adding a drop offs","timestamp":"2025-12-22T10:33:58.666Z"}
{"context":"NotificationService","level":"info","message":"Sending a notification","timestamp":"2025-12-22T10:33:58.953Z"}
{"context":"Mongoose","level":"info","message":"MongoDB connected","timestamp":"2025-12-22T10:34:51.364Z"}
{"context":"Bootstrap","level":"info","message":"Server running on http://localhost:3000 in development environment","timestamp":"2025-12-22T10:34:51.394Z"}
{"context":"Bootstrap","level":"info","message":"Swagger docs available at http://localhost:3000/api-docs","timestamp":"2025-12-22T10:34:51.395Z"}
{"context":"DropsService","level":"info","message":"Adding a drop offs","timestamp":"2025-12-22T10:35:00.076Z"}
{"context":"NotificationService","level":"info","message":"Sending a notification","timestamp":"2025-12-22T10:35:00.340Z"}
{"context":"Mongoose","level":"info","message":"MongoDB connected","timestamp":"2025-12-22T10:37:16.870Z"}
{"context":"Bootstrap","level":"info","message":"Server running on http://localhost:3000 in development environment","timestamp":"2025-12-22T10:37:16.904Z"}
{"context":"Bootstrap","level":"info","message":"Swagger docs available at http://localhost:3000/api-docs","timestamp":"2025-12-22T10:37:16.904Z"}
{"context":"Mongoose","level":"info","message":"MongoDB connected","timestamp":"2025-12-22T10:37:46.003Z"}
{"context":"Bootstrap","level":"info","message":"Server running on http://localhost:3000 in development environment","timestamp":"2025-12-22T10:37:46.033Z"}
{"context":"Bootstrap","level":"info","message":"Swagger docs available at http://localhost:3000/api-docs","timestamp":"2025-12-22T10:37:46.034Z"}
{"context":"DropsService","level":"info","message":"Adding a drop offs","timestamp":"2025-12-22T10:37:52.724Z"}
{"context":"NotificationService","level":"info","message":"Sending a notification","timestamp":"2025-12-22T10:37:52.994Z"}
{"context":"DropControllers","level":"error","message":"You are not authorized to verify this drop or it does not exist","timestamp":"2025-12-22T10:38:34.926Z"}
{"context":"Mongoose","level":"info","message":"MongoDB connected","timestamp":"2025-12-22T10:39:43.929Z"}
{"context":"Bootstrap","level":"info","message":"Server running on http://localhost:3000 in development environment","timestamp":"2025-12-22T10:39:43.944Z"}
{"context":"Bootstrap","level":"info","message":"Swagger docs available at http://localhost:3000/api-docs","timestamp":"2025-12-22T10:39:43.945Z"}
{"context":"NotificationService","level":"info","message":"Sending a notification","timestamp":"2025-12-22T10:39:53.161Z"}
{"context":"Mongoose","level":"info","message":"MongoDB connected","timestamp":"2025-12-22T10:42:19.727Z"}
{"context":"Bootstrap","level":"info","message":"Server running on http://localhost:3000 in development environment","timestamp":"2025-12-22T10:42:19.764Z"}
{"context":"Bootstrap","level":"info","message":"Swagger docs available at http://localhost:3000/api-docs","timestamp":"2025-12-22T10:42:19.766Z"}
{"context":"Mongoose","level":"info","message":"MongoDB connected","timestamp":"2025-12-22T10:42:39.054Z"}
{"context":"Bootstrap","level":"info","message":"Server running on http://localhost:3000 in development environment","timestamp":"2025-12-22T10:42:39.075Z"}
{"context":"Bootstrap","level":"info","message":"Swagger docs available at http://localhost:3000/api-docs","timestamp":"2025-12-22T10:42:39.076Z"}
{"context":"Mongoose","level":"info","message":"MongoDB connected","timestamp":"2025-12-22T10:43:09.089Z"}
{"context":"Bootstrap","level":"info","message":"Server running on http://localhost:3000 in development environment","timestamp":"2025-12-22T10:43:09.128Z"}
{"context":"Bootstrap","level":"info","message":"Swagger docs available at http://localhost:3000/api-docs","timestamp":"2025-12-22T10:43:09.131Z"}
{"context":"Mongoose","level":"info","message":"MongoDB connected","timestamp":"2025-12-22T10:45:52.550Z"}
{"context":"Bootstrap","level":"info","message":"Server running on http://localhost:3000 in development environment","timestamp":"2025-12-22T10:45:52.565Z"}
{"context":"Bootstrap","level":"info","message":"Swagger docs available at http://localhost:3000/api-docs","timestamp":"2025-12-22T10:45:52.566Z"}
{"context":"Mongoose","level":"info","message":"MongoDB connected","timestamp":"2025-12-22T10:46:23.965Z"}
{"context":"Bootstrap","level":"info","message":"Server running on http://localhost:3000 in development environment","timestamp":"2025-12-22T10:46:23.981Z"}
{"context":"Bootstrap","level":"info","message":"Swagger docs available at http://localhost:3000/api-docs","timestamp":"2025-12-22T10:46:23.982Z"}
{"context":"Mongoose","level":"info","message":"MongoDB connected","timestamp":"2025-12-22T10:46:51.315Z"}
{"context":"Bootstrap","level":"info","message":"Server running on http://localhost:3000 in development environment","timestamp":"2025-12-22T10:46:51.341Z"}
{"context":"Bootstrap","level":"info","message":"Swagger docs available at http://localhost:3000/api-docs","timestamp":"2025-12-22T10:46:51.342Z"}
{"context":"Mongoose","level":"info","message":"MongoDB connected","timestamp":"2025-12-22T10:48:42.243Z"}
{"context":"Bootstrap","level":"info","message":"Server running on http://localhost:3000 in development environment","timestamp":"2025-12-22T10:48:42.265Z"}
{"context":"Bootstrap","level":"info","message":"Swagger docs available at http://localhost:3000/api-docs","timestamp":"2025-12-22T10:48:42.270Z"}
{"context":"Mongoose","level":"info","message":"MongoDB connected","timestamp":"2025-12-22T10:48:57.040Z"}
{"context":"Bootstrap","level":"info","message":"Server running on http://localhost:3000 in development environment","timestamp":"2025-12-22T10:48:57.066Z"}
{"context":"Bootstrap","level":"info","message":"Swagger docs available at http://localhost:3000/api-docs","timestamp":"2025-12-22T10:48:57.071Z"}
{"context":"Mongoose","level":"info","message":"MongoDB connected","timestamp":"2025-12-22T10:49:33.276Z"}
{"context":"Bootstrap","level":"info","message":"Server running on http://localhost:3000 in development environment","timestamp":"2025-12-22T10:49:33.311Z"}
{"context":"Bootstrap","level":"info","message":"Swagger docs available at http://localhost:3000/api-docs","timestamp":"2025-12-22T10:49:33.318Z"}
{"context":"Mongoose","level":"info","message":"MongoDB connected","timestamp":"2025-12-22T10:51:16.844Z"}
{"context":"Bootstrap","level":"info","message":"Server running on http://localhost:3000 in development environment","timestamp":"2025-12-22T10:51:16.868Z"}
{"context":"Bootstrap","level":"info","message":"Swagger docs available at http://localhost:3000/api-docs","timestamp":"2025-12-22T10:51:16.869Z"}
{"context":"Mongoose","level":"info","message":"MongoDB connected","timestamp":"2025-12-22T10:52:50.605Z"}
{"context":"Bootstrap","level":"info","message":"Server running on http://localhost:3000 in development environment","timestamp":"2025-12-22T10:52:50.626Z"}
{"context":"Bootstrap","level":"info","message":"Swagger docs available at http://localhost:3000/api-docs","timestamp":"2025-12-22T10:52:50.627Z"}
{"context":"Mongoose","level":"error","message":"querySrv ECONNREFUSED _mongodb._tcp.cluster0.uyr1rdy.mongodb.net","timestamp":"2025-12-22T10:54:06.660Z"}
{"context":"Mongoose","level":"info","message":"MongoDB connected","timestamp":"2025-12-22T10:55:13.345Z"}
{"context":"Bootstrap","level":"info","message":"Server running on http://localhost:3000 in development environment","timestamp":"2025-12-22T10:55:13.361Z"}
{"context":"Bootstrap","level":"info","message":"Swagger docs available at http://localhost:3000/api-docs","timestamp":"2025-12-22T10:55:13.363Z"}
{"context":"Mongoose","level":"info","message":"MongoDB connected","timestamp":"2025-12-22T10:55:37.027Z"}
{"context":"Bootstrap","level":"info","message":"Server running on http://localhost:3000 in development environment","timestamp":"2025-12-22T10:55:37.056Z"}
{"context":"Bootstrap","level":"info","message":"Swagger docs available at http://localhost:3000/api-docs","timestamp":"2025-12-22T10:55:37.057Z"}
{"context":"Mongoose","level":"info","message":"MongoDB connected","timestamp":"2025-12-22T10:56:09.071Z"}
{"context":"Bootstrap","level":"info","message":"Server running on http://localhost:3000 in development environment","timestamp":"2025-12-22T10:56:09.087Z"}
{"context":"Bootstrap","level":"info","message":"Swagger docs available at http://localhost:3000/api-docs","timestamp":"2025-12-22T10:56:09.089Z"}
{"context":"Mongoose","level":"info","message":"MongoDB connected","timestamp":"2025-12-22T10:56:26.655Z"}
{"context":"Bootstrap","level":"info","message":"Server running on http://localhost:3000 in development environment","timestamp":"2025-12-22T10:56:26.670Z"}
{"context":"Bootstrap","level":"info","message":"Swagger docs available at http://localhost:3000/api-docs","timestamp":"2025-12-22T10:56:26.672Z"}
{"context":"Mongoose","level":"info","message":"MongoDB connected","timestamp":"2025-12-22T10:56:40.580Z"}
{"context":"Bootstrap","level":"info","message":"Server running on http://localhost:3000 in development environment","timestamp":"2025-12-22T10:56:40.598Z"}
{"context":"Bootstrap","level":"info","message":"Swagger docs available at http://localhost:3000/api-docs","timestamp":"2025-12-22T10:56:40.599Z"}
{"context":"AdminService","level":"info","message":"logging in admin","timestamp":"2025-12-22T10:58:14.804Z"}
{"context":"AdminController","level":"error","message":"Admin does not exist","timestamp":"2025-12-22T10:58:15.054Z"}
{"context":"AdminService","level":"info","message":"logging in admin","timestamp":"2025-12-22T10:58:44.967Z"}
{"context":"Mongoose","level":"info","message":"MongoDB connected","timestamp":"2025-12-22T11:00:29.893Z"}
{"context":"Bootstrap","level":"info","message":"Server running on http://localhost:3000 in development environment","timestamp":"2025-12-22T11:00:29.925Z"}
{"context":"Bootstrap","level":"info","message":"Swagger docs available at http://localhost:3000/api-docs","timestamp":"2025-12-22T11:00:29.926Z"}
{"context":"EventsService","level":"info","message":"Creating an event","timestamp":"2025-12-22T11:00:36.316Z"}
{"context":"NotificationService","level":"info","message":"Sending a notification","timestamp":"2025-12-22T11:00:36.762Z"}
{"context":"Mongoose","level":"info","message":"MongoDB connected","timestamp":"2025-12-22T11:02:09.147Z"}
{"context":"Bootstrap","level":"info","message":"Server running on http://localhost:3000 in development environment","timestamp":"2025-12-22T11:02:09.172Z"}
{"context":"Bootstrap","level":"info","message":"Swagger docs available at http://localhost:3000/api-docs","timestamp":"2025-12-22T11:02:09.187Z"}
{"context":"Mongoose","level":"info","message":"MongoDB connected","timestamp":"2025-12-22T11:02:41.883Z"}
{"context":"Bootstrap","level":"info","message":"Server running on http://localhost:3000 in development environment","timestamp":"2025-12-22T11:02:41.920Z"}
{"context":"Bootstrap","level":"info","message":"Swagger docs available at http://localhost:3000/api-docs","timestamp":"2025-12-22T11:02:41.925Z"}
