{"context":"Mongoose","level":"info","message":"MongoDB connected","timestamp":"2026-05-07T08:56:47.095Z"}
{"context":"Bootstrap","level":"info","message":"Server running on http://localhost:3000 in development environment","timestamp":"2026-05-07T08:56:47.153Z"}
{"context":"Bootstrap","level":"info","message":"Swagger docs available at http://localhost:3000/api-docs","timestamp":"2026-05-07T08:56:47.163Z"}
{"context":"CollectorsService","level":"info","message":"logging in collector","timestamp":"2026-05-07T08:58:01.806Z"}
{"context":"CollectorsService","level":"info","message":"Fetching collector profile","timestamp":"2026-05-07T08:58:04.376Z"}
{"context":"CollectorsService","level":"info","message":"Fetching collector profile","timestamp":"2026-05-07T08:58:04.836Z"}
{"context":"NotificationService","level":"info","message":"get list of notifications for user","timestamp":"2026-05-07T08:58:06.004Z"}
{"context":"CollectorsService","level":"info","message":"Getting collector stats","timestamp":"2026-05-07T08:58:06.030Z"}
{"context":"CenterService","level":"info","message":"Getting all centers","timestamp":"2026-05-07T08:58:06.055Z"}
{"context":"DropsService","level":"info","message":"get list of drop offs","timestamp":"2026-05-07T08:58:06.077Z"}
{"context":"NotificationService","level":"info","message":"get list of notifications for user","timestamp":"2026-05-07T08:58:06.403Z"}
{"context":"CenterService","level":"info","message":"Getting all centers","timestamp":"2026-05-07T08:58:06.407Z"}
{"context":"CollectorsService","level":"info","message":"Getting collector stats","timestamp":"2026-05-07T08:58:06.410Z"}
{"context":"DropsService","level":"info","message":"get list of drop offs","timestamp":"2026-05-07T08:58:06.782Z"}
{"context":"CenterService","level":"info","message":"Getting closest centers","timestamp":"2026-05-07T08:58:13.984Z"}
{"context":"CenterService","level":"info","message":"Getting closest centers","timestamp":"2026-05-07T08:58:14.258Z"}
{"context":"CenterService","level":"info","message":"Getting closest centers","timestamp":"2026-05-07T08:58:14.519Z"}
{"context":"CenterService","level":"info","message":"Getting closest centers","timestamp":"2026-05-07T08:58:14.770Z"}
{"context":"CollectorsService","level":"info","message":"Getting collector stats","timestamp":"2026-05-07T09:04:31.348Z"}
{"context":"CenterService","level":"info","message":"Getting all centers","timestamp":"2026-05-07T09:04:31.371Z"}
{"context":"CenterService","level":"info","message":"Getting closest centers","timestamp":"2026-05-07T09:04:31.393Z"}
{"context":"DropsService","level":"info","message":"get list of drop offs","timestamp":"2026-05-07T09:04:31.423Z"}
{"context":"CollectorsService","level":"info","message":"Getting collector stats","timestamp":"2026-05-07T09:04:32.128Z"}
{"context":"CenterService","level":"info","message":"Getting closest centers","timestamp":"2026-05-07T09:04:32.170Z"}
{"context":"CenterService","level":"info","message":"Getting closest centers","timestamp":"2026-05-07T09:04:32.449Z"}
{"context":"DropsService","level":"info","message":"get list of drop offs","timestamp":"2026-05-07T09:04:32.587Z"}
{"context":"CenterService","level":"info","message":"Getting closest centers","timestamp":"2026-05-07T09:04:33.036Z"}
{"context":"CenterService","level":"info","message":"Getting all centers","timestamp":"2026-05-07T09:04:33.946Z"}
{"context":"CenterService","level":"info","message":"Getting closest centers","timestamp":"2026-05-07T09:04:35.930Z"}
{"context":"CenterService","level":"info","message":"Getting closest centers","timestamp":"2026-05-07T09:04:36.180Z"}
{"context":"CenterService","level":"info","message":"Getting closest centers","timestamp":"2026-05-07T09:04:36.421Z"}
{"context":"CenterService","level":"info","message":"Getting closest centers","timestamp":"2026-05-07T09:04:36.679Z"}
{"context":"DropsService","level":"info","message":"Adding a drop offs","timestamp":"2026-05-07T09:05:31.839Z"}
{"context":"NotificationService","level":"info","message":"Sending a notification","timestamp":"2026-05-07T09:05:39.701Z"}
{"context":"NotificationService","level":"info","message":"Sending a notification","timestamp":"2026-05-07T09:05:40.004Z"}
{"context":"CollectorsService","level":"info","message":"Fetching collector profile","timestamp":"2026-05-07T09:05:51.012Z"}
{"context":"CollectorsService","level":"info","message":"Fetching collector profile","timestamp":"2026-05-07T09:05:51.257Z"}
{"context":"NotificationService","level":"info","message":"get list of notifications for user","timestamp":"2026-05-07T09:05:51.712Z"}
{"context":"CenterService","level":"info","message":"Getting all centers","timestamp":"2026-05-07T09:05:51.767Z"}
{"context":"CollectorsService","level":"info","message":"Getting collector stats","timestamp":"2026-05-07T09:05:51.784Z"}
{"context":"DropsService","level":"info","message":"get list of drop offs","timestamp":"2026-05-07T09:05:51.799Z"}
{"context":"NotificationService","level":"info","message":"get list of notifications for user","timestamp":"2026-05-07T09:05:52.286Z"}
{"context":"CollectorsService","level":"info","message":"Getting collector stats","timestamp":"2026-05-07T09:05:52.297Z"}
{"context":"CenterService","level":"info","message":"Getting all centers","timestamp":"2026-05-07T09:05:52.559Z"}
{"context":"DropsService","level":"info","message":"get list of drop offs","timestamp":"2026-05-07T09:05:52.573Z"}
{"context":"CenterService","level":"info","message":"Getting closest centers","timestamp":"2026-05-07T09:05:56.686Z"}
{"context":"CenterService","level":"info","message":"Getting closest centers","timestamp":"2026-05-07T09:05:57.137Z"}
{"context":"CenterService","level":"info","message":"Getting closest centers","timestamp":"2026-05-07T09:05:57.449Z"}
{"context":"CenterService","level":"info","message":"Getting closest centers","timestamp":"2026-05-07T09:05:57.802Z"}
{"context":"AdminService","level":"info","message":"logging in admin","timestamp":"2026-05-07T09:08:33.794Z"}
{"context":"Dashboard service","level":"info","message":"Getting dashboard graph stats","timestamp":"2026-05-07T09:08:37.897Z"}
{"context":"Dashboard service","level":"info","message":"Getting dashboard stats","timestamp":"2026-05-07T09:08:37.908Z"}
{"context":"Dashboard service","level":"info","message":"Getting dashboard graph stats","timestamp":"2026-05-07T09:08:38.203Z"}
{"context":"Dashboard service","level":"info","message":"Getting dashboard stats","timestamp":"2026-05-07T09:08:39.937Z"}
{"context":"CollectorManagement","level":"info","message":"Getting all collectors","timestamp":"2026-05-07T09:08:44.219Z"}
{"context":"CollectorManagement","level":"info","message":"Getting all collectors","timestamp":"2026-05-07T09:08:44.560Z"}
{"context":"CenterService","level":"info","message":"Getting all centers","timestamp":"2026-05-07T09:09:23.566Z"}
{"context":"CenterService","level":"info","message":"Getting all centers","timestamp":"2026-05-07T09:09:23.962Z"}
{"context":"CenterManagement","level":"info","message":"Updating center status","timestamp":"2026-05-07T09:10:29.026Z"}
{"context":"Logs service","level":"info","message":"Adding a new log","timestamp":"2026-05-07T09:10:29.953Z"}
{"context":"CenterService","level":"info","message":"Getting all centers","timestamp":"2026-05-07T09:10:43.670Z"}
{"context":"CenterService","level":"info","message":"Getting all centers","timestamp":"2026-05-07T09:10:46.039Z"}
{"context":"CenterService","level":"info","message":"Getting all centers","timestamp":"2026-05-07T09:19:04.008Z"}
{"context":"CenterService","level":"info","message":"Getting all centers","timestamp":"2026-05-07T09:19:04.247Z"}
{"context":"Dashboard service","level":"info","message":"Getting dashboard graph stats","timestamp":"2026-05-07T09:21:43.600Z"}
{"context":"Dashboard service","level":"info","message":"Getting dashboard graph stats","timestamp":"2026-05-07T09:21:43.836Z"}
{"context":"CollectorManagement","level":"info","message":"Getting all collectors","timestamp":"2026-05-07T09:22:38.999Z"}
{"context":"CollectorManagement","level":"info","message":"Getting all collectors","timestamp":"2026-05-07T09:22:39.234Z"}
{"context":"CenterService","level":"info","message":"Getting all centers","timestamp":"2026-05-07T09:23:02.743Z"}
{"context":"CenterService","level":"info","message":"Getting all centers","timestamp":"2026-05-07T09:23:02.993Z"}
{"context":"CollectorsService","level":"info","message":"logging in collector","timestamp":"2026-05-07T09:24:20.178Z"}
{"context":"CollectorsService","level":"info","message":"Fetching collector profile","timestamp":"2026-05-07T09:24:22.747Z"}
{"context":"CollectorsService","level":"info","message":"Fetching collector profile","timestamp":"2026-05-07T09:24:22.979Z"}
{"context":"NotificationService","level":"info","message":"get list of notifications for user","timestamp":"2026-05-07T09:24:23.359Z"}
{"context":"CollectorsService","level":"info","message":"Getting collector stats","timestamp":"2026-05-07T09:24:23.378Z"}
{"context":"CenterService","level":"info","message":"Getting all centers","timestamp":"2026-05-07T09:24:23.388Z"}
{"context":"DropsService","level":"info","message":"get list of drop offs","timestamp":"2026-05-07T09:24:23.401Z"}
{"context":"NotificationService","level":"info","message":"get list of notifications for user","timestamp":"2026-05-07T09:24:23.768Z"}
{"context":"CollectorsService","level":"info","message":"Getting collector stats","timestamp":"2026-05-07T09:24:23.780Z"}
{"context":"CenterService","level":"info","message":"Getting all centers","timestamp":"2026-05-07T09:24:23.816Z"}
{"context":"DropsService","level":"info","message":"get list of drop offs","timestamp":"2026-05-07T09:24:24.417Z"}
{"context":"CenterService","level":"info","message":"Getting closest centers","timestamp":"2026-05-07T09:24:28.148Z"}
{"context":"CenterService","level":"info","message":"Getting closest centers","timestamp":"2026-05-07T09:24:28.417Z"}
{"context":"CenterService","level":"info","message":"Getting closest centers","timestamp":"2026-05-07T09:24:28.681Z"}
{"context":"CenterService","level":"info","message":"Getting closest centers","timestamp":"2026-05-07T09:24:29.043Z"}
