{"context":"Mongoose","level":"info","message":"MongoDB connected","timestamp":"2026-04-28T06:58:43.678Z"}
{"context":"Bootstrap","level":"info","message":"Server running on http://localhost:3000 in development environment","timestamp":"2026-04-28T06:58:43.825Z"}
{"context":"Bootstrap","level":"info","message":"Swagger docs available at http://localhost:3000/api-docs","timestamp":"2026-04-28T06:58:44.279Z"}
{"context":"Mongoose","level":"info","message":"MongoDB connected","timestamp":"2026-04-28T07:12:48.131Z"}
{"context":"Bootstrap","level":"info","message":"Server running on http://localhost:3000 in development environment","timestamp":"2026-04-28T07:12:48.163Z"}
{"context":"Bootstrap","level":"info","message":"Swagger docs available at http://localhost:3000/api-docs","timestamp":"2026-04-28T07:12:48.175Z"}
{"context":"Mongoose","level":"info","message":"MongoDB connected","timestamp":"2026-04-28T07:27:29.735Z"}
{"context":"Bootstrap","level":"info","message":"Server running on http://localhost:3000 in development environment","timestamp":"2026-04-28T07:27:29.765Z"}
{"context":"Bootstrap","level":"info","message":"Swagger docs available at http://localhost:3000/api-docs","timestamp":"2026-04-28T07:27:29.768Z"}
{"context":"Mongoose","level":"info","message":"MongoDB connected","timestamp":"2026-04-28T07:27:58.136Z"}
{"context":"Bootstrap","level":"info","message":"Server running on http://localhost:3000 in development environment","timestamp":"2026-04-28T07:27:58.163Z"}
{"context":"Bootstrap","level":"info","message":"Swagger docs available at http://localhost:3000/api-docs","timestamp":"2026-04-28T07:27:58.165Z"}
{"context":"Mongoose","level":"info","message":"MongoDB connected","timestamp":"2026-04-28T07:31:16.143Z"}
{"context":"Bootstrap","level":"info","message":"Server running on http://localhost:3000 in development environment","timestamp":"2026-04-28T07:31:16.178Z"}
{"context":"Bootstrap","level":"info","message":"Swagger docs available at http://localhost:3000/api-docs","timestamp":"2026-04-28T07:31:16.182Z"}
{"context":"Mongoose","level":"info","message":"MongoDB connected","timestamp":"2026-04-28T07:37:18.134Z"}
{"context":"Bootstrap","level":"info","message":"Server running on http://localhost:3000 in development environment","timestamp":"2026-04-28T07:37:18.155Z"}
{"context":"Bootstrap","level":"info","message":"Swagger docs available at http://localhost:3000/api-docs","timestamp":"2026-04-28T07:37:18.156Z"}
{"context":"Mongoose","level":"info","message":"MongoDB connected","timestamp":"2026-04-28T07:37:34.626Z"}
{"context":"Bootstrap","level":"info","message":"Server running on http://localhost:3000 in development environment","timestamp":"2026-04-28T07:37:34.645Z"}
{"context":"Bootstrap","level":"info","message":"Swagger docs available at http://localhost:3000/api-docs","timestamp":"2026-04-28T07:37:34.646Z"}
{"context":"Mongoose","level":"info","message":"MongoDB connected","timestamp":"2026-04-28T07:38:25.425Z"}
{"context":"Bootstrap","level":"info","message":"Server running on http://localhost:3000 in development environment","timestamp":"2026-04-28T07:38:25.441Z"}
{"context":"Bootstrap","level":"info","message":"Swagger docs available at http://localhost:3000/api-docs","timestamp":"2026-04-28T07:38:25.442Z"}
{"context":"Mongoose","level":"info","message":"MongoDB connected","timestamp":"2026-04-28T07:38:58.625Z"}
{"context":"Bootstrap","level":"info","message":"Server running on http://localhost:3000 in development environment","timestamp":"2026-04-28T07:38:58.647Z"}
{"context":"Bootstrap","level":"info","message":"Swagger docs available at http://localhost:3000/api-docs","timestamp":"2026-04-28T07:38:58.653Z"}
{"context":"Mongoose","level":"info","message":"MongoDB connected","timestamp":"2026-04-28T07:41:19.059Z"}
{"context":"Bootstrap","level":"info","message":"Server running on http://localhost:3000 in development environment","timestamp":"2026-04-28T07:41:19.088Z"}
{"context":"Bootstrap","level":"info","message":"Swagger docs available at http://localhost:3000/api-docs","timestamp":"2026-04-28T07:41:19.089Z"}
{"context":"CenterService","level":"info","message":"Registering center","timestamp":"2026-04-28T07:42:24.911Z"}
{"context":"CenterController","level":"error","message":"Unexpected token 'P', \"PET,PP\" is not valid JSON","timestamp":"2026-04-28T07:42:24.915Z"}
{"context":"CenterService","level":"info","message":"Registering center","timestamp":"2026-04-28T07:42:58.538Z"}
{"context":"CenterController","level":"error","message":"Unexpected token 'P', \"PET, PP\" is not valid JSON","timestamp":"2026-04-28T07:42:58.539Z"}
{"context":"CenterService","level":"info","message":"Registering center","timestamp":"2026-04-28T08:02:37.892Z"}
{"context":"CenterController","level":"error","message":"Center already exists","timestamp":"2026-04-28T08:02:38.137Z"}
{"context":"CenterService","level":"info","message":"Registering center","timestamp":"2026-04-28T08:03:15.564Z"}
{"context":"Logs service","level":"info","message":"Adding a new log","timestamp":"2026-04-28T08:03:16.225Z"}
{"context":"CenterService","level":"info","message":"Fetching center profile","timestamp":"2026-04-28T08:03:18.851Z"}
{"context":"CenterService","level":"info","message":"Fetching center profile","timestamp":"2026-04-28T08:03:19.132Z"}
{"context":"NotificationService","level":"info","message":"get list of notifications for user","timestamp":"2026-04-28T08:03:20.294Z"}
{"context":"CenterService","level":"info","message":"get center stats","timestamp":"2026-04-28T08:03:20.309Z"}
{"context":"DropsService","level":"info","message":"get list of drop offs","timestamp":"2026-04-28T08:03:20.333Z"}
{"context":"NotificationService","level":"info","message":"get list of notifications for user","timestamp":"2026-04-28T08:03:20.551Z"}
{"context":"DropControllers","level":"error","message":"No drops found","timestamp":"2026-04-28T08:03:20.759Z"}
{"context":"DropsService","level":"info","message":"get list of drop offs","timestamp":"2026-04-28T08:03:20.774Z"}
{"context":"DropControllers","level":"error","message":"No drops found","timestamp":"2026-04-28T08:03:20.980Z"}
{"context":"CenterService","level":"info","message":"get center stats","timestamp":"2026-04-28T08:03:23.759Z"}
{"context":"Mongoose","level":"info","message":"MongoDB connected","timestamp":"2026-04-28T08:05:54.182Z"}
{"context":"Bootstrap","level":"info","message":"Server running on http://localhost:3000 in development environment","timestamp":"2026-04-28T08:05:54.208Z"}
{"context":"Bootstrap","level":"info","message":"Swagger docs available at http://localhost:3000/api-docs","timestamp":"2026-04-28T08:05:54.209Z"}
{"context":"CenterService","level":"info","message":"Fetching center profile","timestamp":"2026-04-28T08:06:06.840Z"}
{"context":"CenterController","level":"error","message":"Center not found","timestamp":"2026-04-28T08:06:07.167Z"}
{"context":"CenterService","level":"info","message":"Fetching center profile","timestamp":"2026-04-28T08:06:07.187Z"}
{"context":"NotificationService","level":"info","message":"get list of notifications for user","timestamp":"2026-04-28T08:06:07.402Z"}
{"context":"CenterController","level":"error","message":"Center not found","timestamp":"2026-04-28T08:06:07.495Z"}
{"context":"NotificationService","level":"info","message":"get list of notifications for user","timestamp":"2026-04-28T08:06:07.734Z"}
{"context":"CenterService","level":"info","message":"Registering center","timestamp":"2026-04-28T08:06:56.801Z"}
{"context":"Logs service","level":"info","message":"Adding a new log","timestamp":"2026-04-28T08:06:57.431Z"}
{"context":"CenterService","level":"info","message":"Fetching center profile","timestamp":"2026-04-28T08:06:59.966Z"}
{"context":"CenterService","level":"info","message":"Fetching center profile","timestamp":"2026-04-28T08:07:00.420Z"}
{"context":"NotificationService","level":"info","message":"get list of notifications for user","timestamp":"2026-04-28T08:07:00.793Z"}
{"context":"CenterService","level":"info","message":"get center stats","timestamp":"2026-04-28T08:07:00.815Z"}
{"context":"DropsService","level":"info","message":"get list of drop offs","timestamp":"2026-04-28T08:07:00.849Z"}
{"context":"NotificationService","level":"info","message":"get list of notifications for user","timestamp":"2026-04-28T08:07:01.186Z"}
{"context":"DropControllers","level":"error","message":"No drops found","timestamp":"2026-04-28T08:07:01.550Z"}
{"context":"DropsService","level":"info","message":"get list of drop offs","timestamp":"2026-04-28T08:07:01.586Z"}
{"context":"DropControllers","level":"error","message":"No drops found","timestamp":"2026-04-28T08:07:02.150Z"}
{"context":"CenterService","level":"info","message":"get center stats","timestamp":"2026-04-28T08:07:03.053Z"}
{"context":"CenterService","level":"info","message":"Registering center","timestamp":"2026-04-28T08:11:31.032Z"}
{"context":"Logs service","level":"info","message":"Adding a new log","timestamp":"2026-04-28T08:11:34.223Z"}
{"context":"CenterService","level":"info","message":"Fetching center profile","timestamp":"2026-04-28T08:11:36.833Z"}
{"context":"CenterService","level":"info","message":"Fetching center profile","timestamp":"2026-04-28T08:11:37.211Z"}
{"context":"NotificationService","level":"info","message":"get list of notifications for user","timestamp":"2026-04-28T08:11:37.437Z"}
{"context":"CenterService","level":"info","message":"get center stats","timestamp":"2026-04-28T08:11:37.447Z"}
{"context":"DropsService","level":"info","message":"get list of drop offs","timestamp":"2026-04-28T08:11:37.465Z"}
{"context":"NotificationService","level":"info","message":"get list of notifications for user","timestamp":"2026-04-28T08:11:37.749Z"}
{"context":"DropControllers","level":"error","message":"No drops found","timestamp":"2026-04-28T08:11:45.389Z"}
{"context":"DropsService","level":"info","message":"get list of drop offs","timestamp":"2026-04-28T08:11:45.395Z"}
{"context":"CenterService","level":"info","message":"get center stats","timestamp":"2026-04-28T08:11:45.439Z"}
{"context":"DropControllers","level":"error","message":"No drops found","timestamp":"2026-04-28T08:11:45.620Z"}
{"context":"CenterService","level":"info","message":"Fetching center profile","timestamp":"2026-04-28T08:12:41.634Z"}
{"context":"CenterService","level":"info","message":"Fetching center profile","timestamp":"2026-04-28T08:12:41.944Z"}
{"context":"CenterService","level":"info","message":"get center stats","timestamp":"2026-04-28T08:12:42.239Z"}
{"context":"NotificationService","level":"info","message":"get list of notifications for user","timestamp":"2026-04-28T08:12:42.264Z"}
{"context":"DropsService","level":"info","message":"get list of drop offs","timestamp":"2026-04-28T08:12:42.277Z"}
{"context":"DropControllers","level":"error","message":"No drops found","timestamp":"2026-04-28T08:12:42.568Z"}
{"context":"CenterService","level":"info","message":"get center stats","timestamp":"2026-04-28T08:12:42.574Z"}
{"context":"NotificationService","level":"info","message":"get list of notifications for user","timestamp":"2026-04-28T08:12:42.587Z"}
{"context":"DropsService","level":"info","message":"get list of drop offs","timestamp":"2026-04-28T08:12:42.591Z"}
{"context":"DropControllers","level":"error","message":"No drops found","timestamp":"2026-04-28T08:12:43.141Z"}
{"context":"CenterService","level":"info","message":"Fetching center profile","timestamp":"2026-04-28T08:33:49.127Z"}
{"context":"CenterService","level":"info","message":"Fetching center profile","timestamp":"2026-04-28T08:33:49.368Z"}
{"context":"NotificationService","level":"info","message":"get list of notifications for user","timestamp":"2026-04-28T08:33:49.435Z"}
{"context":"NotificationService","level":"info","message":"get list of notifications for user","timestamp":"2026-04-28T08:33:49.659Z"}
{"context":"CenterService","level":"info","message":"Fetching center profile","timestamp":"2026-04-28T08:39:42.124Z"}
{"context":"CenterService","level":"info","message":"Fetching center profile","timestamp":"2026-04-28T08:39:42.504Z"}
{"context":"NotificationService","level":"info","message":"get list of notifications for user","timestamp":"2026-04-28T08:39:42.692Z"}
{"context":"NotificationService","level":"info","message":"get list of notifications for user","timestamp":"2026-04-28T08:39:43.113Z"}
{"context":"Mongoose","level":"info","message":"MongoDB connected","timestamp":"2026-04-28T09:10:22.968Z"}
{"context":"Bootstrap","level":"info","message":"Server running on http://localhost:3000 in development environment","timestamp":"2026-04-28T09:10:22.984Z"}
{"context":"Bootstrap","level":"info","message":"Swagger docs available at http://localhost:3000/api-docs","timestamp":"2026-04-28T09:10:22.984Z"}
{"context":"Mongoose","level":"info","message":"MongoDB connected","timestamp":"2026-04-28T09:10:57.196Z"}
{"context":"Bootstrap","level":"info","message":"Server running on http://localhost:3000 in development environment","timestamp":"2026-04-28T09:10:57.214Z"}
{"context":"Bootstrap","level":"info","message":"Swagger docs available at http://localhost:3000/api-docs","timestamp":"2026-04-28T09:10:57.214Z"}
{"context":"Mongoose","level":"info","message":"MongoDB connected","timestamp":"2026-04-28T09:12:17.729Z"}
{"context":"Bootstrap","level":"info","message":"Server running on http://localhost:3000 in development environment","timestamp":"2026-04-28T09:12:17.783Z"}
{"context":"Bootstrap","level":"info","message":"Swagger docs available at http://localhost:3000/api-docs","timestamp":"2026-04-28T09:12:17.801Z"}
{"context":"Mongoose","level":"info","message":"MongoDB connected","timestamp":"2026-04-28T09:12:53.160Z"}
{"context":"Bootstrap","level":"info","message":"Server running on http://localhost:3000 in development environment","timestamp":"2026-04-28T09:12:53.186Z"}
{"context":"Bootstrap","level":"info","message":"Swagger docs available at http://localhost:3000/api-docs","timestamp":"2026-04-28T09:12:53.187Z"}
{"context":"Mongoose","level":"info","message":"MongoDB connected","timestamp":"2026-04-28T09:13:20.096Z"}
{"context":"Bootstrap","level":"info","message":"Server running on http://localhost:3000 in development environment","timestamp":"2026-04-28T09:13:20.119Z"}
{"context":"Bootstrap","level":"info","message":"Swagger docs available at http://localhost:3000/api-docs","timestamp":"2026-04-28T09:13:20.120Z"}
{"context":"Mongoose","level":"info","message":"MongoDB connected","timestamp":"2026-04-28T09:16:09.204Z"}
{"context":"Bootstrap","level":"info","message":"Server running on http://localhost:3000 in development environment","timestamp":"2026-04-28T09:16:09.239Z"}
{"context":"Bootstrap","level":"info","message":"Swagger docs available at http://localhost:3000/api-docs","timestamp":"2026-04-28T09:16:09.240Z"}
{"context":"Mongoose","level":"info","message":"MongoDB connected","timestamp":"2026-04-28T09:16:33.908Z"}
{"context":"Bootstrap","level":"info","message":"Server running on http://localhost:3000 in development environment","timestamp":"2026-04-28T09:16:33.936Z"}
{"context":"Bootstrap","level":"info","message":"Swagger docs available at http://localhost:3000/api-docs","timestamp":"2026-04-28T09:16:33.936Z"}
{"context":"Mongoose","level":"info","message":"MongoDB connected","timestamp":"2026-04-28T09:16:47.372Z"}
{"context":"Bootstrap","level":"info","message":"Server running on http://localhost:3000 in development environment","timestamp":"2026-04-28T09:16:47.467Z"}
{"context":"Bootstrap","level":"info","message":"Swagger docs available at http://localhost:3000/api-docs","timestamp":"2026-04-28T09:16:47.519Z"}
{"context":"Mongoose","level":"info","message":"MongoDB connected","timestamp":"2026-04-28T09:17:08.370Z"}
{"context":"Bootstrap","level":"info","message":"Server running on http://localhost:3000 in development environment","timestamp":"2026-04-28T09:17:08.413Z"}
{"context":"Bootstrap","level":"info","message":"Swagger docs available at http://localhost:3000/api-docs","timestamp":"2026-04-28T09:17:08.430Z"}
{"context":"Mongoose","level":"info","message":"MongoDB connected","timestamp":"2026-04-28T09:17:24.467Z"}
{"context":"Bootstrap","level":"info","message":"Server running on http://localhost:3000 in development environment","timestamp":"2026-04-28T09:17:24.485Z"}
{"context":"Bootstrap","level":"info","message":"Swagger docs available at http://localhost:3000/api-docs","timestamp":"2026-04-28T09:17:24.486Z"}
{"context":"Mongoose","level":"info","message":"MongoDB connected","timestamp":"2026-04-28T09:18:08.057Z"}
{"context":"Bootstrap","level":"info","message":"Server running on http://localhost:3000 in development environment","timestamp":"2026-04-28T09:18:08.074Z"}
{"context":"Bootstrap","level":"info","message":"Swagger docs available at http://localhost:3000/api-docs","timestamp":"2026-04-28T09:18:08.075Z"}
{"context":"Mongoose","level":"info","message":"MongoDB connected","timestamp":"2026-04-28T09:18:57.297Z"}
{"context":"Bootstrap","level":"info","message":"Server running on http://localhost:3000 in development environment","timestamp":"2026-04-28T09:18:57.323Z"}
{"context":"Bootstrap","level":"info","message":"Swagger docs available at http://localhost:3000/api-docs","timestamp":"2026-04-28T09:18:57.324Z"}
{"context":"Mongoose","level":"info","message":"MongoDB connected","timestamp":"2026-04-28T09:19:12.500Z"}
{"context":"Bootstrap","level":"info","message":"Server running on http://localhost:3000 in development environment","timestamp":"2026-04-28T09:19:12.543Z"}
{"context":"Bootstrap","level":"info","message":"Swagger docs available at http://localhost:3000/api-docs","timestamp":"2026-04-28T09:19:12.553Z"}
{"context":"Mongoose","level":"info","message":"MongoDB connected","timestamp":"2026-04-28T09:19:24.052Z"}
{"context":"Bootstrap","level":"info","message":"Server running on http://localhost:3000 in development environment","timestamp":"2026-04-28T09:19:24.072Z"}
{"context":"Bootstrap","level":"info","message":"Swagger docs available at http://localhost:3000/api-docs","timestamp":"2026-04-28T09:19:24.074Z"}
{"context":"Mongoose","level":"info","message":"MongoDB connected","timestamp":"2026-04-28T09:20:25.976Z"}
{"context":"Bootstrap","level":"info","message":"Server running on http://localhost:3000 in development environment","timestamp":"2026-04-28T09:20:25.992Z"}
{"context":"Bootstrap","level":"info","message":"Swagger docs available at http://localhost:3000/api-docs","timestamp":"2026-04-28T09:20:25.992Z"}
{"context":"CenterService","level":"info","message":"Registering center","timestamp":"2026-04-28T09:21:33.249Z"}
{"context":"Logs service","level":"info","message":"Adding a new log","timestamp":"2026-04-28T09:21:35.174Z"}
{"context":"CenterService","level":"info","message":"Fetching center profile","timestamp":"2026-04-28T09:21:37.672Z"}
{"context":"CenterService","level":"info","message":"Fetching center profile","timestamp":"2026-04-28T09:21:37.939Z"}
{"context":"NotificationService","level":"info","message":"get list of notifications for user","timestamp":"2026-04-28T09:21:38.201Z"}
{"context":"CenterService","level":"info","message":"get center stats","timestamp":"2026-04-28T09:21:38.221Z"}
{"context":"DropsService","level":"info","message":"get list of drop offs","timestamp":"2026-04-28T09:21:38.254Z"}
{"context":"NotificationService","level":"info","message":"get list of notifications for user","timestamp":"2026-04-28T09:21:38.543Z"}
{"context":"DropControllers","level":"error","message":"No drops found","timestamp":"2026-04-28T09:21:38.755Z"}
{"context":"DropsService","level":"info","message":"get list of drop offs","timestamp":"2026-04-28T09:21:38.772Z"}
{"context":"DropControllers","level":"error","message":"No drops found","timestamp":"2026-04-28T09:21:39.089Z"}
{"context":"CenterService","level":"info","message":"get center stats","timestamp":"2026-04-28T09:21:40.632Z"}
{"context":"Mongoose","level":"info","message":"MongoDB connected","timestamp":"2026-04-28T09:26:30.947Z"}
{"context":"Bootstrap","level":"info","message":"Server running on http://localhost:3000 in development environment","timestamp":"2026-04-28T09:26:30.983Z"}
{"context":"Bootstrap","level":"info","message":"Swagger docs available at http://localhost:3000/api-docs","timestamp":"2026-04-28T09:26:30.984Z"}
{"context":"NotificationService","level":"info","message":"get list of notifications for user","timestamp":"2026-04-28T09:27:25.089Z"}
{"context":"NotificationService","level":"info","message":"get list of notifications for user","timestamp":"2026-04-28T09:27:25.335Z"}
{"context":"CenterService","level":"info","message":"Logging in center","timestamp":"2026-04-28T09:28:38.106Z"}
{"context":"CenterController","level":"error","message":"Center not verified","timestamp":"2026-04-28T09:28:38.316Z"}
{"context":"CenterService","level":"info","message":"Logging in center","timestamp":"2026-04-28T09:29:04.813Z"}
{"context":"CenterService","level":"info","message":"Fetching center profile","timestamp":"2026-04-28T09:29:07.652Z"}
{"context":"CenterService","level":"info","message":"Fetching center profile","timestamp":"2026-04-28T09:29:07.998Z"}
{"context":"CenterService","level":"info","message":"get center stats","timestamp":"2026-04-28T09:29:09.803Z"}
{"context":"DropsService","level":"info","message":"get list of drop offs","timestamp":"2026-04-28T09:29:09.823Z"}
{"context":"NotificationService","level":"info","message":"get list of notifications for user","timestamp":"2026-04-28T09:29:09.836Z"}
{"context":"CenterService","level":"info","message":"get center stats","timestamp":"2026-04-28T09:29:10.381Z"}
{"context":"DropControllers","level":"error","message":"No drops found","timestamp":"2026-04-28T09:29:12.794Z"}
{"context":"NotificationService","level":"info","message":"get list of notifications for user","timestamp":"2026-04-28T09:29:13.110Z"}
{"context":"DropsService","level":"info","message":"get list of drop offs","timestamp":"2026-04-28T09:29:13.122Z"}
{"context":"DropControllers","level":"error","message":"No drops found","timestamp":"2026-04-28T09:29:13.410Z"}
{"context":"CenterController","level":"error","message":"Image file is required","timestamp":"2026-04-28T09:29:41.261Z"}
{"context":"CenterService","level":"info","message":"Fetching center profile","timestamp":"2026-04-28T09:32:16.875Z"}
{"context":"CenterService","level":"info","message":"Fetching center profile","timestamp":"2026-04-28T09:32:17.133Z"}
{"context":"NotificationService","level":"info","message":"get list of notifications for user","timestamp":"2026-04-28T09:32:17.419Z"}
{"context":"NotificationService","level":"info","message":"get list of notifications for user","timestamp":"2026-04-28T09:32:17.642Z"}
{"context":"CenterService","level":"info","message":"Fetching center profile","timestamp":"2026-04-28T09:39:53.306Z"}
{"context":"CenterService","level":"info","message":"Fetching center profile","timestamp":"2026-04-28T09:39:53.533Z"}
{"context":"NotificationService","level":"info","message":"get list of notifications for user","timestamp":"2026-04-28T09:39:53.906Z"}
{"context":"NotificationService","level":"info","message":"get list of notifications for user","timestamp":"2026-04-28T09:39:54.129Z"}
{"context":"Mongoose","level":"info","message":"MongoDB connected","timestamp":"2026-04-28T09:40:38.276Z"}
{"context":"Bootstrap","level":"info","message":"Server running on http://localhost:3000 in development environment","timestamp":"2026-04-28T09:40:38.330Z"}
{"context":"Bootstrap","level":"info","message":"Swagger docs available at http://localhost:3000/api-docs","timestamp":"2026-04-28T09:40:38.332Z"}
{"context":"CenterService","level":"info","message":"Fetching center profile","timestamp":"2026-04-28T09:41:34.237Z"}
{"context":"CenterService","level":"info","message":"Fetching center profile","timestamp":"2026-04-28T09:41:34.488Z"}
{"context":"NotificationService","level":"info","message":"get list of notifications for user","timestamp":"2026-04-28T09:41:34.821Z"}
{"context":"NotificationService","level":"info","message":"get list of notifications for user","timestamp":"2026-04-28T09:41:35.051Z"}
{"context":"CenterService","level":"info","message":"Fetching center profile","timestamp":"2026-04-28T09:45:26.444Z"}
{"context":"CenterService","level":"info","message":"Fetching center profile","timestamp":"2026-04-28T09:45:26.668Z"}
{"context":"NotificationService","level":"info","message":"get list of notifications for user","timestamp":"2026-04-28T09:45:26.996Z"}
{"context":"NotificationService","level":"info","message":"get list of notifications for user","timestamp":"2026-04-28T09:45:27.211Z"}
{"context":"CenterService","level":"info","message":"Fetching center profile","timestamp":"2026-04-28T09:45:51.850Z"}
{"context":"CenterService","level":"info","message":"Fetching center profile","timestamp":"2026-04-28T09:45:52.093Z"}
{"context":"NotificationService","level":"info","message":"get list of notifications for user","timestamp":"2026-04-28T09:45:52.419Z"}
{"context":"NotificationService","level":"info","message":"get list of notifications for user","timestamp":"2026-04-28T09:45:52.734Z"}
{"context":"Mongoose","level":"info","message":"MongoDB connected","timestamp":"2026-04-28T09:47:07.290Z"}
{"context":"Bootstrap","level":"info","message":"Server running on http://localhost:3000 in development environment","timestamp":"2026-04-28T09:47:07.319Z"}
{"context":"Bootstrap","level":"info","message":"Swagger docs available at http://localhost:3000/api-docs","timestamp":"2026-04-28T09:47:07.320Z"}
{"context":"CenterService","level":"info","message":"Fetching center profile","timestamp":"2026-04-28T09:47:42.242Z"}
{"context":"CenterService","level":"info","message":"Fetching center profile","timestamp":"2026-04-28T09:47:42.778Z"}
{"context":"NotificationService","level":"info","message":"get list of notifications for user","timestamp":"2026-04-28T09:47:43.082Z"}
{"context":"NotificationService","level":"info","message":"get list of notifications for user","timestamp":"2026-04-28T09:47:43.633Z"}
{"context":"CenterService","level":"info","message":"Deleting center","timestamp":"2026-04-28T09:47:49.975Z"}
{"context":"Logs service","level":"info","message":"Adding a new log","timestamp":"2026-04-28T09:47:50.674Z"}
{"context":"Mongoose","level":"info","message":"MongoDB connected","timestamp":"2026-04-28T10:02:39.351Z"}
{"context":"Bootstrap","level":"info","message":"Server running on http://localhost:3000 in development environment","timestamp":"2026-04-28T10:02:39.391Z"}
{"context":"Bootstrap","level":"info","message":"Swagger docs available at http://localhost:3000/api-docs","timestamp":"2026-04-28T10:02:39.392Z"}
{"context":"CenterService","level":"info","message":"Logging in center","timestamp":"2026-04-28T10:08:23.577Z"}
{"context":"CenterController","level":"error","message":"Center not found","timestamp":"2026-04-28T10:08:24.115Z"}
{"context":"CenterService","level":"info","message":"Logging in center","timestamp":"2026-04-28T10:09:07.316Z"}
{"context":"CenterService","level":"info","message":"Fetching center profile","timestamp":"2026-04-28T10:09:09.988Z"}
{"context":"CenterService","level":"info","message":"Fetching center profile","timestamp":"2026-04-28T10:09:11.036Z"}
{"context":"NotificationService","level":"info","message":"get list of notifications for user","timestamp":"2026-04-28T10:09:11.428Z"}
{"context":"CenterService","level":"info","message":"get center stats","timestamp":"2026-04-28T10:09:11.510Z"}
{"context":"DropsService","level":"info","message":"get list of drop offs","timestamp":"2026-04-28T10:09:11.578Z"}
{"context":"NotificationService","level":"info","message":"get list of notifications for user","timestamp":"2026-04-28T10:09:11.806Z"}
{"context":"DropsService","level":"info","message":"get list of drop offs","timestamp":"2026-04-28T10:09:12.669Z"}
{"context":"CenterService","level":"info","message":"get center stats","timestamp":"2026-04-28T10:09:13.899Z"}
{"context":"CenterController","level":"error","message":"updatedCenter is not defined","timestamp":"2026-04-28T10:09:36.891Z"}
{"context":"Mongoose","level":"info","message":"MongoDB connected","timestamp":"2026-04-28T10:10:14.139Z"}
{"context":"Bootstrap","level":"info","message":"Server running on http://localhost:3000 in development environment","timestamp":"2026-04-28T10:10:14.167Z"}
{"context":"Bootstrap","level":"info","message":"Swagger docs available at http://localhost:3000/api-docs","timestamp":"2026-04-28T10:10:14.170Z"}
{"context":"Mongoose","level":"info","message":"MongoDB connected","timestamp":"2026-04-28T10:11:32.624Z"}
{"context":"Bootstrap","level":"info","message":"Server running on http://localhost:3000 in development environment","timestamp":"2026-04-28T10:11:32.647Z"}
{"context":"Bootstrap","level":"info","message":"Swagger docs available at http://localhost:3000/api-docs","timestamp":"2026-04-28T10:11:32.648Z"}
{"context":"CenterService","level":"info","message":"Fetching center profile","timestamp":"2026-04-28T10:11:58.321Z"}
{"context":"CenterService","level":"info","message":"Fetching center profile","timestamp":"2026-04-28T10:11:58.590Z"}
{"context":"NotificationService","level":"info","message":"get list of notifications for user","timestamp":"2026-04-28T10:11:58.890Z"}
{"context":"NotificationService","level":"info","message":"get list of notifications for user","timestamp":"2026-04-28T10:11:59.191Z"}
{"context":"CenterService","level":"info","message":"Fetching center profile","timestamp":"2026-04-28T10:13:21.318Z"}
{"context":"CenterService","level":"info","message":"Fetching center profile","timestamp":"2026-04-28T10:13:21.575Z"}
{"context":"NotificationService","level":"info","message":"get list of notifications for user","timestamp":"2026-04-28T10:13:21.854Z"}
{"context":"NotificationService","level":"info","message":"get list of notifications for user","timestamp":"2026-04-28T10:13:22.085Z"}
{"context":"CenterController","level":"error","message":"Image file is required","timestamp":"2026-04-28T10:13:25.494Z"}
{"context":"CenterService","level":"info","message":"Fetching center profile","timestamp":"2026-04-28T10:19:32.117Z"}
{"context":"CenterService","level":"info","message":"Fetching center profile","timestamp":"2026-04-28T10:19:32.349Z"}
{"context":"NotificationService","level":"info","message":"get list of notifications for user","timestamp":"2026-04-28T10:19:32.507Z"}
{"context":"NotificationService","level":"info","message":"get list of notifications for user","timestamp":"2026-04-28T10:19:32.736Z"}
{"context":"CenterService","level":"info","message":"Fetching center profile","timestamp":"2026-04-28T10:20:44.002Z"}
{"context":"CenterService","level":"info","message":"Fetching center profile","timestamp":"2026-04-28T10:20:48.712Z"}
{"context":"NotificationService","level":"info","message":"get list of notifications for user","timestamp":"2026-04-28T10:20:49.033Z"}
{"context":"NotificationService","level":"info","message":"get list of notifications for user","timestamp":"2026-04-28T10:20:49.686Z"}
{"context":"Mongoose","level":"info","message":"MongoDB connected","timestamp":"2026-04-28T16:52:03.239Z"}
{"context":"Bootstrap","level":"info","message":"Server running on http://localhost:3000 in development environment","timestamp":"2026-04-28T16:52:03.267Z"}
{"context":"Bootstrap","level":"info","message":"Swagger docs available at http://localhost:3000/api-docs","timestamp":"2026-04-28T16:52:03.268Z"}
{"context":"CollectorsService","level":"info","message":"logging in collector","timestamp":"2026-04-28T16:54:58.741Z"}
{"context":"CollectorsService","level":"info","message":"Fetching collector profile","timestamp":"2026-04-28T16:55:03.236Z"}
{"context":"CollectorsService","level":"info","message":"Fetching collector profile","timestamp":"2026-04-28T16:55:03.472Z"}
{"context":"NotificationService","level":"info","message":"get list of notifications for user","timestamp":"2026-04-28T16:55:05.648Z"}
{"context":"CollectorsService","level":"info","message":"Getting collector stats","timestamp":"2026-04-28T16:55:05.669Z"}
{"context":"CenterService","level":"info","message":"Getting all centers","timestamp":"2026-04-28T16:55:05.682Z"}
{"context":"DropsService","level":"info","message":"get list of drop offs","timestamp":"2026-04-28T16:55:05.690Z"}
{"context":"CollectorsService","level":"info","message":"Getting collector stats","timestamp":"2026-04-28T16:55:06.126Z"}
{"context":"NotificationService","level":"info","message":"get list of notifications for user","timestamp":"2026-04-28T16:55:06.788Z"}
{"context":"CenterService","level":"info","message":"Getting all centers","timestamp":"2026-04-28T16:55:06.800Z"}
{"context":"DropControllers","level":"error","message":"No drops found","timestamp":"2026-04-28T16:55:08.269Z"}
{"context":"DropsService","level":"info","message":"get list of drop offs","timestamp":"2026-04-28T16:55:08.281Z"}
{"context":"DropControllers","level":"error","message":"No drops found","timestamp":"2026-04-28T16:55:09.240Z"}
{"context":"CenterService","level":"info","message":"Getting closest centers","timestamp":"2026-04-28T16:55:12.702Z"}
{"context":"CenterService","level":"info","message":"Getting closest centers","timestamp":"2026-04-28T16:55:13.221Z"}
{"context":"CenterService","level":"info","message":"Getting closest centers","timestamp":"2026-04-28T16:55:14.256Z"}
{"context":"CenterService","level":"info","message":"Getting closest centers","timestamp":"2026-04-28T16:55:15.533Z"}
{"context":"Mongoose","level":"info","message":"MongoDB connected","timestamp":"2026-04-28T17:00:34.781Z"}
{"context":"Bootstrap","level":"info","message":"Server running on http://localhost:3000 in development environment","timestamp":"2026-04-28T17:00:34.808Z"}
{"context":"Bootstrap","level":"info","message":"Swagger docs available at http://localhost:3000/api-docs","timestamp":"2026-04-28T17:00:34.809Z"}
{"context":"CollectorsService","level":"info","message":"Fetching collector profile","timestamp":"2026-04-28T17:14:00.284Z"}
{"context":"CollectorsService","level":"info","message":"Fetching collector profile","timestamp":"2026-04-28T17:14:00.514Z"}
{"context":"NotificationService","level":"info","message":"get list of notifications for user","timestamp":"2026-04-28T17:14:01.419Z"}
{"context":"NotificationService","level":"info","message":"get list of notifications for user","timestamp":"2026-04-28T17:14:01.713Z"}
{"context":"CollectorsService","level":"info","message":"Fetching collector profile","timestamp":"2026-04-28T17:24:11.145Z"}
{"context":"CollectorsService","level":"info","message":"Fetching collector profile","timestamp":"2026-04-28T17:24:11.374Z"}
{"context":"NotificationService","level":"info","message":"get list of notifications for user","timestamp":"2026-04-28T17:24:11.512Z"}
{"context":"NotificationService","level":"info","message":"get list of notifications for user","timestamp":"2026-04-28T17:24:14.013Z"}
{"context":"CollectorsService","level":"info","message":"Getting collector stats","timestamp":"2026-04-28T17:25:42.560Z"}
{"context":"CenterService","level":"info","message":"Getting all centers","timestamp":"2026-04-28T17:25:42.615Z"}
{"context":"CenterService","level":"info","message":"Getting closest centers","timestamp":"2026-04-28T17:25:42.628Z"}
{"context":"DropsService","level":"info","message":"get list of drop offs","timestamp":"2026-04-28T17:25:42.648Z"}
{"context":"CollectorsService","level":"info","message":"Getting collector stats","timestamp":"2026-04-28T17:25:42.978Z"}
{"context":"CenterService","level":"info","message":"Getting closest centers","timestamp":"2026-04-28T17:25:44.472Z"}
{"context":"CenterService","level":"info","message":"Getting all centers","timestamp":"2026-04-28T17:25:44.481Z"}
{"context":"CenterService","level":"info","message":"Getting closest centers","timestamp":"2026-04-28T17:25:44.490Z"}
{"context":"DropControllers","level":"error","message":"No drops found","timestamp":"2026-04-28T17:25:44.867Z"}
{"context":"CollectorsService","level":"info","message":"Fetching collector profile","timestamp":"2026-04-28T17:25:46.744Z"}
{"context":"CollectorsService","level":"info","message":"Fetching collector profile","timestamp":"2026-04-28T17:25:47.361Z"}
{"context":"NotificationService","level":"info","message":"get list of notifications for user","timestamp":"2026-04-28T17:25:47.683Z"}
{"context":"CollectorsService","level":"info","message":"Getting collector stats","timestamp":"2026-04-28T17:25:47.692Z"}
{"context":"DropsService","level":"info","message":"get list of drop offs","timestamp":"2026-04-28T17:25:47.698Z"}
{"context":"CenterService","level":"info","message":"Getting all centers","timestamp":"2026-04-28T17:25:47.706Z"}
{"context":"CollectorsService","level":"info","message":"Getting collector stats","timestamp":"2026-04-28T17:25:47.898Z"}
{"context":"CenterService","level":"info","message":"Getting closest centers","timestamp":"2026-04-28T17:25:47.907Z"}
{"context":"NotificationService","level":"info","message":"get list of notifications for user","timestamp":"2026-04-28T17:25:47.916Z"}
{"context":"DropControllers","level":"error","message":"No drops found","timestamp":"2026-04-28T17:25:47.918Z"}
{"context":"DropsService","level":"info","message":"get list of drop offs","timestamp":"2026-04-28T17:25:47.924Z"}
{"context":"DropControllers","level":"error","message":"No drops found","timestamp":"2026-04-28T17:25:48.295Z"}
{"context":"CenterService","level":"info","message":"Getting closest centers","timestamp":"2026-04-28T17:25:49.451Z"}
{"context":"CenterService","level":"info","message":"Getting closest centers","timestamp":"2026-04-28T17:25:49.958Z"}
{"context":"CenterService","level":"info","message":"Getting closest centers","timestamp":"2026-04-28T17:25:50.930Z"}
{"context":"CollectorController","level":"error","message":"Image file is required","timestamp":"2026-04-28T17:25:54.629Z"}
{"context":"CenterService","level":"info","message":"Getting all centers","timestamp":"2026-04-28T17:26:07.700Z"}
{"context":"CollectorsService","level":"info","message":"Getting collector stats","timestamp":"2026-04-28T17:28:18.325Z"}
{"context":"CenterService","level":"info","message":"Getting all centers","timestamp":"2026-04-28T17:28:18.333Z"}
{"context":"CenterService","level":"info","message":"Getting closest centers","timestamp":"2026-04-28T17:28:18.340Z"}
{"context":"DropsService","level":"info","message":"get list of drop offs","timestamp":"2026-04-28T17:28:18.346Z"}
{"context":"DropControllers","level":"error","message":"No drops found","timestamp":"2026-04-28T17:28:18.792Z"}
{"context":"CollectorsService","level":"info","message":"Getting collector stats","timestamp":"2026-04-28T17:28:18.811Z"}
{"context":"DropsService","level":"info","message":"get list of drop offs","timestamp":"2026-04-28T17:28:18.822Z"}
{"context":"CenterService","level":"info","message":"Getting closest centers","timestamp":"2026-04-28T17:28:19.097Z"}
{"context":"DropControllers","level":"error","message":"No drops found","timestamp":"2026-04-28T17:28:19.354Z"}
{"context":"CenterService","level":"info","message":"Getting closest centers","timestamp":"2026-04-28T17:28:20.293Z"}
{"context":"CenterService","level":"info","message":"Getting closest centers","timestamp":"2026-04-28T17:28:23.082Z"}
{"context":"CenterService","level":"info","message":"Getting closest centers","timestamp":"2026-04-28T17:28:23.626Z"}
{"context":"CenterService","level":"info","message":"Getting all centers","timestamp":"2026-04-28T17:28:23.687Z"}
{"context":"CenterService","level":"info","message":"Getting closest centers","timestamp":"2026-04-28T17:28:24.190Z"}
{"context":"CenterService","level":"info","message":"Getting closest centers","timestamp":"2026-04-28T17:28:25.242Z"}
{"context":"CenterService","level":"info","message":"Getting closest centers","timestamp":"2026-04-28T17:28:26.801Z"}
{"context":"CenterService","level":"info","message":"Logging in center","timestamp":"2026-04-28T17:38:32.941Z"}
{"context":"CenterService","level":"info","message":"Fetching center profile","timestamp":"2026-04-28T17:38:35.789Z"}
{"context":"CenterService","level":"info","message":"Fetching center profile","timestamp":"2026-04-28T17:38:36.601Z"}
{"context":"CenterService","level":"info","message":"get center stats","timestamp":"2026-04-28T17:38:36.883Z"}
{"context":"NotificationService","level":"info","message":"get list of notifications for user","timestamp":"2026-04-28T17:38:36.921Z"}
{"context":"DropsService","level":"info","message":"get list of drop offs","timestamp":"2026-04-28T17:38:36.928Z"}
{"context":"NotificationService","level":"info","message":"get list of notifications for user","timestamp":"2026-04-28T17:38:37.966Z"}
{"context":"DropsService","level":"info","message":"get list of drop offs","timestamp":"2026-04-28T17:38:41.831Z"}
{"context":"CenterService","level":"info","message":"get center stats","timestamp":"2026-04-28T17:38:43.378Z"}
{"context":"CollectorsService","level":"info","message":"logging in collector","timestamp":"2026-04-28T17:39:24.308Z"}
{"context":"CollectorsService","level":"info","message":"Fetching collector profile","timestamp":"2026-04-28T17:39:26.846Z"}
{"context":"CollectorsService","level":"info","message":"Fetching collector profile","timestamp":"2026-04-28T17:39:27.117Z"}
{"context":"NotificationService","level":"info","message":"get list of notifications for user","timestamp":"2026-04-28T17:39:27.374Z"}
{"context":"CollectorsService","level":"info","message":"Getting collector stats","timestamp":"2026-04-28T17:39:27.384Z"}
{"context":"CenterService","level":"info","message":"Getting all centers","timestamp":"2026-04-28T17:39:27.402Z"}
{"context":"DropsService","level":"info","message":"get list of drop offs","timestamp":"2026-04-28T17:39:27.411Z"}
{"context":"DropControllers","level":"error","message":"No drops found","timestamp":"2026-04-28T17:39:27.757Z"}
{"context":"NotificationService","level":"info","message":"get list of notifications for user","timestamp":"2026-04-28T17:39:27.771Z"}
{"context":"CollectorsService","level":"info","message":"Getting collector stats","timestamp":"2026-04-28T17:39:27.780Z"}
{"context":"DropsService","level":"info","message":"get list of drop offs","timestamp":"2026-04-28T17:39:27.787Z"}
{"context":"DropControllers","level":"error","message":"No drops found","timestamp":"2026-04-28T17:39:28.071Z"}
{"context":"CenterService","level":"info","message":"Getting all centers","timestamp":"2026-04-28T17:39:28.414Z"}
{"context":"CenterService","level":"info","message":"Getting closest centers","timestamp":"2026-04-28T17:39:31.770Z"}
{"context":"CenterService","level":"info","message":"Getting closest centers","timestamp":"2026-04-28T17:39:32.023Z"}
{"context":"CenterService","level":"info","message":"Getting closest centers","timestamp":"2026-04-28T17:39:32.488Z"}
{"context":"CenterService","level":"info","message":"Getting closest centers","timestamp":"2026-04-28T17:39:33.493Z"}
{"context":"CollectorsService","level":"info","message":"Fetching collector profile","timestamp":"2026-04-28T18:10:30.708Z"}
{"context":"CollectorsService","level":"info","message":"Fetching collector profile","timestamp":"2026-04-28T18:10:30.953Z"}
{"context":"NotificationService","level":"info","message":"get list of notifications for user","timestamp":"2026-04-28T18:10:31.672Z"}
{"context":"CollectorsService","level":"info","message":"Getting collector stats","timestamp":"2026-04-28T18:10:31.726Z"}
{"context":"CenterService","level":"info","message":"Getting all centers","timestamp":"2026-04-28T18:10:31.753Z"}
{"context":"DropsService","level":"info","message":"get list of drop offs","timestamp":"2026-04-28T18:10:31.770Z"}
{"context":"DropControllers","level":"error","message":"No drops found","timestamp":"2026-04-28T18:10:32.157Z"}
{"context":"NotificationService","level":"info","message":"get list of notifications for user","timestamp":"2026-04-28T18:10:32.171Z"}
{"context":"CollectorsService","level":"info","message":"Getting collector stats","timestamp":"2026-04-28T18:10:32.187Z"}
{"context":"DropsService","level":"info","message":"get list of drop offs","timestamp":"2026-04-28T18:10:32.194Z"}
{"context":"DropControllers","level":"error","message":"No drops found","timestamp":"2026-04-28T18:10:32.754Z"}
{"context":"CenterService","level":"info","message":"Getting all centers","timestamp":"2026-04-28T18:10:33.086Z"}
{"context":"CenterService","level":"info","message":"Getting closest centers","timestamp":"2026-04-28T18:10:37.140Z"}
{"context":"CenterService","level":"info","message":"Getting closest centers","timestamp":"2026-04-28T18:10:37.387Z"}
{"context":"CenterService","level":"info","message":"Getting closest centers","timestamp":"2026-04-28T18:10:37.628Z"}
{"context":"CenterService","level":"info","message":"Getting closest centers","timestamp":"2026-04-28T18:10:37.878Z"}
{"context":"Mongoose","level":"info","message":"MongoDB connected","timestamp":"2026-04-28T18:18:42.639Z"}
{"context":"Bootstrap","level":"info","message":"Server running on http://localhost:3000 in development environment","timestamp":"2026-04-28T18:18:42.659Z"}
{"context":"Bootstrap","level":"info","message":"Swagger docs available at http://localhost:3000/api-docs","timestamp":"2026-04-28T18:18:42.659Z"}
{"context":"Mongoose","level":"info","message":"MongoDB connected","timestamp":"2026-04-28T18:19:09.406Z"}
{"context":"Bootstrap","level":"info","message":"Server running on http://localhost:3000 in development environment","timestamp":"2026-04-28T18:19:09.426Z"}
{"context":"Bootstrap","level":"info","message":"Swagger docs available at http://localhost:3000/api-docs","timestamp":"2026-04-28T18:19:09.426Z"}
{"context":"Mongoose","level":"info","message":"MongoDB connected","timestamp":"2026-04-28T18:20:46.346Z"}
{"context":"Bootstrap","level":"info","message":"Server running on http://localhost:3000 in development environment","timestamp":"2026-04-28T18:20:46.362Z"}
{"context":"Bootstrap","level":"info","message":"Swagger docs available at http://localhost:3000/api-docs","timestamp":"2026-04-28T18:20:46.363Z"}
{"context":"DropsService","level":"info","message":"Adding a drop offs","timestamp":"2026-04-28T18:20:51.675Z"}
{"context":"NotificationService","level":"info","message":"Sending a notification","timestamp":"2026-04-28T18:20:51.947Z"}
{"context":"NotificationService","level":"info","message":"Sending a notification","timestamp":"2026-04-28T18:20:52.166Z"}
{"context":"CollectorsService","level":"info","message":"Fetching collector profile","timestamp":"2026-04-28T18:21:02.747Z"}
{"context":"CollectorsService","level":"info","message":"Fetching collector profile","timestamp":"2026-04-28T18:21:03.258Z"}
{"context":"NotificationService","level":"info","message":"get list of notifications for user","timestamp":"2026-04-28T18:21:03.538Z"}
{"context":"CollectorsService","level":"info","message":"Getting collector stats","timestamp":"2026-04-28T18:21:03.573Z"}
{"context":"CenterService","level":"info","message":"Getting all centers","timestamp":"2026-04-28T18:21:03.596Z"}
{"context":"DropsService","level":"info","message":"get list of drop offs","timestamp":"2026-04-28T18:21:03.621Z"}
{"context":"NotificationService","level":"info","message":"get list of notifications for user","timestamp":"2026-04-28T18:21:04.156Z"}
{"context":"CollectorsService","level":"info","message":"Getting collector stats","timestamp":"2026-04-28T18:21:04.346Z"}
{"context":"CenterService","level":"info","message":"Getting closest centers","timestamp":"2026-04-28T18:21:05.621Z"}
{"context":"CenterService","level":"info","message":"Getting closest centers","timestamp":"2026-04-28T18:21:06.239Z"}
{"context":"CenterService","level":"info","message":"Getting closest centers","timestamp":"2026-04-28T18:21:07.512Z"}
{"context":"CenterService","level":"info","message":"Getting closest centers","timestamp":"2026-04-28T18:21:08.192Z"}
{"context":"DropsService","level":"info","message":"get list of drop offs","timestamp":"2026-04-28T18:21:08.295Z"}
{"context":"CenterService","level":"info","message":"Getting all centers","timestamp":"2026-04-28T18:21:08.926Z"}
{"context":"CollectorsService","level":"info","message":"Fetching collector profile","timestamp":"2026-04-28T18:21:38.787Z"}
{"context":"CollectorsService","level":"info","message":"Fetching collector profile","timestamp":"2026-04-28T18:21:39.035Z"}
{"context":"NotificationService","level":"info","message":"get list of notifications for user","timestamp":"2026-04-28T18:21:39.313Z"}
{"context":"CollectorsService","level":"info","message":"Getting collector stats","timestamp":"2026-04-28T18:21:39.335Z"}
{"context":"CenterService","level":"info","message":"Getting all centers","timestamp":"2026-04-28T18:21:39.349Z"}
{"context":"DropsService","level":"info","message":"get list of drop offs","timestamp":"2026-04-28T18:21:39.361Z"}
{"context":"NotificationService","level":"info","message":"get list of notifications for user","timestamp":"2026-04-28T18:21:39.741Z"}
{"context":"CollectorsService","level":"info","message":"Getting collector stats","timestamp":"2026-04-28T18:21:39.747Z"}
{"context":"CenterService","level":"info","message":"Getting all centers","timestamp":"2026-04-28T18:21:39.985Z"}
{"context":"DropsService","level":"info","message":"get list of drop offs","timestamp":"2026-04-28T18:21:39.991Z"}
{"context":"CenterService","level":"info","message":"Getting closest centers","timestamp":"2026-04-28T18:21:43.796Z"}
{"context":"CenterService","level":"info","message":"Getting closest centers","timestamp":"2026-04-28T18:21:44.040Z"}
{"context":"CenterService","level":"info","message":"Getting closest centers","timestamp":"2026-04-28T18:21:44.269Z"}
{"context":"CenterService","level":"info","message":"Getting closest centers","timestamp":"2026-04-28T18:21:44.542Z"}
{"context":"CollectorsService","level":"info","message":"Fetching collector profile","timestamp":"2026-04-28T18:23:21.645Z"}
{"context":"CollectorsService","level":"info","message":"Fetching collector profile","timestamp":"2026-04-28T18:23:21.889Z"}
{"context":"NotificationService","level":"info","message":"get list of notifications for user","timestamp":"2026-04-28T18:23:22.081Z"}
{"context":"CollectorsService","level":"info","message":"Getting collector stats","timestamp":"2026-04-28T18:23:22.093Z"}
{"context":"CenterService","level":"info","message":"Getting all centers","timestamp":"2026-04-28T18:23:22.123Z"}
{"context":"CenterService","level":"info","message":"Getting closest centers","timestamp":"2026-04-28T18:23:22.133Z"}
{"context":"DropsService","level":"info","message":"get list of drop offs","timestamp":"2026-04-28T18:23:22.146Z"}
{"context":"NotificationService","level":"info","message":"get list of notifications for user","timestamp":"2026-04-28T18:23:22.360Z"}
{"context":"CollectorsService","level":"info","message":"Getting collector stats","timestamp":"2026-04-28T18:23:22.368Z"}
{"context":"CenterService","level":"info","message":"Getting closest centers","timestamp":"2026-04-28T18:23:22.618Z"}
{"context":"CenterService","level":"info","message":"Getting closest centers","timestamp":"2026-04-28T18:23:22.859Z"}
{"context":"CenterService","level":"info","message":"Getting all centers","timestamp":"2026-04-28T18:23:23.250Z"}
{"context":"CenterService","level":"info","message":"Getting closest centers","timestamp":"2026-04-28T18:23:23.260Z"}
{"context":"DropsService","level":"info","message":"get list of drop offs","timestamp":"2026-04-28T18:23:24.764Z"}
{"context":"CenterService","level":"info","message":"Getting closest centers","timestamp":"2026-04-28T18:23:26.512Z"}
{"context":"CenterService","level":"info","message":"Getting closest centers","timestamp":"2026-04-28T18:23:26.726Z"}
{"context":"CenterService","level":"info","message":"Getting closest centers","timestamp":"2026-04-28T18:23:26.970Z"}
{"context":"CenterService","level":"info","message":"Getting closest centers","timestamp":"2026-04-28T18:23:27.230Z"}
{"context":"CollectorsService","level":"info","message":"Fetching collector profile","timestamp":"2026-04-28T18:24:17.148Z"}
{"context":"CollectorsService","level":"info","message":"Fetching collector profile","timestamp":"2026-04-28T18:24:17.368Z"}
{"context":"NotificationService","level":"info","message":"get list of notifications for user","timestamp":"2026-04-28T18:24:17.586Z"}
{"context":"CollectorsService","level":"info","message":"Getting collector stats","timestamp":"2026-04-28T18:24:17.594Z"}
{"context":"CenterService","level":"info","message":"Getting all centers","timestamp":"2026-04-28T18:24:17.599Z"}
{"context":"CenterService","level":"info","message":"Getting closest centers","timestamp":"2026-04-28T18:24:17.605Z"}
{"context":"DropsService","level":"info","message":"get list of drop offs","timestamp":"2026-04-28T18:24:17.611Z"}
{"context":"CenterService","level":"info","message":"Getting all centers","timestamp":"2026-04-28T18:24:17.911Z"}
{"context":"CenterService","level":"info","message":"Getting closest centers","timestamp":"2026-04-28T18:24:17.915Z"}
{"context":"NotificationService","level":"info","message":"get list of notifications for user","timestamp":"2026-04-28T18:24:17.918Z"}
{"context":"CollectorsService","level":"info","message":"Getting collector stats","timestamp":"2026-04-28T18:24:17.923Z"}
{"context":"CenterService","level":"info","message":"Getting closest centers","timestamp":"2026-04-28T18:24:18.257Z"}
{"context":"DropsService","level":"info","message":"get list of drop offs","timestamp":"2026-04-28T18:24:18.261Z"}
{"context":"CenterService","level":"info","message":"Getting closest centers","timestamp":"2026-04-28T18:24:18.511Z"}
{"context":"CenterService","level":"info","message":"Getting closest centers","timestamp":"2026-04-28T18:24:22.427Z"}
{"context":"CenterService","level":"info","message":"Getting closest centers","timestamp":"2026-04-28T18:24:22.704Z"}
{"context":"CenterService","level":"info","message":"Getting closest centers","timestamp":"2026-04-28T18:24:22.941Z"}
{"context":"CenterService","level":"info","message":"Getting closest centers","timestamp":"2026-04-28T18:24:23.176Z"}
{"context":"CenterService","level":"info","message":"Logging in center","timestamp":"2026-04-28T18:27:48.626Z"}
{"context":"CenterService","level":"info","message":"Fetching center profile","timestamp":"2026-04-28T18:27:51.163Z"}
{"context":"CenterService","level":"info","message":"Fetching center profile","timestamp":"2026-04-28T18:27:51.692Z"}
{"context":"NotificationService","level":"info","message":"get list of notifications for user","timestamp":"2026-04-28T18:27:51.958Z"}
{"context":"CenterService","level":"info","message":"get center stats","timestamp":"2026-04-28T18:27:52.006Z"}
{"context":"DropsService","level":"info","message":"get list of drop offs","timestamp":"2026-04-28T18:27:52.028Z"}
{"context":"NotificationService","level":"info","message":"get list of notifications for user","timestamp":"2026-04-28T18:27:52.752Z"}
{"context":"DropsService","level":"info","message":"get list of drop offs","timestamp":"2026-04-28T18:27:53.875Z"}
{"context":"CenterService","level":"info","message":"get center stats","timestamp":"2026-04-28T18:27:54.813Z"}
