{"context":"Mongoose","level":"info","message":"MongoDB connected","timestamp":"2026-08-01T09:27:01.062Z"}
{"context":"Bootstrap","level":"info","message":"Server running on http://localhost:4000 in development environment","timestamp":"2026-08-01T09:27:01.095Z"}
{"context":"Bootstrap","level":"info","message":"Swagger docs available at http://localhost:4000/api-docs","timestamp":"2026-08-01T09:27:01.097Z"}
{"context":"AdminService","level":"info","message":"logging in admin","timestamp":"2026-08-01T09:40:33.326Z"}
{"context":"AdminService","level":"info","message":"Fetching admin profile","timestamp":"2026-08-01T09:40:35.662Z"}
{"context":"AdminController","level":"error","message":"Cast to ObjectId failed for value \"super-admin\" (type string) at path \"_id\" for model \"Admins\"","timestamp":"2026-08-01T09:40:35.683Z"}
{"context":"AdminService","level":"info","message":"Fetching admin profile","timestamp":"2026-08-01T09:40:35.694Z"}
{"context":"AdminController","level":"error","message":"Cast to ObjectId failed for value \"super-admin\" (type string) at path \"_id\" for model \"Admins\"","timestamp":"2026-08-01T09:40:35.695Z"}
{"context":"AdminService","level":"info","message":"Fetching admin profile","timestamp":"2026-08-01T09:47:51.776Z"}
{"context":"AdminController","level":"error","message":"Cast to ObjectId failed for value \"super-admin\" (type string) at path \"_id\" for model \"Admins\"","timestamp":"2026-08-01T09:47:51.784Z"}
{"context":"AdminService","level":"info","message":"Fetching admin profile","timestamp":"2026-08-01T09:47:51.818Z"}
{"context":"AdminController","level":"error","message":"Cast to ObjectId failed for value \"super-admin\" (type string) at path \"_id\" for model \"Admins\"","timestamp":"2026-08-01T09:47:51.824Z"}
{"context":"AdminService","level":"info","message":"Fetching admin profile","timestamp":"2026-08-01T09:48:35.341Z"}
{"context":"AdminController","level":"error","message":"Cast to ObjectId failed for value \"super-admin\" (type string) at path \"_id\" for model \"Admins\"","timestamp":"2026-08-01T09:48:35.345Z"}
{"context":"AdminService","level":"info","message":"Fetching admin profile","timestamp":"2026-08-01T09:48:35.368Z"}
{"context":"AdminController","level":"error","message":"Cast to ObjectId failed for value \"super-admin\" (type string) at path \"_id\" for model \"Admins\"","timestamp":"2026-08-01T09:48:35.373Z"}
{"context":"AdminService","level":"info","message":"Fetching admin profile","timestamp":"2026-08-01T09:49:04.591Z"}
{"context":"AdminController","level":"error","message":"Cast to ObjectId failed for value \"super-admin\" (type string) at path \"_id\" for model \"Admins\"","timestamp":"2026-08-01T09:49:04.600Z"}
{"context":"AdminService","level":"info","message":"Fetching admin profile","timestamp":"2026-08-01T09:49:04.610Z"}
{"context":"AdminController","level":"error","message":"Cast to ObjectId failed for value \"super-admin\" (type string) at path \"_id\" for model \"Admins\"","timestamp":"2026-08-01T09:49:04.613Z"}
{"context":"Mongoose","level":"info","message":"MongoDB connected","timestamp":"2026-08-01T09:50:58.179Z"}
{"context":"Bootstrap","level":"info","message":"Server running on http://localhost:4000 in development environment","timestamp":"2026-08-01T09:50:58.215Z"}
{"context":"Bootstrap","level":"info","message":"Swagger docs available at http://localhost:4000/api-docs","timestamp":"2026-08-01T09:50:58.216Z"}
{"context":"AdminService","level":"info","message":"Fetching admin profile","timestamp":"2026-08-01T09:51:07.307Z"}
{"context":"AdminController","level":"error","message":"Cast to ObjectId failed for value \"super-admin\" (type string) at path \"_id\" for model \"Admins\"","timestamp":"2026-08-01T09:51:07.311Z"}
{"context":"AdminService","level":"info","message":"Fetching admin profile","timestamp":"2026-08-01T09:51:07.318Z"}
{"context":"AdminController","level":"error","message":"Cast to ObjectId failed for value \"super-admin\" (type string) at path \"_id\" for model \"Admins\"","timestamp":"2026-08-01T09:51:07.320Z"}
{"context":"Mongoose","level":"info","message":"MongoDB connected","timestamp":"2026-08-01T09:52:25.271Z"}
{"context":"Bootstrap","level":"info","message":"Server running on http://localhost:4000 in development environment","timestamp":"2026-08-01T09:52:25.295Z"}
{"context":"Bootstrap","level":"info","message":"Swagger docs available at http://localhost:4000/api-docs","timestamp":"2026-08-01T09:52:25.296Z"}
{"context":"AdminService","level":"info","message":"Fetching admin profile","timestamp":"2026-08-01T09:52:32.260Z"}
{"context":"AdminController","level":"error","message":"Cast to ObjectId failed for value \"super-admin\" (type string) at path \"_id\" for model \"Admins\"","timestamp":"2026-08-01T09:52:32.261Z"}
{"context":"AdminService","level":"info","message":"Fetching admin profile","timestamp":"2026-08-01T09:52:32.270Z"}
{"context":"AdminController","level":"error","message":"Cast to ObjectId failed for value \"super-admin\" (type string) at path \"_id\" for model \"Admins\"","timestamp":"2026-08-01T09:52:32.275Z"}
{"context":"Mongoose","level":"info","message":"MongoDB connected","timestamp":"2026-08-01T09:53:12.430Z"}
{"context":"Bootstrap","level":"info","message":"Server running on http://localhost:4000 in development environment","timestamp":"2026-08-01T09:53:12.463Z"}
{"context":"Bootstrap","level":"info","message":"Swagger docs available at http://localhost:4000/api-docs","timestamp":"2026-08-01T09:53:12.464Z"}
{"context":"AdminService","level":"info","message":"Fetching admin profile","timestamp":"2026-08-01T09:53:18.107Z"}
{"context":"AdminController","level":"error","message":"Cast to ObjectId failed for value \"super-admin\" (type string) at path \"_id\" for model \"Admins\"","timestamp":"2026-08-01T09:53:18.119Z"}
{"context":"AdminService","level":"info","message":"Fetching admin profile","timestamp":"2026-08-01T09:53:18.128Z"}
{"context":"AdminController","level":"error","message":"Cast to ObjectId failed for value \"super-admin\" (type string) at path \"_id\" for model \"Admins\"","timestamp":"2026-08-01T09:53:18.136Z"}
{"context":"Mongoose","level":"info","message":"MongoDB connected","timestamp":"2026-08-01T09:54:03.845Z"}
{"context":"Bootstrap","level":"info","message":"Server running on http://localhost:4000 in development environment","timestamp":"2026-08-01T09:54:03.974Z"}
{"context":"Bootstrap","level":"info","message":"Swagger docs available at http://localhost:4000/api-docs","timestamp":"2026-08-01T09:54:04.090Z"}
