{"context":"Mongoose","level":"info","message":"MongoDB connected","timestamp":"2025-12-08T16:37:37.223Z"}
{"context":"Bootstrap","level":"info","message":"Server running on http://localhost:3000 in development environment","timestamp":"2025-12-08T16:37:37.251Z"}
{"context":"Bootstrap","level":"info","message":"Swagger docs available at http://localhost:3000/api-docs","timestamp":"2025-12-08T16:37:37.251Z"}
{"context":"Mongoose","level":"info","message":"MongoDB connected","timestamp":"2025-12-08T16:40:18.196Z"}
{"context":"Bootstrap","level":"info","message":"Server running on http://localhost:3000 in development environment","timestamp":"2025-12-08T16:40:18.219Z"}
{"context":"Bootstrap","level":"info","message":"Swagger docs available at http://localhost:3000/api-docs","timestamp":"2025-12-08T16:40:18.221Z"}
{"context":"Mongoose","level":"info","message":"MongoDB connected","timestamp":"2025-12-08T16:41:47.523Z"}
{"context":"Bootstrap","level":"info","message":"Server running on http://localhost:3000 in development environment","timestamp":"2025-12-08T16:41:47.552Z"}
{"context":"Bootstrap","level":"info","message":"Swagger docs available at http://localhost:3000/api-docs","timestamp":"2025-12-08T16:41:47.553Z"}
{"context":"Mongoose","level":"info","message":"MongoDB connected","timestamp":"2025-12-08T16:43:09.079Z"}
{"context":"Bootstrap","level":"info","message":"Server running on http://localhost:3000 in development environment","timestamp":"2025-12-08T16:43:09.095Z"}
{"context":"Bootstrap","level":"info","message":"Swagger docs available at http://localhost:3000/api-docs","timestamp":"2025-12-08T16:43:09.096Z"}
{"context":"Mongoose","level":"info","message":"MongoDB connected","timestamp":"2025-12-08T16:43:25.692Z"}
{"context":"Bootstrap","level":"info","message":"Server running on http://localhost:3000 in development environment","timestamp":"2025-12-08T16:43:25.710Z"}
{"context":"Bootstrap","level":"info","message":"Swagger docs available at http://localhost:3000/api-docs","timestamp":"2025-12-08T16:43:25.710Z"}
{"context":"Mongoose","level":"info","message":"MongoDB connected","timestamp":"2025-12-08T16:43:36.463Z"}
{"context":"Bootstrap","level":"info","message":"Server running on http://localhost:3000 in development environment","timestamp":"2025-12-08T16:43:36.486Z"}
{"context":"Bootstrap","level":"info","message":"Swagger docs available at http://localhost:3000/api-docs","timestamp":"2025-12-08T16:43:36.488Z"}
{"context":"Mongoose","level":"info","message":"MongoDB connected","timestamp":"2025-12-08T16:43:46.038Z"}
{"context":"Bootstrap","level":"info","message":"Server running on http://localhost:3000 in development environment","timestamp":"2025-12-08T16:43:46.053Z"}
{"context":"Bootstrap","level":"info","message":"Swagger docs available at http://localhost:3000/api-docs","timestamp":"2025-12-08T16:43:46.054Z"}
{"context":"Mongoose","level":"info","message":"MongoDB connected","timestamp":"2025-12-08T16:44:59.056Z"}
{"context":"Bootstrap","level":"info","message":"Server running on http://localhost:3000 in development environment","timestamp":"2025-12-08T16:44:59.072Z"}
{"context":"Bootstrap","level":"info","message":"Swagger docs available at http://localhost:3000/api-docs","timestamp":"2025-12-08T16:44:59.073Z"}
{"context":"AdminService","level":"info","message":"logging in admin","timestamp":"2025-12-08T16:47:50.136Z"}
{"context":"Mongoose","level":"info","message":"MongoDB connected","timestamp":"2025-12-08T16:48:58.828Z"}
{"context":"Bootstrap","level":"info","message":"Server running on http://localhost:3000 in development environment","timestamp":"2025-12-08T16:48:58.866Z"}
{"context":"Bootstrap","level":"info","message":"Swagger docs available at http://localhost:3000/api-docs","timestamp":"2025-12-08T16:48:58.895Z"}
{"context":"Mongoose","level":"info","message":"MongoDB connected","timestamp":"2025-12-08T16:49:38.777Z"}
{"context":"Bootstrap","level":"info","message":"Server running on http://localhost:3000 in development environment","timestamp":"2025-12-08T16:49:38.796Z"}
{"context":"Bootstrap","level":"info","message":"Swagger docs available at http://localhost:3000/api-docs","timestamp":"2025-12-08T16:49:38.797Z"}
{"context":"Mongoose","level":"info","message":"MongoDB connected","timestamp":"2025-12-08T16:51:10.727Z"}
{"context":"Bootstrap","level":"info","message":"Server running on http://localhost:3000 in development environment","timestamp":"2025-12-08T16:51:10.746Z"}
{"context":"Bootstrap","level":"info","message":"Swagger docs available at http://localhost:3000/api-docs","timestamp":"2025-12-08T16:51:10.747Z"}
{"context":"Mongoose","level":"info","message":"MongoDB connected","timestamp":"2025-12-08T16:51:44.080Z"}
{"context":"Bootstrap","level":"info","message":"Server running on http://localhost:3000 in development environment","timestamp":"2025-12-08T16:51:44.108Z"}
{"context":"Bootstrap","level":"info","message":"Swagger docs available at http://localhost:3000/api-docs","timestamp":"2025-12-08T16:51:44.110Z"}
{"context":"Mongoose","level":"info","message":"MongoDB connected","timestamp":"2025-12-08T16:51:56.867Z"}
{"context":"Bootstrap","level":"info","message":"Server running on http://localhost:3000 in development environment","timestamp":"2025-12-08T16:51:56.885Z"}
{"context":"Bootstrap","level":"info","message":"Swagger docs available at http://localhost:3000/api-docs","timestamp":"2025-12-08T16:51:56.886Z"}
{"context":"Mongoose","level":"info","message":"MongoDB connected","timestamp":"2025-12-08T16:52:04.072Z"}
{"context":"Bootstrap","level":"info","message":"Server running on http://localhost:3000 in development environment","timestamp":"2025-12-08T16:52:04.088Z"}
{"context":"Bootstrap","level":"info","message":"Swagger docs available at http://localhost:3000/api-docs","timestamp":"2025-12-08T16:52:04.089Z"}
{"context":"AdminService","level":"info","message":"Fetching admin profile","timestamp":"2025-12-08T16:52:52.749Z"}
{"context":"AdminService","level":"info","message":"Updating admin profile","timestamp":"2025-12-08T16:53:22.844Z"}
