{"context":"Mongoose","level":"info","message":"MongoDB connected","timestamp":"2025-12-28T16:05:59.609Z"}
{"context":"Bootstrap","level":"info","message":"Server running on http://localhost:3000 in development environment","timestamp":"2025-12-28T16:05:59.635Z"}
{"context":"Bootstrap","level":"info","message":"Swagger docs available at http://localhost:3000/api-docs","timestamp":"2025-12-28T16:05:59.636Z"}
{"context":"Mongoose","level":"info","message":"MongoDB connected","timestamp":"2025-12-28T16:06:14.602Z"}
{"context":"Bootstrap","level":"info","message":"Server running on http://localhost:3000 in development environment","timestamp":"2025-12-28T16:06:14.623Z"}
{"context":"Bootstrap","level":"info","message":"Swagger docs available at http://localhost:3000/api-docs","timestamp":"2025-12-28T16:06:14.624Z"}
{"context":"Mongoose","level":"info","message":"MongoDB connected","timestamp":"2025-12-28T16:06:34.518Z"}
{"context":"Bootstrap","level":"info","message":"Server running on http://localhost:3000 in development environment","timestamp":"2025-12-28T16:06:34.536Z"}
{"context":"Bootstrap","level":"info","message":"Swagger docs available at http://localhost:3000/api-docs","timestamp":"2025-12-28T16:06:34.537Z"}
{"context":"Mongoose","level":"info","message":"MongoDB connected","timestamp":"2025-12-28T16:07:49.424Z"}
{"context":"Bootstrap","level":"info","message":"Server running on http://localhost:3000 in development environment","timestamp":"2025-12-28T16:07:49.454Z"}
{"context":"Bootstrap","level":"info","message":"Swagger docs available at http://localhost:3000/api-docs","timestamp":"2025-12-28T16:07:49.455Z"}
{"context":"Mongoose","level":"info","message":"MongoDB connected","timestamp":"2025-12-28T16:09:25.092Z"}
{"context":"Bootstrap","level":"info","message":"Server running on http://localhost:3000 in development environment","timestamp":"2025-12-28T16:09:25.107Z"}
{"context":"Bootstrap","level":"info","message":"Swagger docs available at http://localhost:3000/api-docs","timestamp":"2025-12-28T16:09:25.108Z"}
{"context":"Mongoose","level":"info","message":"MongoDB connected","timestamp":"2025-12-28T16:09:38.748Z"}
{"context":"Bootstrap","level":"info","message":"Server running on http://localhost:3000 in development environment","timestamp":"2025-12-28T16:09:38.776Z"}
{"context":"Bootstrap","level":"info","message":"Swagger docs available at http://localhost:3000/api-docs","timestamp":"2025-12-28T16:09:38.777Z"}
{"context":"Mongoose","level":"info","message":"MongoDB connected","timestamp":"2025-12-28T16:09:50.741Z"}
{"context":"Bootstrap","level":"info","message":"Server running on http://localhost:3000 in development environment","timestamp":"2025-12-28T16:09:50.782Z"}
{"context":"Bootstrap","level":"info","message":"Swagger docs available at http://localhost:3000/api-docs","timestamp":"2025-12-28T16:09:50.782Z"}
{"context":"Mongoose","level":"info","message":"MongoDB connected","timestamp":"2025-12-28T16:10:30.120Z"}
{"context":"Bootstrap","level":"info","message":"Server running on http://localhost:3000 in development environment","timestamp":"2025-12-28T16:10:30.200Z"}
{"context":"Bootstrap","level":"info","message":"Swagger docs available at http://localhost:3000/api-docs","timestamp":"2025-12-28T16:10:30.234Z"}
{"context":"Mongoose","level":"info","message":"MongoDB connected","timestamp":"2025-12-28T16:10:43.881Z"}
{"context":"Bootstrap","level":"info","message":"Server running on http://localhost:3000 in development environment","timestamp":"2025-12-28T16:10:43.897Z"}
{"context":"Bootstrap","level":"info","message":"Swagger docs available at http://localhost:3000/api-docs","timestamp":"2025-12-28T16:10:43.898Z"}
{"context":"Mongoose","level":"info","message":"MongoDB connected","timestamp":"2025-12-28T16:11:32.080Z"}
{"context":"Bootstrap","level":"info","message":"Server running on http://localhost:3000 in development environment","timestamp":"2025-12-28T16:11:32.114Z"}
{"context":"Bootstrap","level":"info","message":"Swagger docs available at http://localhost:3000/api-docs","timestamp":"2025-12-28T16:11:32.118Z"}
{"context":"Mongoose","level":"info","message":"MongoDB connected","timestamp":"2025-12-28T16:12:22.275Z"}
{"context":"Bootstrap","level":"info","message":"Server running on http://localhost:3000 in development environment","timestamp":"2025-12-28T16:12:22.291Z"}
{"context":"Bootstrap","level":"info","message":"Swagger docs available at http://localhost:3000/api-docs","timestamp":"2025-12-28T16:12:22.291Z"}
{"context":"Mongoose","level":"info","message":"MongoDB connected","timestamp":"2025-12-28T16:13:19.639Z"}
{"context":"Bootstrap","level":"info","message":"Server running on http://localhost:3000 in development environment","timestamp":"2025-12-28T16:13:19.654Z"}
{"context":"Bootstrap","level":"info","message":"Swagger docs available at http://localhost:3000/api-docs","timestamp":"2025-12-28T16:13:19.655Z"}
{"context":"Mongoose","level":"info","message":"MongoDB connected","timestamp":"2025-12-28T16:14:02.550Z"}
{"context":"Bootstrap","level":"info","message":"Server running on http://localhost:3000 in development environment","timestamp":"2025-12-28T16:14:02.595Z"}
{"context":"Bootstrap","level":"info","message":"Swagger docs available at http://localhost:3000/api-docs","timestamp":"2025-12-28T16:14:02.599Z"}
{"context":"Mongoose","level":"info","message":"MongoDB connected","timestamp":"2025-12-28T16:14:45.252Z"}
{"context":"Bootstrap","level":"info","message":"Server running on http://localhost:3000 in development environment","timestamp":"2025-12-28T16:14:45.276Z"}
{"context":"Bootstrap","level":"info","message":"Swagger docs available at http://localhost:3000/api-docs","timestamp":"2025-12-28T16:14:45.277Z"}
{"context":"Mongoose","level":"info","message":"MongoDB connected","timestamp":"2025-12-28T16:15:26.703Z"}
{"context":"Bootstrap","level":"info","message":"Server running on http://localhost:3000 in development environment","timestamp":"2025-12-28T16:15:26.730Z"}
{"context":"Bootstrap","level":"info","message":"Swagger docs available at http://localhost:3000/api-docs","timestamp":"2025-12-28T16:15:26.731Z"}
{"context":"Mongoose","level":"info","message":"MongoDB connected","timestamp":"2025-12-28T16:18:06.951Z"}
{"context":"Bootstrap","level":"info","message":"Server running on http://localhost:3000 in development environment","timestamp":"2025-12-28T16:18:06.978Z"}
{"context":"Bootstrap","level":"info","message":"Swagger docs available at http://localhost:3000/api-docs","timestamp":"2025-12-28T16:18:06.985Z"}
{"context":"Mongoose","level":"info","message":"MongoDB connected","timestamp":"2025-12-28T16:20:04.168Z"}
{"context":"Bootstrap","level":"info","message":"Server running on http://localhost:3000 in development environment","timestamp":"2025-12-28T16:20:04.189Z"}
{"context":"Bootstrap","level":"info","message":"Swagger docs available at http://localhost:3000/api-docs","timestamp":"2025-12-28T16:20:04.190Z"}
{"context":"Mongoose","level":"info","message":"MongoDB connected","timestamp":"2025-12-28T16:21:53.759Z"}
{"context":"Bootstrap","level":"info","message":"Server running on http://localhost:3000 in development environment","timestamp":"2025-12-28T16:21:53.805Z"}
{"context":"Bootstrap","level":"info","message":"Swagger docs available at http://localhost:3000/api-docs","timestamp":"2025-12-28T16:21:53.807Z"}
{"context":"Mongoose","level":"info","message":"MongoDB connected","timestamp":"2025-12-28T16:25:37.570Z"}
{"context":"Bootstrap","level":"info","message":"Server running on http://localhost:3000 in development environment","timestamp":"2025-12-28T16:25:37.590Z"}
{"context":"Bootstrap","level":"info","message":"Swagger docs available at http://localhost:3000/api-docs","timestamp":"2025-12-28T16:25:37.595Z"}
{"context":"Mongoose","level":"info","message":"MongoDB connected","timestamp":"2025-12-28T16:29:15.254Z"}
{"context":"Bootstrap","level":"info","message":"Server running on http://localhost:3000 in development environment","timestamp":"2025-12-28T16:29:15.277Z"}
{"context":"Bootstrap","level":"info","message":"Swagger docs available at http://localhost:3000/api-docs","timestamp":"2025-12-28T16:29:15.278Z"}
{"context":"Mongoose","level":"info","message":"MongoDB connected","timestamp":"2025-12-28T16:31:42.429Z"}
{"context":"Bootstrap","level":"info","message":"Server running on http://localhost:3000 in development environment","timestamp":"2025-12-28T16:31:42.446Z"}
{"context":"Bootstrap","level":"info","message":"Swagger docs available at http://localhost:3000/api-docs","timestamp":"2025-12-28T16:31:42.447Z"}
{"context":"Mongoose","level":"info","message":"MongoDB connected","timestamp":"2025-12-28T16:32:36.165Z"}
{"context":"Bootstrap","level":"info","message":"Server running on http://localhost:3000 in development environment","timestamp":"2025-12-28T16:32:36.192Z"}
{"context":"Bootstrap","level":"info","message":"Swagger docs available at http://localhost:3000/api-docs","timestamp":"2025-12-28T16:32:36.194Z"}
{"context":"Mongoose","level":"info","message":"MongoDB connected","timestamp":"2025-12-28T16:32:59.708Z"}
{"context":"Bootstrap","level":"info","message":"Server running on http://localhost:3000 in development environment","timestamp":"2025-12-28T16:32:59.735Z"}
{"context":"Bootstrap","level":"info","message":"Swagger docs available at http://localhost:3000/api-docs","timestamp":"2025-12-28T16:32:59.736Z"}
{"context":"Mongoose","level":"info","message":"MongoDB connected","timestamp":"2025-12-28T16:33:25.655Z"}
{"context":"Bootstrap","level":"info","message":"Server running on http://localhost:3000 in development environment","timestamp":"2025-12-28T16:33:25.709Z"}
{"context":"Bootstrap","level":"info","message":"Swagger docs available at http://localhost:3000/api-docs","timestamp":"2025-12-28T16:33:25.710Z"}
{"context":"Mongoose","level":"info","message":"MongoDB connected","timestamp":"2025-12-28T16:36:17.532Z"}
{"context":"Bootstrap","level":"info","message":"Server running on http://localhost:3000 in development environment","timestamp":"2025-12-28T16:36:17.564Z"}
{"context":"Bootstrap","level":"info","message":"Swagger docs available at http://localhost:3000/api-docs","timestamp":"2025-12-28T16:36:17.567Z"}
{"context":"Mongoose","level":"info","message":"MongoDB connected","timestamp":"2025-12-28T16:37:05.233Z"}
{"context":"Bootstrap","level":"info","message":"Server running on http://localhost:3000 in development environment","timestamp":"2025-12-28T16:37:05.322Z"}
{"context":"Bootstrap","level":"info","message":"Swagger docs available at http://localhost:3000/api-docs","timestamp":"2025-12-28T16:37:05.332Z"}
{"context":"Mongoose","level":"info","message":"MongoDB connected","timestamp":"2025-12-28T16:37:43.710Z"}
{"context":"Bootstrap","level":"info","message":"Server running on http://localhost:3000 in development environment","timestamp":"2025-12-28T16:37:43.730Z"}
{"context":"Bootstrap","level":"info","message":"Swagger docs available at http://localhost:3000/api-docs","timestamp":"2025-12-28T16:37:43.732Z"}
{"context":"Mongoose","level":"info","message":"MongoDB connected","timestamp":"2025-12-28T16:38:53.858Z"}
{"context":"Bootstrap","level":"info","message":"Server running on http://localhost:3000 in development environment","timestamp":"2025-12-28T16:38:53.899Z"}
{"context":"Bootstrap","level":"info","message":"Swagger docs available at http://localhost:3000/api-docs","timestamp":"2025-12-28T16:38:53.900Z"}
{"context":"Mongoose","level":"info","message":"MongoDB connected","timestamp":"2025-12-28T16:39:19.120Z"}
{"context":"Bootstrap","level":"info","message":"Server running on http://localhost:3000 in development environment","timestamp":"2025-12-28T16:39:19.155Z"}
{"context":"Bootstrap","level":"info","message":"Swagger docs available at http://localhost:3000/api-docs","timestamp":"2025-12-28T16:39:19.156Z"}
{"context":"Mongoose","level":"info","message":"MongoDB connected","timestamp":"2025-12-28T16:39:35.197Z"}
{"context":"Bootstrap","level":"info","message":"Server running on http://localhost:3000 in development environment","timestamp":"2025-12-28T16:39:35.219Z"}
{"context":"Bootstrap","level":"info","message":"Swagger docs available at http://localhost:3000/api-docs","timestamp":"2025-12-28T16:39:35.220Z"}
{"context":"Mongoose","level":"info","message":"MongoDB connected","timestamp":"2025-12-28T16:40:37.203Z"}
{"context":"Bootstrap","level":"info","message":"Server running on http://localhost:3000 in development environment","timestamp":"2025-12-28T16:40:37.226Z"}
{"context":"Bootstrap","level":"info","message":"Swagger docs available at http://localhost:3000/api-docs","timestamp":"2025-12-28T16:40:37.227Z"}
{"context":"Mongoose","level":"info","message":"MongoDB connected","timestamp":"2025-12-28T16:40:53.608Z"}
{"context":"Bootstrap","level":"info","message":"Server running on http://localhost:3000 in development environment","timestamp":"2025-12-28T16:40:53.627Z"}
{"context":"Bootstrap","level":"info","message":"Swagger docs available at http://localhost:3000/api-docs","timestamp":"2025-12-28T16:40:53.633Z"}
{"context":"Mongoose","level":"info","message":"MongoDB connected","timestamp":"2025-12-28T16:41:40.586Z"}
{"context":"Bootstrap","level":"info","message":"Server running on http://localhost:3000 in development environment","timestamp":"2025-12-28T16:41:40.609Z"}
{"context":"Bootstrap","level":"info","message":"Swagger docs available at http://localhost:3000/api-docs","timestamp":"2025-12-28T16:41:40.610Z"}
{"context":"Mongoose","level":"info","message":"MongoDB connected","timestamp":"2025-12-28T16:43:19.207Z"}
{"context":"Bootstrap","level":"info","message":"Server running on http://localhost:3000 in development environment","timestamp":"2025-12-28T16:43:19.227Z"}
{"context":"Bootstrap","level":"info","message":"Swagger docs available at http://localhost:3000/api-docs","timestamp":"2025-12-28T16:43:19.228Z"}
{"context":"Mongoose","level":"info","message":"MongoDB connected","timestamp":"2025-12-28T16:44:41.655Z"}
{"context":"Bootstrap","level":"info","message":"Server running on http://localhost:3000 in development environment","timestamp":"2025-12-28T16:44:41.699Z"}
{"context":"Bootstrap","level":"info","message":"Swagger docs available at http://localhost:3000/api-docs","timestamp":"2025-12-28T16:44:41.711Z"}
{"context":"Mongoose","level":"info","message":"MongoDB connected","timestamp":"2025-12-28T16:52:20.346Z"}
{"context":"Bootstrap","level":"info","message":"Server running on http://localhost:3000 in development environment","timestamp":"2025-12-28T16:52:20.371Z"}
{"context":"Bootstrap","level":"info","message":"Swagger docs available at http://localhost:3000/api-docs","timestamp":"2025-12-28T16:52:20.372Z"}
{"context":"Mongoose","level":"info","message":"MongoDB connected","timestamp":"2025-12-28T16:53:24.058Z"}
{"context":"Bootstrap","level":"info","message":"Server running on http://localhost:3000 in development environment","timestamp":"2025-12-28T16:53:24.096Z"}
{"context":"Bootstrap","level":"info","message":"Swagger docs available at http://localhost:3000/api-docs","timestamp":"2025-12-28T16:53:24.097Z"}
{"context":"Mongoose","level":"info","message":"MongoDB connected","timestamp":"2025-12-28T16:54:48.380Z"}
{"context":"Bootstrap","level":"info","message":"Server running on http://localhost:3000 in development environment","timestamp":"2025-12-28T16:54:48.412Z"}
{"context":"Bootstrap","level":"info","message":"Swagger docs available at http://localhost:3000/api-docs","timestamp":"2025-12-28T16:54:48.423Z"}
{"context":"Mongoose","level":"info","message":"MongoDB connected","timestamp":"2025-12-28T16:55:27.810Z"}
{"context":"Bootstrap","level":"info","message":"Server running on http://localhost:3000 in development environment","timestamp":"2025-12-28T16:55:27.867Z"}
{"context":"Bootstrap","level":"info","message":"Swagger docs available at http://localhost:3000/api-docs","timestamp":"2025-12-28T16:55:27.869Z"}
{"context":"Mongoose","level":"info","message":"MongoDB connected","timestamp":"2025-12-28T16:55:46.421Z"}
{"context":"Bootstrap","level":"info","message":"Server running on http://localhost:3000 in development environment","timestamp":"2025-12-28T16:55:46.444Z"}
{"context":"Bootstrap","level":"info","message":"Swagger docs available at http://localhost:3000/api-docs","timestamp":"2025-12-28T16:55:46.445Z"}
{"context":"Mongoose","level":"info","message":"MongoDB connected","timestamp":"2025-12-28T16:56:09.393Z"}
{"context":"Bootstrap","level":"info","message":"Server running on http://localhost:3000 in development environment","timestamp":"2025-12-28T16:56:09.418Z"}
{"context":"Bootstrap","level":"info","message":"Swagger docs available at http://localhost:3000/api-docs","timestamp":"2025-12-28T16:56:09.421Z"}
{"context":"Mongoose","level":"info","message":"MongoDB connected","timestamp":"2025-12-28T16:56:27.505Z"}
{"context":"Bootstrap","level":"info","message":"Server running on http://localhost:3000 in development environment","timestamp":"2025-12-28T16:56:27.529Z"}
{"context":"Bootstrap","level":"info","message":"Swagger docs available at http://localhost:3000/api-docs","timestamp":"2025-12-28T16:56:27.530Z"}
{"context":"Mongoose","level":"info","message":"MongoDB connected","timestamp":"2025-12-28T16:59:30.645Z"}
{"context":"Bootstrap","level":"info","message":"Server running on http://localhost:3000 in development environment","timestamp":"2025-12-28T16:59:30.669Z"}
{"context":"Bootstrap","level":"info","message":"Swagger docs available at http://localhost:3000/api-docs","timestamp":"2025-12-28T16:59:30.670Z"}
{"context":"Mongoose","level":"info","message":"MongoDB connected","timestamp":"2025-12-28T17:01:00.409Z"}
{"context":"Bootstrap","level":"info","message":"Server running on http://localhost:3000 in development environment","timestamp":"2025-12-28T17:01:00.431Z"}
{"context":"Bootstrap","level":"info","message":"Swagger docs available at http://localhost:3000/api-docs","timestamp":"2025-12-28T17:01:00.432Z"}
{"context":"Mongoose","level":"info","message":"MongoDB connected","timestamp":"2025-12-28T17:01:33.897Z"}
{"context":"Bootstrap","level":"info","message":"Server running on http://localhost:3000 in development environment","timestamp":"2025-12-28T17:01:33.923Z"}
{"context":"Bootstrap","level":"info","message":"Swagger docs available at http://localhost:3000/api-docs","timestamp":"2025-12-28T17:01:33.924Z"}
{"context":"Mongoose","level":"info","message":"MongoDB connected","timestamp":"2025-12-28T17:03:00.500Z"}
{"context":"Bootstrap","level":"info","message":"Server running on http://localhost:3000 in development environment","timestamp":"2025-12-28T17:03:00.528Z"}
{"context":"Bootstrap","level":"info","message":"Swagger docs available at http://localhost:3000/api-docs","timestamp":"2025-12-28T17:03:00.529Z"}
{"context":"Mongoose","level":"info","message":"MongoDB connected","timestamp":"2025-12-28T17:07:12.631Z"}
{"context":"Bootstrap","level":"info","message":"Server running on http://localhost:3000 in development environment","timestamp":"2025-12-28T17:07:12.662Z"}
{"context":"Bootstrap","level":"info","message":"Swagger docs available at http://localhost:3000/api-docs","timestamp":"2025-12-28T17:07:12.663Z"}
{"context":"Mongoose","level":"info","message":"MongoDB connected","timestamp":"2025-12-28T17:11:04.559Z"}
{"context":"Bootstrap","level":"info","message":"Server running on http://localhost:3000 in development environment","timestamp":"2025-12-28T17:11:04.581Z"}
{"context":"Bootstrap","level":"info","message":"Swagger docs available at http://localhost:3000/api-docs","timestamp":"2025-12-28T17:11:04.582Z"}
{"context":"CollectorsService","level":"info","message":"Registering collector","timestamp":"2025-12-28T17:14:27.650Z"}
{"context":"EmailService","level":"info","message":"Email sent to debacodes@gmail.com","timestamp":"2025-12-28T17:14:57.442Z"}
{"context":"AuthController","level":"error","message":"OTP not verified","timestamp":"2025-12-28T17:15:47.820Z"}
{"context":"Mongoose","level":"info","message":"MongoDB connected","timestamp":"2025-12-28T17:21:25.224Z"}
{"context":"Bootstrap","level":"info","message":"Server running on http://localhost:3000 in development environment","timestamp":"2025-12-28T17:21:25.271Z"}
{"context":"Bootstrap","level":"info","message":"Swagger docs available at http://localhost:3000/api-docs","timestamp":"2025-12-28T17:21:25.272Z"}
{"context":"AuthController","level":"error","message":"OTP not verified","timestamp":"2025-12-28T17:21:31.005Z"}
{"context":"Mongoose","level":"info","message":"MongoDB connected","timestamp":"2025-12-28T17:22:32.800Z"}
{"context":"Bootstrap","level":"info","message":"Server running on http://localhost:3000 in development environment","timestamp":"2025-12-28T17:22:32.836Z"}
{"context":"Bootstrap","level":"info","message":"Swagger docs available at http://localhost:3000/api-docs","timestamp":"2025-12-28T17:22:32.837Z"}
{"context":"AuthController","level":"error","message":"OTP not verified","timestamp":"2025-12-28T17:22:41.812Z"}
{"context":"Mongoose","level":"info","message":"MongoDB connected","timestamp":"2025-12-28T17:25:16.675Z"}
{"context":"Bootstrap","level":"info","message":"Server running on http://localhost:3000 in development environment","timestamp":"2025-12-28T17:25:16.720Z"}
{"context":"Bootstrap","level":"info","message":"Swagger docs available at http://localhost:3000/api-docs","timestamp":"2025-12-28T17:25:16.722Z"}
{"context":"Mongoose","level":"info","message":"MongoDB connected","timestamp":"2025-12-28T17:30:24.628Z"}
{"context":"Bootstrap","level":"info","message":"Server running on http://localhost:3000 in development environment","timestamp":"2025-12-28T17:30:24.649Z"}
{"context":"Bootstrap","level":"info","message":"Swagger docs available at http://localhost:3000/api-docs","timestamp":"2025-12-28T17:30:24.650Z"}
{"context":"Mongoose","level":"info","message":"MongoDB connected","timestamp":"2025-12-28T17:30:39.893Z"}
{"context":"Bootstrap","level":"info","message":"Server running on http://localhost:3000 in development environment","timestamp":"2025-12-28T17:30:39.927Z"}
{"context":"Bootstrap","level":"info","message":"Swagger docs available at http://localhost:3000/api-docs","timestamp":"2025-12-28T17:30:39.928Z"}
{"context":"AuthController","level":"error","message":"User not found","timestamp":"2025-12-28T17:30:48.337Z"}
{"context":"Mongoose","level":"info","message":"MongoDB connected","timestamp":"2025-12-28T17:32:09.405Z"}
{"context":"Bootstrap","level":"info","message":"Server running on http://localhost:3000 in development environment","timestamp":"2025-12-28T17:32:09.425Z"}
{"context":"Bootstrap","level":"info","message":"Swagger docs available at http://localhost:3000/api-docs","timestamp":"2025-12-28T17:32:09.426Z"}
{"context":"Mongoose","level":"info","message":"MongoDB connected","timestamp":"2025-12-28T17:32:19.514Z"}
{"context":"Bootstrap","level":"info","message":"Server running on http://localhost:3000 in development environment","timestamp":"2025-12-28T17:32:19.536Z"}
{"context":"Bootstrap","level":"info","message":"Swagger docs available at http://localhost:3000/api-docs","timestamp":"2025-12-28T17:32:19.541Z"}
